
	CREATE TABLE STUDENT(
	id int primary key,
	Name varchar(25) not null,
	Gender varchar(10) not null,
	Class varchar(10) not null,
	Section varchar(10) not null,
	Maths int not null,
	Science int not null,
	english int not null
	);

	INSERT INTO STUDENT VALUES
	(1,"Olivia","F",9,"C",34,48,46),
	(2,"Liam","M",8,"D",53,44,68),
	(3,"Noah","M",7,"D",20,6,66),
	(4,"Oliver","M",5,"D",19,24,16),
	(5,"Emma","F",7,"C",76,84,79),
	(6,"Charlotte","F",11,"B",35,13,83),
	(7,"Elijah","M",6,"D",26,56,18),
	(8,"James","M",7,"B",58,20,66),
	(9,"Elizabeth","F",2,"B",26,98,26),
	(10,"Eleanor","F",12,"D",14,43,25),
	(11,"Ella","F",5,"D",9,14,27),
	(12,"William","M",11,"C",53,56,28),
	(13,"Harper","F",1,"D",20,100,4),
	(14,"Luna","F",7,"A",64,33,82),
	(15,"Camila","F",6,"D",91,39,27),
	(16,"Gianna","F",4,"C",28,80,14),
	(17,"Benjamin","M",6,"A",82,11,2),
	(18,"Lucas","M",10,"B",43,12,36),
	(19,"Henry","M",3,"C",32,85,39),
	(20,"Abigail","F",8,"B",80,46,31),
	(21,"Sofia","F",9,"C",40,70,3),
	(22,"Avery","F",2,"A",38,22,15),
	(23,"Scarlett","F",6,"B",17,19,55),
	(24,"Emily","F",3,"C",53,3,38),
	(25,"Aria","F",5,"C",8,49,17),
	(26,"Theodore","M",12,"A",0,0,74),
	(27,"Jack","M",8,"D",89,46,7),
	(28,"Levi","M",7,"B",71,24,97),
	(29,"Alexander","M",6,"C",81,79,53),
	(30,"Nora","F",12,"C",81,81,88),
	(31,"Hazel","F",7,"C",39,97,34),
	(32,"Madison","F",7,"D",81,24,4),
	(33,"Ellie","F",9,"D",43,67,53),
	(34,"Lily","F",4,"B",53,21,63),
	(35,"Jacob","M",2,"B",65,85,1),
	(36,"Asher","M",10,"D",19,91,91),
	(37,"Aiden","M",2,"B",89,47,3),
	(38,"Violet","F",4,"D",33,24,75),
	(39,"Aurora","F",3,"A",6,90,46),
	(40,"Joseph","M",4,"B",37,20,3),
	(41,"Wyatt","M",8,"A",97,24,42),
	(42,"David","M",9,"D",93,99,65),
	(43,"Emilia","F",9,"B",87,91,71),
	(44,"Stella","F",10,"B",17,55,26),
	(45,"Zoe","F",4,"A",61,70,33),
	(46,"Victoria","F",5,"A",90,47,29),
	(47,"Hannah","F",7,"D",77,96,90),
	(48,"Dylan","M",10,"C",0,56,41),
	(49,"Lincoln","M",4,"D",62,95,11),
	(50,"Thomas","M",10,"C",8,79,22),
	(51,"Maverick","M",3,"A",94,71,35),
	(52,"Ivy","F",5,"B",87,78,58),
	(53,"Everly","F",11,"B",64,64,35),
	(54,"Lillian","F",5,"B",62,29,29),
	(55,"Paisley","F",12,"A",0,7,100),
	(56,"Elena","F",10,"C",55,40,48),
	(57,"Naomi","F",5,"B",31,20,56),
	(58,"Isaiah","M",1,"B",25,14,40),
	(59,"Andrew","M",5,"B",46,40,70),
	(60,"Joshua","M",7,"D",38,33,1),
	(61,"Nathan","M",1,"D",60,53,5),
	(62,"Nolan","M",11,"A",27,79,83),
	(63,"Adrian","M",12,"A",77,96,86),
	(64,"Aaliyah","F",9,"A",58,40,55),
	(65,"Ruby","F",12,"A",21,97,79),
	(66,"Brooklyn","F",3,"D",87,13,72),
	(67,"Alice","F",11,"C",7,62,95),
	(68,"Cameron","M",8,"D",14,81,13),
	(69,"Santiago","M",11,"C",100,90,63),
	(70,"Eli","M",3,"A",38,93,24),
	(71,"Aaron","M",9,"C",99,7,7),
	(72,"Ryan","M",11,"A",74,67,35),
	(73,"Angel","M",2,"B",17,81,9),
	(74,"Madelyn","F",8,"A",100,3,96),
	(75,"Josephine","F",8,"A",46,98,41),
	(76,"Bella","F",1,"A",84,74,0),
	(77,"Skylar","F",11,"B",87,33,81),
	(78,"Cooper","M",8,"B",33,61,75),
	(79,"Waylon","M",11,"B",25,89,7),
	(80,"Easton","M",9,"D",92,25,20),
	(81,"Kai","M",1,"A",33,37,37),
	(82,"Natalia","F",1,"B",27,50,43),
	(83,"Quinn","F",6,"D",44,12,11),
	(84,"Caroline","F",8,"D",39,88,76),
	(85,"Allson","F",3,"D",16,64,29),
	(86,"Gabriella","F",2,"C",85,99,87),
	(87,"Christian","M",4,"A",52,17,72),
	(88,"Landon","M",10,"A",63,45,82),
	(89,"Colton","M",3,"D",87,90,43),
	(90,"Roman","M",6,"B",34,22,97),
	(91,"Ariana","F",2,"C",20,33,42),
	(92,"Emery","F",1,"A",61,69,36),
	(93,"Lydia","F",7,"A",20,59,31),
	(94,"Axel","M",4,"A",88,39,74),
	(95,"Brooks","M",9,"C",36,41,8),
	(96,"Eva","F",5,"C",83,93,49),
	(97,"Adeline","F",2,"C",11,17,46),
	(98,"Jose","M",8,"A",39,37,17),
	(99,"Bennett","M",10,"A",81,72,82),
	(100,"Silas","M",2,"D",72,28,89),
	(101,"Nicholas","M",3,"B",38,79,17),
	(102,"Parker","M",2,"A",70,41,94),
	(103,"Beau","M",9,"B",63,52,51),
	(104,"Vivian","F",11,"D",79,82,8),
	(105,"Clara","F",3,"A",71,59,33),
	(106,"Weston","M",8,"B",80,80,27),
	(107,"Austin","M",7,"A",84,82,52),
	(108,"Connor","M",5,"C",22,72,66),
	(109,"Maria","F",5,"B",15,68,92),
	(110,"Iris","F",9,"B",9,58,41),
	(111,"Ayla","F",7,"B",18,25,87),
	(112,"Carson","M",4,"D",97,38,50),
	(113,"Dominic","M",3,"A",87,41,37),
	(114,"Xavier","M",12,"C",33,100,57),
	(115,"Jaxson","M",2,"C",93,3,5),
	(116,"Melody","F",8,"B",84,35,47),
	(117,"Julia","F",12,"D",89,16,74),
	(118,"Jonathan","M",5,"D",98,63,23),
	(119,"Robert","M",10,"A",85,24,73),
	(120,"Jameson","M",2,"C",97,47,60),
	(121,"Ian","M",11,"A",42,93,14),
	(122,"Everett","M",11,"C",65,44,5),
	(123,"Arya","F",3,"D",28,51,95),
	(124,"Eden","F",10,"A",64,38,86),
	(125,"Remi","F",7,"C",62,80,32),
	(126,"Vincent","M",11,"B",38,89,34),
	(127,"Legend","M",3,"B",32,22,18),
	(128,"Myles","M",4,"B",81,66,97),
	(129,"Harrison","M",9,"C",67,86,90),
	(130,"Charlie","F",2,"D",5,94,9),
	(131,"Alaia","F",8,"B",24,41,44),
	(132,"Melanie","F",12,"A",59,57,36),
	(133,"Walker","M",11,"B",45,6,87),
	(134,"Jason","M",9,"C",35,8,78),
	(135,"Brayden","M",11,"B",7,62,44),
	(136,"Cole","M",12,"D",5,41,2),
	(137,"Nathaniel","M",1,"A",81,20,40),
	(138,"Alina","F",6,"C",37,15,51),
	(139,"Lucia","F",3,"C",11,79,62),
	(140,"Ximena","F",5,"D",33,3,37),
	(141,"George","M",9,"B",48,46,17),
	(142,"Lorenzo","M",12,"C",52,45,18),
	(143,"Zion","M",4,"C",53,64,75),
	(144,"Luis","M",11,"A",37,8,64),
	(145,"Adalyn","F",5,"D",42,99,25),
	(146,"Archer","M",4,"C",40,4,94),
	(147,"Enzo","M",8,"D",95,28,95),
	(148,"Jonah","M",4,"C",27,64,23),
	(149,"Isabel","F",10,"B",22,8,87),
	(150,"Reese","F",6,"D",54,13,66),
	(151,"Emersyn","F",12,"C",96,12,29),
	(152,"Thiago","M",1,"A",92,39,87),
	(153,"Theo","M",11,"A",18,93,39),
	(154,"River","F",5,"B",17,14,38),
	(155,"Ayden","M",12,"D",21,78,60),
	(156,"Zachary","M",1,"D",62,44,17),
	(157,"Calvin","M",8,"D",77,67,88),
	(158,"Braxton","M",6,"D",25,44,21),
	(159,"Esther","F",12,"B",94,0,94),
	(160,"Valeria","F",3,"B",8,17,17),
	(161,"Ashton","M",4,"A",12,79,87),
	(162,"Rhett","M",11,"D",56,54,23),
	(163,"Atlas","M",2,"B",100,25,13),
	(164,"Jude","M",4,"C",54,2,6),
	(165,"Bailey","F",10,"B",29,39,69),
	(166,"Ember","F",6,"D",1,8,87),
	(167,"Bentley","M",1,"A",63,54,42),
	(168,"Carlos","M",7,"D",72,18,100),
	(169,"Ryker","M",4,"A",16,14,62),
	(170,"Adriel","M",7,"C",91,20,1),
	(171,"Alexandra","F",2,"B",7,79,21),
	(172,"Faith","F",7,"D",27,58,89),
	(173,"Arthur","M",12,"B",66,57,96),
	(174,"Ace","M",12,"B",72,42,100),
	(175,"Tyler","M",7,"D",13,99,75),
	(176,"Jayce","M",10,"C",56,11,42),
	(177,"Millie","F",11,"B",53,62,75),
	(178,"June","F",7,"C",88,62,3),
	(179,"Kaiden","M",2,"B",8,22,50),
	(180,"Maxwell","M",11,"B",78,11,21),
	(181,"Juan","M",6,"A",20,71,3),
	(182,"Dean","M",11,"A",0,40,40),
	(183,"Ada","F",6,"D",80,54,3),
	(184,"Anastasia","F",9,"B",68,25,88),
	(185,"Olive","F",11,"D",62,71,99),
	(186,"Matteo","M",8,"B",59,49,8),
	(187,"Malachi","M",3,"A",48,68,86),
	(188,"Ivan","M",10,"A",19,96,3),
	(189,"Elliott","M",10,"A",47,71,31),
	(190,"Jesus","M",3,"D",22,96,90),
	(191,"Amy","F",7,"C",41,9,13),
	(192,"Ruth","F",11,"A",1,81,2),
	(193,"Aubree","F",2,"D",40,21,19),
	(194,"Max","M",7,"D",75,11,55),
	(195,"Elliot","M",12,"D",20,15,88),
	(196,"Graham","M",9,"A",93,71,91),
	(197,"Arabella","F",2,"A",40,5,9),
	(198,"Sara","F",10,"C",45,38,3),
	(199,"Journee","F",7,"D",100,43,38),
	(200,"Beckett","M",12,"D",82,98,35),
	(201,"Amari","M",8,"D",81,48,94),
	(202,"Karter","M",8,"D",93,1,25),
	(203,"Timothy","M",6,"C",51,11,86),
	(204,"Abraham","M",6,"D",44,70,73),
	(205,"Jesse","M",1,"D",3,64,64),
	(206,"Selena","F",5,"B",86,4,4),
	(207,"Oaklynn","F",5,"B",23,59,66),
	(208,"Morgan","F",3,"D",28,98,10),
	(209,"Zayden","M",9,"D",7,75,33),
	(210,"Blake","M",5,"D",59,88,68),
	(211,"Alejandro","M",3,"B",43,33,36),
	(212,"Dawson","M",3,"D",68,50,94),
	(213,"Juliana","F",5,"A",59,65,52),
	(214,"Finley","F",10,"C",16,91,25),
	(215,"Presley","F",1,"C",4,17,32),
	(216,"Tristan","M",1,"C",95,89,41),
	(217,"Victor","M",1,"B",94,68,36),
	(218,"Avery","M",4,"C",94,58,31),
	(219,"Joel","M",6,"B",14,3,85),
	(220,"Grant","M",5,"A",48,50,75),
	(221,"Eric","M",8,"B",78,48,75),
	(222,"London","F",8,"D",59,33,97),
	(223,"Kimberly","F",1,"A",0,99,49),
	(224,"Elsie","F",6,"A",55,14,27),
	(225,"Patrick","M",7,"B",51,51,36),
	(226,"Peter","M",11,"B",4,75,45),
	(227,"Richard","M",7,"A",81,72,20),
	(228,"Edward","M",10,"A",89,6,56),
	(229,"Andres","M",4,"A",94,22,35),
	(230,"Nyla","F",11,"A",70,84,58),
	(231,"Vera","F",5,"A",31,91,44),
	(232,"Hope","F",1,"A",87,24,77),
	(233,"Annie","F",2,"B",32,36,3),
	(234,"Kaia","F",4,"A",35,86,94),
	(235,"Myla","F",10,"C",18,23,21),
	(236,"Adonis","M",9,"C",9,17,40),
	(237,"Kyrie","M",7,"D",13,90,67),
	(238,"Matias","M",4,"A",1,15,0),
	(239,"Oscar","M",11,"C",86,32,29),
	(240,"Lukas","M",11,"B",70,14,66),
	(241,"Harlow","F",9,"A",60,31,98),
	(242,"Rachel","F",8,"A",11,35,100),
	(243,"Gracie","F",6,"C",9,41,27),
	(244,"Rowan","F",8,"D",89,42,78),
	(245,"Rafael","M",4,"B",70,59,20),
	(246,"Zane","M",5,"C",52,3,51),
	(247,"Jeremy","M",10,"C",46,85,15),
	(248,"Lilah","F",7,"D",58,7,51),
	(249,"Adelyn","F",6,"A",71,92,78),
	(250,"Phoebe","F",7,"B",46,30,2),
	(251,"Octavia","F",10,"A",72,84,96),
	(252,"Kash","M",6,"D",83,14,73),
	(253,"Preston","M",11,"B",41,32,68),
	(254,"Kyler","M",9,"A",15,39,43),
	(255,"Jax","M",4,"B",0,84,15),
	(256,"Jett","M",1,"B",30,32,8),
	(257,"Kaleb","M",1,"B",23,61,9),
	(258,"Kayla","F",1,"A",58,43,72),
	(259,"Malia","F",12,"A",97,91,87),
	(260,"Elaina","F",6,"A",16,22,2),
	(261,"Saylor","F",5,"B",34,98,17),
	(262,"Brooke","F",9,"B",32,88,64),
	(263,"Riley","M",4,"C",41,58,13),
	(264,"Simon","M",12,"A",81,5,67),
	(265,"Phoenix","M",12,"C",25,22,4),
	(266,"Adelaide","F",9,"D",74,43,74),
	(267,"Daniela","F",12,"A",69,49,89),
	(268,"Kenneth","M",3,"A",14,2,50),
	(269,"Nico","M",12,"A",2,27,79),
	(270,"Kaden","M",8,"D",38,3,56),
	(271,"Lane","M",9,"A",20,82,34),
	(272,"Delaney","F",9,"D",0,15,88),
	(273,"Dakota","F",4,"A",51,75,49),
	(274,"Mya","F",9,"D",34,45,29),
	(275,"Kairo","M",3,"B",64,26,70),
	(276,"Maximus","M",11,"C",14,10,72),
	(277,"Omar","M",11,"D",73,54,98),
	(278,"Finley","M",3,"C",53,83,84),
	(279,"Lucille","F",2,"C",58,38,95),
	(280,"Trinity","F",1,"B",38,22,67),
	(281,"Gia","F",10,"A",57,52,70),
	(282,"Tatum","F",11,"A",76,18,6),
	(283,"Atticus","M",6,"C",1,73,96),
	(284,"Crew","M",11,"C",92,79,27),
	(285,"Brantley","M",9,"B",60,37,5),
	(286,"Kali","F",4,"B",28,4,52),
	(287,"Stevie","F",11,"B",86,7,64),
	(288,"Maggie","F",4,"A",21,25,4),
	(289,"Colin","M",4,"B",1,88,92),
	(290,"Dallas","M",9,"A",56,77,20),
	(291,"Walter","M",3,"B",38,2,50),
	(292,"Brady","M",3,"C",36,1,94),
	(293,"Hayden","F",11,"C",1,91,88),
	(294,"Joanna","F",10,"C",6,17,95),
	(295,"Jocelyn","F",9,"B",91,74,32),
	(296,"Bryan","M",4,"A",91,81,59),
	(297,"Aidan","M",3,"C",48,57,17),
	(298,"Cohen","M",10,"B",65,55,9),
	(299,"Brian","M",4,"A",75,1,27),
	(300,"Cayden","M",8,"A",61,45,99),
	(301,"Andre","M",6,"C",76,50,99),
	(302,"Leia","F",12,"A",76,65,95),
	(303,"Paige","F",8,"C",68,42,90),
	(304,"Niko","M",2,"B",58,55,41),
	(305,"Maximiliano","M",9,"D",81,39,66),
	(306,"Zander","M",4,"A",22,83,55),
	(307,"Khalil","M",6,"C",25,80,3),
	(308,"Rory","M",3,"A",96,67,82),
	(309,"Harley","F",12,"A",78,20,18),
	(310,"Lia","F",2,"A",78,3,10),
	(311,"Phoenix","F",2,"B",83,93,91),
	(312,"Francisco","M",4,"B",11,3,58),
	(313,"Cruz","M",9,"B",59,18,88),
	(314,"Kobe","M",10,"D",40,96,73),
	(315,"Thea","F",2,"C",50,49,28),
	(316,"Jayla","F",11,"C",6,89,81),
	(317,"Reid","M",4,"A",30,95,52),
	(318,"Daxton","M",4,"D",92,54,61),
	(319,"Vivienne","F",8,"B",78,94,13),
	(320,"Hallie","F",8,"D",44,41,74),
	(321,"Madilyn","F",6,"D",17,16,88),
	(322,"Orion","M",6,"A",52,88,71),
	(323,"Spencer","M",8,"D",55,4,79),
	(324,"Ophelia","F",3,"D",1,15,49),
	(325,"Celeste","F",5,"C",94,94,70),
	(326,"Alayah","F",5,"D",54,98,4),
	(327,"Colson","M",8,"D",80,5,51),
	(328,"Cairo","M",7,"B",42,61,57),
	(329,"Gunner","M",5,"B",81,32,72),
	(330,"Nina","F",4,"A",6,17,16),
	(331,"Briella","F",12,"A",79,90,7),
	(332,"Wade","M",7,"A",68,85,70),
	(333,"Chance","M",5,"A",70,58,6),
	(334,"Odin","M",2,"A",81,17,8),
	(335,"Anderson","M",11,"D",30,38,85),
	(336,"Amari","F",2,"C",52,57,13),
	(337,"Adriana","F",7,"D",95,81,84),
	(338,"Kane","M",5,"B",21,88,8),
	(339,"Raymond","M",2,"D",29,19,5),
	(340,"Cristian","M",1,"C",3,13,25),
	(341,"Kalani","F",8,"C",32,51,22),
	(342,"Aniyah","F",12,"A",25,97,8),
	(343,"Aziel","M",6,"A",70,17,54),
	(344,"Prince","M",7,"D",33,33,7),
	(345,"Ezequiel","M",5,"C",58,18,100),
	(346,"Jake","M",1,"C",32,33,66),
	(347,"Otto","M",2,"A",13,46,28),
	(348,"Amina","F",9,"A",45,72,70),
	(349,"Ariyah","F",1,"A",20,69,22),
	(350,"Adelynn","F",1,"A",2,37,44),
	(351,"Remington","F",4,"A",99,59,99),
	(352,"Reign","F",8,"C",85,87,97),
	(353,"Eduardo","M",8,"B",29,64,26),
	(354,"Rylan","M",5,"A",71,44,1),
	(355,"Ali","M",7,"A",22,36,60),
	(356,"Willa","F",12,"D",25,57,92),
	(357,"Avianna","F",12,"B",72,14,36),
	(358,"Makayla","F",9,"B",32,93,40),
	(359,"Gracelyn","F",1,"D",36,42,63),
	(360,"Elle","F",8,"A",67,50,96),
	(361,"Amiyah","F",5,"D",55,81,80),
	(362,"Arielle","F",11,"B",84,13,7),
	(363,"Elianna","F",1,"C",97,97,3),
	(364,"Giselle","F",7,"A",82,31,87);

	Enter password: *************
	Welcome to the MySQL monitor.  Commands end with ; or \g.
	Your MySQL connection id is 8
	Server version: 8.0.32 MySQL Community Server - GPL

	Copyright (c) 2000, 2023, Oracle and/or its affiliates.

	Oracle is a registered trademark of Oracle Corporation and/or its
	affiliates. Other names may be trademarks of their respective
	owners.

	Type 'help;' or '\h' for help. Type '\c' to clear the current input statement.

	mysql> use revision_practice;
	Database changed
	mysql> show tables;
	+-----------------------------+
	| Tables_in_revision_practice |
	+-----------------------------+
	| student_marks               |
	+-----------------------------+
	1 row in set (0.21 sec)

	mysql> select * from student_marks;
	+-----+-------------+--------+-------+---------+-------+---------+---------+
	| id  | name        | gender | class | section | maths | science | english |
	+-----+-------------+--------+-------+---------+-------+---------+---------+
	|   1 | Olivia      | F      | 9     | C       |    34 |      48 |      46 |
	|   2 | Liam        | M      | 8     | D       |    53 |      44 |      68 |
	|   3 | Noah        | M      | 7     | D       |    20 |       6 |      66 |
	|   4 | Oliver      | M      | 5     | D       |    19 |      24 |      16 |
	|   5 | Emma        | F      | 7     | C       |    76 |      84 |      79 |
	|   6 | Charlotte   | F      | 11    | B       |    35 |      13 |      83 |
	|   7 | Elijah      | M      | 6     | D       |    26 |      56 |      18 |
	|   8 | James       | M      | 7     | B       |    58 |      20 |      66 |
	|   9 | Elizabeth   | F      | 2     | B       |    26 |      98 |      26 |
	|  10 | Eleanor     | F      | 12    | D       |    14 |      43 |      25 |
	|  11 | Ella        | F      | 5     | D       |     9 |      14 |      27 |
	|  12 | William     | M      | 11    | C       |    53 |      56 |      28 |
	|  13 | Harper      | F      | 1     | D       |    20 |     100 |       4 |
	|  14 | Luna        | F      | 7     | A       |    64 |      33 |      82 |
	|  15 | Camila      | F      | 6     | D       |    91 |      39 |      27 |
	|  16 | Gianna      | F      | 4     | C       |    28 |      80 |      14 |
	|  17 | Benjamin    | M      | 6     | A       |    82 |      11 |       2 |
	|  18 | Lucas       | M      | 10    | B       |    43 |      12 |      36 |
	|  19 | Henry       | M      | 3     | C       |    32 |      85 |      39 |
	|  20 | Abigail     | F      | 8     | B       |    80 |      46 |      31 |
	|  21 | Sofia       | F      | 9     | C       |    40 |      70 |       3 |
	|  22 | Avery       | F      | 2     | A       |    38 |      22 |      15 |
	|  23 | Scarlett    | F      | 6     | B       |    17 |      19 |      55 |
	|  24 | Emily       | F      | 3     | C       |    53 |       3 |      38 |
	|  25 | Aria        | F      | 5     | C       |     8 |      49 |      17 |
	|  26 | Theodore    | M      | 12    | A       |     0 |       0 |      74 |
	|  27 | Jack        | M      | 8     | D       |    89 |      46 |       7 |
	|  28 | Levi        | M      | 7     | B       |    71 |      24 |      97 |
	|  29 | Alexander   | M      | 6     | C       |    81 |      79 |      53 |
	|  30 | Nora        | F      | 12    | C       |    81 |      81 |      88 |
	|  31 | Hazel       | F      | 7     | C       |    39 |      97 |      34 |
	|  32 | Madison     | F      | 7     | D       |    81 |      24 |       4 |
	|  33 | Ellie       | F      | 9     | D       |    43 |      67 |      53 |
	|  34 | Lily        | F      | 4     | B       |    53 |      21 |      63 |
	|  35 | Jacob       | M      | 2     | B       |    65 |      85 |       1 |
	|  36 | Asher       | M      | 10    | D       |    19 |      91 |      91 |
	|  37 | Aiden       | M      | 2     | B       |    89 |      47 |       3 |
	|  38 | Violet      | F      | 4     | D       |    33 |      24 |      75 |
	|  39 | Aurora      | F      | 3     | A       |     6 |      90 |      46 |
	|  40 | Joseph      | M      | 4     | B       |    37 |      20 |       3 |
	|  41 | Wyatt       | M      | 8     | A       |    97 |      24 |      42 |
	|  42 | David       | M      | 9     | D       |    93 |      99 |      65 |
	|  43 | Emilia      | F      | 9     | B       |    87 |      91 |      71 |
	|  44 | Stella      | F      | 10    | B       |    17 |      55 |      26 |
	|  45 | Zoe         | F      | 4     | A       |    61 |      70 |      33 |
	|  46 | Victoria    | F      | 5     | A       |    90 |      47 |      29 |
	|  47 | Hannah      | F      | 7     | D       |    77 |      96 |      90 |
	|  48 | Dylan       | M      | 10    | C       |     0 |      56 |      41 |
	|  49 | Lincoln     | M      | 4     | D       |    62 |      95 |      11 |
	|  50 | Thomas      | M      | 10    | C       |     8 |      79 |      22 |
	|  51 | Maverick    | M      | 3     | A       |    94 |      71 |      35 |
	|  52 | Ivy         | F      | 5     | B       |    87 |      78 |      58 |
	|  53 | Everly      | F      | 11    | B       |    64 |      64 |      35 |
	|  54 | Lillian     | F      | 5     | B       |    62 |      29 |      29 |
	|  55 | Paisley     | F      | 12    | A       |     0 |       7 |     100 |
	|  56 | Elena       | F      | 10    | C       |    55 |      40 |      48 |
	|  57 | Naomi       | F      | 5     | B       |    31 |      20 |      56 |
	|  58 | Isaiah      | M      | 1     | B       |    25 |      14 |      40 |
	|  59 | Andrew      | M      | 5     | B       |    46 |      40 |      70 |
	|  60 | Joshua      | M      | 7     | D       |    38 |      33 |       1 |
	|  61 | Nathan      | M      | 1     | D       |    60 |      53 |       5 |
	|  62 | Nolan       | M      | 11    | A       |    27 |      79 |      83 |
	|  63 | Adrian      | M      | 12    | A       |    77 |      96 |      86 |
	|  64 | Aaliyah     | F      | 9     | A       |    58 |      40 |      55 |
	|  65 | Ruby        | F      | 12    | A       |    21 |      97 |      79 |
	|  66 | Brooklyn    | F      | 3     | D       |    87 |      13 |      72 |
	|  67 | Alice       | F      | 11    | C       |     7 |      62 |      95 |
	|  68 | Cameron     | M      | 8     | D       |    14 |      81 |      13 |
	|  69 | Santiago    | M      | 11    | C       |   100 |      90 |      63 |
	|  70 | Eli         | M      | 3     | A       |    38 |      93 |      24 |
	|  71 | Aaron       | M      | 9     | C       |    99 |       7 |       7 |
	|  72 | Ryan        | M      | 11    | A       |    74 |      67 |      35 |
	|  73 | Angel       | M      | 2     | B       |    17 |      81 |       9 |
	|  74 | Madelyn     | F      | 8     | A       |   100 |       3 |      96 |
	|  75 | Josephine   | F      | 8     | A       |    46 |      98 |      41 |
	|  76 | Bella       | F      | 1     | A       |    84 |      74 |       0 |
	|  77 | Skylar      | F      | 11    | B       |    87 |      33 |      81 |
	|  78 | Cooper      | M      | 8     | B       |    33 |      61 |      75 |
	|  79 | Waylon      | M      | 11    | B       |    25 |      89 |       7 |
	|  80 | Easton      | M      | 9     | D       |    92 |      25 |      20 |
	|  81 | Kai         | M      | 1     | A       |    33 |      37 |      37 |
	|  82 | Natalia     | F      | 1     | B       |    27 |      50 |      43 |
	|  83 | Quinn       | F      | 6     | D       |    44 |      12 |      11 |
	|  84 | Caroline    | F      | 8     | D       |    39 |      88 |      76 |
	|  85 | Allson      | F      | 3     | D       |    16 |      64 |      29 |
	|  86 | Gabriella   | F      | 2     | C       |    85 |      99 |      87 |
	|  87 | Christian   | M      | 4     | A       |    52 |      17 |      72 |
	|  88 | Landon      | M      | 10    | A       |    63 |      45 |      82 |
	|  89 | Colton      | M      | 3     | D       |    87 |      90 |      43 |
	|  90 | Roman       | M      | 6     | B       |    34 |      22 |      97 |
	|  91 | Ariana      | F      | 2     | C       |    20 |      33 |      42 |
	|  92 | Emery       | F      | 1     | A       |    61 |      69 |      36 |
	|  93 | Lydia       | F      | 7     | A       |    20 |      59 |      31 |
	|  94 | Axel        | M      | 4     | A       |    88 |      39 |      74 |
	|  95 | Brooks      | M      | 9     | C       |    36 |      41 |       8 |
	|  96 | Eva         | F      | 5     | C       |    83 |      93 |      49 |
	|  97 | Adeline     | F      | 2     | C       |    11 |      17 |      46 |
	|  98 | Jose        | M      | 8     | A       |    39 |      37 |      17 |
	|  99 | Bennett     | M      | 10    | A       |    81 |      72 |      82 |
	| 100 | Silas       | M      | 2     | D       |    72 |      28 |      89 |
	| 101 | Nicholas    | M      | 3     | B       |    38 |      79 |      17 |
	| 102 | Parker      | M      | 2     | A       |    70 |      41 |      94 |
	| 103 | Beau        | M      | 9     | B       |    63 |      52 |      51 |
	| 104 | Vivian      | F      | 11    | D       |    79 |      82 |       8 |
	| 105 | Clara       | F      | 3     | A       |    71 |      59 |      33 |
	| 106 | Weston      | M      | 8     | B       |    80 |      80 |      27 |
	| 107 | Austin      | M      | 7     | A       |    84 |      82 |      52 |
	| 108 | Connor      | M      | 5     | C       |    22 |      72 |      66 |
	| 109 | Maria       | F      | 5     | B       |    15 |      68 |      92 |
	| 110 | Iris        | F      | 9     | B       |     9 |      58 |      41 |
	| 111 | Ayla        | F      | 7     | B       |    18 |      25 |      87 |
	| 112 | Carson      | M      | 4     | D       |    97 |      38 |      50 |
	| 113 | Dominic     | M      | 3     | A       |    87 |      41 |      37 |
	| 114 | Xavier      | M      | 12    | C       |    33 |     100 |      57 |
	| 115 | Jaxson      | M      | 2     | C       |    93 |       3 |       5 |
	| 116 | Melody      | F      | 8     | B       |    84 |      35 |      47 |
	| 117 | Julia       | F      | 12    | D       |    89 |      16 |      74 |
	| 118 | Jonathan    | M      | 5     | D       |    98 |      63 |      23 |
	| 119 | Robert      | M      | 10    | A       |    85 |      24 |      73 |
	| 120 | Jameson     | M      | 2     | C       |    97 |      47 |      60 |
	| 121 | Ian         | M      | 11    | A       |    42 |      93 |      14 |
	| 122 | Everett     | M      | 11    | C       |    65 |      44 |       5 |
	| 123 | Arya        | F      | 3     | D       |    28 |      51 |      95 |
	| 124 | Eden        | F      | 10    | A       |    64 |      38 |      86 |
	| 125 | Remi        | F      | 7     | C       |    62 |      80 |      32 |
	| 126 | Vincent     | M      | 11    | B       |    38 |      89 |      34 |
	| 127 | Legend      | M      | 3     | B       |    32 |      22 |      18 |
	| 128 | Myles       | M      | 4     | B       |    81 |      66 |      97 |
	| 129 | Harrison    | M      | 9     | C       |    67 |      86 |      90 |
	| 130 | Charlie     | F      | 2     | D       |     5 |      94 |       9 |
	| 131 | Alaia       | F      | 8     | B       |    24 |      41 |      44 |
	| 132 | Melanie     | F      | 12    | A       |    59 |      57 |      36 |
	| 133 | Walker      | M      | 11    | B       |    45 |       6 |      87 |
	| 134 | Jason       | M      | 9     | C       |    35 |       8 |      78 |
	| 135 | Brayden     | M      | 11    | B       |     7 |      62 |      44 |
	| 136 | Cole        | M      | 12    | D       |     5 |      41 |       2 |
	| 137 | Nathaniel   | M      | 1     | A       |    81 |      20 |      40 |
	| 138 | Alina       | F      | 6     | C       |    37 |      15 |      51 |
	| 139 | Lucia       | F      | 3     | C       |    11 |      79 |      62 |
	| 140 | Ximena      | F      | 5     | D       |    33 |       3 |      37 |
	| 141 | George      | M      | 9     | B       |    48 |      46 |      17 |
	| 142 | Lorenzo     | M      | 12    | C       |    52 |      45 |      18 |
	| 143 | Zion        | M      | 4     | C       |    53 |      64 |      75 |
	| 144 | Luis        | M      | 11    | A       |    37 |       8 |      64 |
	| 145 | Adalyn      | F      | 5     | D       |    42 |      99 |      25 |
	| 146 | Archer      | M      | 4     | C       |    40 |       4 |      94 |
	| 147 | Enzo        | M      | 8     | D       |    95 |      28 |      95 |
	| 148 | Jonah       | M      | 4     | C       |    27 |      64 |      23 |
	| 149 | Isabel      | F      | 10    | B       |    22 |       8 |      87 |
	| 150 | Reese       | F      | 6     | D       |    54 |      13 |      66 |
	| 151 | Emersyn     | F      | 12    | C       |    96 |      12 |      29 |
	| 152 | Thiago      | M      | 1     | A       |    92 |      39 |      87 |
	| 153 | Theo        | M      | 11    | A       |    18 |      93 |      39 |
	| 154 | River       | F      | 5     | B       |    17 |      14 |      38 |
	| 155 | Ayden       | M      | 12    | D       |    21 |      78 |      60 |
	| 156 | Zachary     | M      | 1     | D       |    62 |      44 |      17 |
	| 157 | Calvin      | M      | 8     | D       |    77 |      67 |      88 |
	| 158 | Braxton     | M      | 6     | D       |    25 |      44 |      21 |
	| 159 | Esther      | F      | 12    | B       |    94 |       0 |      94 |
	| 160 | Valeria     | F      | 3     | B       |     8 |      17 |      17 |
	| 161 | Ashton      | M      | 4     | A       |    12 |      79 |      87 |
	| 162 | Rhett       | M      | 11    | D       |    56 |      54 |      23 |
	| 163 | Atlas       | M      | 2     | B       |   100 |      25 |      13 |
	| 164 | Jude        | M      | 4     | C       |    54 |       2 |       6 |
	| 165 | Bailey      | F      | 10    | B       |    29 |      39 |      69 |
	| 166 | Ember       | F      | 6     | D       |     1 |       8 |      87 |
	| 167 | Bentley     | M      | 1     | A       |    63 |      54 |      42 |
	| 168 | Carlos      | M      | 7     | D       |    72 |      18 |     100 |
	| 169 | Ryker       | M      | 4     | A       |    16 |      14 |      62 |
	| 170 | Adriel      | M      | 7     | C       |    91 |      20 |       1 |
	| 171 | Alexandra   | F      | 2     | B       |     7 |      79 |      21 |
	| 172 | Faith       | F      | 7     | D       |    27 |      58 |      89 |
	| 173 | Arthur      | M      | 12    | B       |    66 |      57 |      96 |
	| 174 | Ace         | M      | 12    | B       |    72 |      42 |     100 |
	| 175 | Tyler       | M      | 7     | D       |    13 |      99 |      75 |
	| 176 | Jayce       | M      | 10    | C       |    56 |      11 |      42 |
	| 177 | Millie      | F      | 11    | B       |    53 |      62 |      75 |
	| 178 | June        | F      | 7     | C       |    88 |      62 |       3 |
	| 179 | Kaiden      | M      | 2     | B       |     8 |      22 |      50 |
	| 180 | Maxwell     | M      | 11    | B       |    78 |      11 |      21 |
	| 181 | Juan        | M      | 6     | A       |    20 |      71 |       3 |
	| 182 | Dean        | M      | 11    | A       |     0 |      40 |      40 |
	| 183 | Ada         | F      | 6     | D       |    80 |      54 |       3 |
	| 184 | Anastasia   | F      | 9     | B       |    68 |      25 |      88 |
	| 185 | Olive       | F      | 11    | D       |    62 |      71 |      99 |
	| 186 | Matteo      | M      | 8     | B       |    59 |      49 |       8 |
	| 187 | Malachi     | M      | 3     | A       |    48 |      68 |      86 |
	| 188 | Ivan        | M      | 10    | A       |    19 |      96 |       3 |
	| 189 | Elliott     | M      | 10    | A       |    47 |      71 |      31 |
	| 190 | Jesus       | M      | 3     | D       |    22 |      96 |      90 |
	| 191 | Amy         | F      | 7     | C       |    41 |       9 |      13 |
	| 192 | Ruth        | F      | 11    | A       |     1 |      81 |       2 |
	| 193 | Aubree      | F      | 2     | D       |    40 |      21 |      19 |
	| 194 | Max         | M      | 7     | D       |    75 |      11 |      55 |
	| 195 | Elliot      | M      | 12    | D       |    20 |      15 |      88 |
	| 196 | Graham      | M      | 9     | A       |    93 |      71 |      91 |
	| 197 | Arabella    | F      | 2     | A       |    40 |       5 |       9 |
	| 198 | Sara        | F      | 10    | C       |    45 |      38 |       3 |
	| 199 | Journee     | F      | 7     | D       |   100 |      43 |      38 |
	| 200 | Beckett     | M      | 12    | D       |    82 |      98 |      35 |
	| 201 | Amari       | M      | 8     | D       |    81 |      48 |      94 |
	| 202 | Karter      | M      | 8     | D       |    93 |       1 |      25 |
	| 203 | Timothy     | M      | 6     | C       |    51 |      11 |      86 |
	| 204 | Abraham     | M      | 6     | D       |    44 |      70 |      73 |
	| 205 | Jesse       | M      | 1     | D       |     3 |      64 |      64 |
	| 206 | Selena      | F      | 5     | B       |    86 |       4 |       4 |
	| 207 | Oaklynn     | F      | 5     | B       |    23 |      59 |      66 |
	| 208 | Morgan      | F      | 3     | D       |    28 |      98 |      10 |
	| 209 | Zayden      | M      | 9     | D       |     7 |      75 |      33 |
	| 210 | Blake       | M      | 5     | D       |    59 |      88 |      68 |
	| 211 | Alejandro   | M      | 3     | B       |    43 |      33 |      36 |
	| 212 | Dawson      | M      | 3     | D       |    68 |      50 |      94 |
	| 213 | Juliana     | F      | 5     | A       |    59 |      65 |      52 |
	| 214 | Finley      | F      | 10    | C       |    16 |      91 |      25 |
	| 215 | Presley     | F      | 1     | C       |     4 |      17 |      32 |
	| 216 | Tristan     | M      | 1     | C       |    95 |      89 |      41 |
	| 217 | Victor      | M      | 1     | B       |    94 |      68 |      36 |
	| 218 | Avery       | M      | 4     | C       |    94 |      58 |      31 |
	| 219 | Joel        | M      | 6     | B       |    14 |       3 |      85 |
	| 220 | Grant       | M      | 5     | A       |    48 |      50 |      75 |
	| 221 | Eric        | M      | 8     | B       |    78 |      48 |      75 |
	| 222 | London      | F      | 8     | D       |    59 |      33 |      97 |
	| 223 | Kimberly    | F      | 1     | A       |     0 |      99 |      49 |
	| 224 | Elsie       | F      | 6     | A       |    55 |      14 |      27 |
	| 225 | Patrick     | M      | 7     | B       |    51 |      51 |      36 |
	| 226 | Peter       | M      | 11    | B       |     4 |      75 |      45 |
	| 227 | Richard     | M      | 7     | A       |    81 |      72 |      20 |
	| 228 | Edward      | M      | 10    | A       |    89 |       6 |      56 |
	| 229 | Andres      | M      | 4     | A       |    94 |      22 |      35 |
	| 230 | Nyla        | F      | 11    | A       |    70 |      84 |      58 |
	| 231 | Vera        | F      | 5     | A       |    31 |      91 |      44 |
	| 232 | Hope        | F      | 1     | A       |    87 |      24 |      77 |
	| 233 | Annie       | F      | 2     | B       |    32 |      36 |       3 |
	| 234 | Kaia        | F      | 4     | A       |    35 |      86 |      94 |
	| 235 | Myla        | F      | 10    | C       |    18 |      23 |      21 |
	| 236 | Adonis      | M      | 9     | C       |     9 |      17 |      40 |
	| 237 | Kyrie       | M      | 7     | D       |    13 |      90 |      67 |
	| 238 | Matias      | M      | 4     | A       |     1 |      15 |       0 |
	| 239 | Oscar       | M      | 11    | C       |    86 |      32 |      29 |
	| 240 | Lukas       | M      | 11    | B       |    70 |      14 |      66 |
	| 241 | Harlow      | F      | 9     | A       |    60 |      31 |      98 |
	| 242 | Rachel      | F      | 8     | A       |    11 |      35 |     100 |
	| 243 | Gracie      | F      | 6     | C       |     9 |      41 |      27 |
	| 244 | Rowan       | F      | 8     | D       |    89 |      42 |      78 |
	| 245 | Rafael      | M      | 4     | B       |    70 |      59 |      20 |
	| 246 | Zane        | M      | 5     | C       |    52 |       3 |      51 |
	| 247 | Jeremy      | M      | 10    | C       |    46 |      85 |      15 |
	| 248 | Lilah       | F      | 7     | D       |    58 |       7 |      51 |
	| 249 | Adelyn      | F      | 6     | A       |    71 |      92 |      78 |
	| 250 | Phoebe      | F      | 7     | B       |    46 |      30 |       2 |
	| 251 | Octavia     | F      | 10    | A       |    72 |      84 |      96 |
	| 252 | Kash        | M      | 6     | D       |    83 |      14 |      73 |
	| 253 | Preston     | M      | 11    | B       |    41 |      32 |      68 |
	| 254 | Kyler       | M      | 9     | A       |    15 |      39 |      43 |
	| 255 | Jax         | M      | 4     | B       |     0 |      84 |      15 |
	| 256 | Jett        | M      | 1     | B       |    30 |      32 |       8 |
	| 257 | Kaleb       | M      | 1     | B       |    23 |      61 |       9 |
	| 258 | Kayla       | F      | 1     | A       |    58 |      43 |      72 |
	| 259 | Malia       | F      | 12    | A       |    97 |      91 |      87 |
	| 260 | Elaina      | F      | 6     | A       |    16 |      22 |       2 |
	| 261 | Saylor      | F      | 5     | B       |    34 |      98 |      17 |
	| 262 | Brooke      | F      | 9     | B       |    32 |      88 |      64 |
	| 263 | Riley       | M      | 4     | C       |    41 |      58 |      13 |
	| 264 | Simon       | M      | 12    | A       |    81 |       5 |      67 |
	| 265 | Phoenix     | M      | 12    | C       |    25 |      22 |       4 |
	| 266 | Adelaide    | F      | 9     | D       |    74 |      43 |      74 |
	| 267 | Daniela     | F      | 12    | A       |    69 |      49 |      89 |
	| 268 | Kenneth     | M      | 3     | A       |    14 |       2 |      50 |
	| 269 | Nico        | M      | 12    | A       |     2 |      27 |      79 |
	| 270 | Kaden       | M      | 8     | D       |    38 |       3 |      56 |
	| 271 | Lane        | M      | 9     | A       |    20 |      82 |      34 |
	| 272 | Delaney     | F      | 9     | D       |     0 |      15 |      88 |
	| 273 | Dakota      | F      | 4     | A       |    51 |      75 |      49 |
	| 274 | Mya         | F      | 9     | D       |    34 |      45 |      29 |
	| 275 | Kairo       | M      | 3     | B       |    64 |      26 |      70 |
	| 276 | Maximus     | M      | 11    | C       |    14 |      10 |      72 |
	| 277 | Omar        | M      | 11    | D       |    73 |      54 |      98 |
	| 278 | Finley      | M      | 3     | C       |    53 |      83 |      84 |
	| 279 | Lucille     | F      | 2     | C       |    58 |      38 |      95 |
	| 280 | Trinity     | F      | 1     | B       |    38 |      22 |      67 |
	| 281 | Gia         | F      | 10    | A       |    57 |      52 |      70 |
	| 282 | Tatum       | F      | 11    | A       |    76 |      18 |       6 |
	| 283 | Atticus     | M      | 6     | C       |     1 |      73 |      96 |
	| 284 | Crew        | M      | 11    | C       |    92 |      79 |      27 |
	| 285 | Brantley    | M      | 9     | B       |    60 |      37 |       5 |
	| 286 | Kali        | F      | 4     | B       |    28 |       4 |      52 |
	| 287 | Stevie      | F      | 11    | B       |    86 |       7 |      64 |
	| 288 | Maggie      | F      | 4     | A       |    21 |      25 |       4 |
	| 289 | Colin       | M      | 4     | B       |     1 |      88 |      92 |
	| 290 | Dallas      | M      | 9     | A       |    56 |      77 |      20 |
	| 291 | Walter      | M      | 3     | B       |    38 |       2 |      50 |
	| 292 | Brady       | M      | 3     | C       |    36 |       1 |      94 |
	| 293 | Hayden      | F      | 11    | C       |     1 |      91 |      88 |
	| 294 | Joanna      | F      | 10    | C       |     6 |      17 |      95 |
	| 295 | Jocelyn     | F      | 9     | B       |    91 |      74 |      32 |
	| 296 | Bryan       | M      | 4     | A       |    91 |      81 |      59 |
	| 297 | Aidan       | M      | 3     | C       |    48 |      57 |      17 |
	| 298 | Cohen       | M      | 10    | B       |    65 |      55 |       9 |
	| 299 | Brian       | M      | 4     | A       |    75 |       1 |      27 |
	| 300 | Cayden      | M      | 8     | A       |    61 |      45 |      99 |
	| 301 | Andre       | M      | 6     | C       |    76 |      50 |      99 |
	| 302 | Leia        | F      | 12    | A       |    76 |      65 |      95 |
	| 303 | Paige       | F      | 8     | C       |    68 |      42 |      90 |
	| 304 | Niko        | M      | 2     | B       |    58 |      55 |      41 |
	| 305 | Maximiliano | M      | 9     | D       |    81 |      39 |      66 |
	| 306 | Zander      | M      | 4     | A       |    22 |      83 |      55 |
	| 307 | Khalil      | M      | 6     | C       |    25 |      80 |       3 |
	| 308 | Rory        | M      | 3     | A       |    96 |      67 |      82 |
	| 309 | Harley      | F      | 12    | A       |    78 |      20 |      18 |
	| 310 | Lia         | F      | 2     | A       |    78 |       3 |      10 |
	| 311 | Phoenix     | F      | 2     | B       |    83 |      93 |      91 |
	| 312 | Francisco   | M      | 4     | B       |    11 |       3 |      58 |
	| 313 | Cruz        | M      | 9     | B       |    59 |      18 |      88 |
	| 314 | Kobe        | M      | 10    | D       |    40 |      96 |      73 |
	| 315 | Thea        | F      | 2     | C       |    50 |      49 |      28 |
	| 316 | Jayla       | F      | 11    | C       |     6 |      89 |      81 |
	| 317 | Reid        | M      | 4     | A       |    30 |      95 |      52 |
	| 318 | Daxton      | M      | 4     | D       |    92 |      54 |      61 |
	| 319 | Vivienne    | F      | 8     | B       |    78 |      94 |      13 |
	| 320 | Hallie      | F      | 8     | D       |    44 |      41 |      74 |
	| 321 | Madilyn     | F      | 6     | D       |    17 |      16 |      88 |
	| 322 | Orion       | M      | 6     | A       |    52 |      88 |      71 |
	| 323 | Spencer     | M      | 8     | D       |    55 |       4 |      79 |
	| 324 | Ophelia     | F      | 3     | D       |     1 |      15 |      49 |
	| 325 | Celeste     | F      | 5     | C       |    94 |      94 |      70 |
	| 326 | Alayah      | F      | 5     | D       |    54 |      98 |       4 |
	| 327 | Colson      | M      | 8     | D       |    80 |       5 |      51 |
	| 328 | Cairo       | M      | 7     | B       |    42 |      61 |      57 |
	| 329 | Gunner      | M      | 5     | B       |    81 |      32 |      72 |
	| 330 | Nina        | F      | 4     | A       |     6 |      17 |      16 |
	| 331 | Briella     | F      | 12    | A       |    79 |      90 |       7 |
	| 332 | Wade        | M      | 7     | A       |    68 |      85 |      70 |
	| 333 | Chance      | M      | 5     | A       |    70 |      58 |       6 |
	| 334 | Odin        | M      | 2     | A       |    81 |      17 |       8 |
	| 335 | Anderson    | M      | 11    | D       |    30 |      38 |      85 |
	| 336 | Amari       | F      | 2     | C       |    52 |      57 |      13 |
	| 337 | Adriana     | F      | 7     | D       |    95 |      81 |      84 |
	| 338 | Kane        | M      | 5     | B       |    21 |      88 |       8 |
	| 339 | Raymond     | M      | 2     | D       |    29 |      19 |       5 |
	| 340 | Cristian    | M      | 1     | C       |     3 |      13 |      25 |
	| 341 | Kalani      | F      | 8     | C       |    32 |      51 |      22 |
	| 342 | Aniyah      | F      | 12    | A       |    25 |      97 |       8 |
	| 343 | Aziel       | M      | 6     | A       |    70 |      17 |      54 |
	| 344 | Prince      | M      | 7     | D       |    33 |      33 |       7 |
	| 345 | Ezequiel    | M      | 5     | C       |    58 |      18 |     100 |
	| 346 | Jake        | M      | 1     | C       |    32 |      33 |      66 |
	| 347 | Otto        | M      | 2     | A       |    13 |      46 |      28 |
	| 348 | Amina       | F      | 9     | A       |    45 |      72 |      70 |
	| 349 | Ariyah      | F      | 1     | A       |    20 |      69 |      22 |
	| 350 | Adelynn     | F      | 1     | A       |     2 |      37 |      44 |
	| 351 | Remington   | F      | 4     | A       |    99 |      59 |      99 |
	| 352 | Reign       | F      | 8     | C       |    85 |      87 |      97 |
	| 353 | Eduardo     | M      | 8     | B       |    29 |      64 |      26 |
	| 354 | Rylan       | M      | 5     | A       |    71 |      44 |       1 |
	| 355 | Ali         | M      | 7     | A       |    22 |      36 |      60 |
	| 356 | Willa       | F      | 12    | D       |    25 |      57 |      92 |
	| 357 | Avianna     | F      | 12    | B       |    72 |      14 |      36 |
	| 358 | Makayla     | F      | 9     | B       |    32 |      93 |      40 |
	| 359 | Gracelyn    | F      | 1     | D       |    36 |      42 |      63 |
	| 360 | Elle        | F      | 8     | A       |    67 |      50 |      96 |
	| 361 | Amiyah      | F      | 5     | D       |    55 |      81 |      80 |
	| 362 | Arielle     | F      | 11    | B       |    84 |      13 |       7 |
	| 363 | Elianna     | F      | 1     | C       |    97 |      97 |       3 |
	| 364 | Giselle     | F      | 7     | A       |    82 |      31 |      87 |
	+-----+-------------+--------+-------+---------+-------+---------+---------+
	364 rows in set (0.05 sec)

	mysql> select count(*) from student_marks;
	+----------+
	| count(*) |
	+----------+
	|      364 |
	+----------+
	1 row in set (0.02 sec)

	mysql> select * from table_name
		-> order by column_name {asc/dsc};
	ERROR 1064 (42000): You have an error in your SQL syntax; check the manual that corresponds to your MySQL server version for the right syntax to use near '{asc/dsc}' at line 2
	mysql> select * from student_marks
		-> WHERE maths = 81
		-> order by science;
	+-----+-------------+--------+-------+---------+-------+---------+---------+
	| id  | name        | gender | class | section | maths | science | english |
	+-----+-------------+--------+-------+---------+-------+---------+---------+
	| 264 | Simon       | M      | 12    | A       |    81 |       5 |      67 |
	| 334 | Odin        | M      | 2     | A       |    81 |      17 |       8 |
	| 137 | Nathaniel   | M      | 1     | A       |    81 |      20 |      40 |
	|  32 | Madison     | F      | 7     | D       |    81 |      24 |       4 |
	| 329 | Gunner      | M      | 5     | B       |    81 |      32 |      72 |
	| 305 | Maximiliano | M      | 9     | D       |    81 |      39 |      66 |
	| 201 | Amari       | M      | 8     | D       |    81 |      48 |      94 |
	| 128 | Myles       | M      | 4     | B       |    81 |      66 |      97 |
	|  99 | Bennett     | M      | 10    | A       |    81 |      72 |      82 |
	| 227 | Richard     | M      | 7     | A       |    81 |      72 |      20 |
	|  29 | Alexander   | M      | 6     | C       |    81 |      79 |      53 |
	|  30 | Nora        | F      | 12    | C       |    81 |      81 |      88 |
	+-----+-------------+--------+-------+---------+-------+---------+---------+
	12 rows in set (0.01 sec)

	mysql> select * from student_marks
		-> WHERE maths = 81
		-> order by science desc;
	+-----+-------------+--------+-------+---------+-------+---------+---------+
	| id  | name        | gender | class | section | maths | science | english |
	+-----+-------------+--------+-------+---------+-------+---------+---------+
	|  30 | Nora        | F      | 12    | C       |    81 |      81 |      88 |
	|  29 | Alexander   | M      | 6     | C       |    81 |      79 |      53 |
	|  99 | Bennett     | M      | 10    | A       |    81 |      72 |      82 |
	| 227 | Richard     | M      | 7     | A       |    81 |      72 |      20 |
	| 128 | Myles       | M      | 4     | B       |    81 |      66 |      97 |
	| 201 | Amari       | M      | 8     | D       |    81 |      48 |      94 |
	| 305 | Maximiliano | M      | 9     | D       |    81 |      39 |      66 |
	| 329 | Gunner      | M      | 5     | B       |    81 |      32 |      72 |
	|  32 | Madison     | F      | 7     | D       |    81 |      24 |       4 |
	| 137 | Nathaniel   | M      | 1     | A       |    81 |      20 |      40 |
	| 334 | Odin        | M      | 2     | A       |    81 |      17 |       8 |
	| 264 | Simon       | M      | 12    | A       |    81 |       5 |      67 |
	+-----+-------------+--------+-------+---------+-------+---------+---------+
	12 rows in set (0.00 sec)

	mysql> select * from student_marks
		-> WHERE maths = 81
		-> order by science, english desc;
	+-----+-------------+--------+-------+---------+-------+---------+---------+
	| id  | name        | gender | class | section | maths | science | english |
	+-----+-------------+--------+-------+---------+-------+---------+---------+
	| 264 | Simon       | M      | 12    | A       |    81 |       5 |      67 |
	| 334 | Odin        | M      | 2     | A       |    81 |      17 |       8 |
	| 137 | Nathaniel   | M      | 1     | A       |    81 |      20 |      40 |
	|  32 | Madison     | F      | 7     | D       |    81 |      24 |       4 |
	| 329 | Gunner      | M      | 5     | B       |    81 |      32 |      72 |
	| 305 | Maximiliano | M      | 9     | D       |    81 |      39 |      66 |
	| 201 | Amari       | M      | 8     | D       |    81 |      48 |      94 |
	| 128 | Myles       | M      | 4     | B       |    81 |      66 |      97 |
	|  99 | Bennett     | M      | 10    | A       |    81 |      72 |      82 |
	| 227 | Richard     | M      | 7     | A       |    81 |      72 |      20 |
	|  29 | Alexander   | M      | 6     | C       |    81 |      79 |      53 |
	|  30 | Nora        | F      | 12    | C       |    81 |      81 |      88 |
	+-----+-------------+--------+-------+---------+-------+---------+---------+
	12 rows in set (0.00 sec)

	mysql> select * from student_marks
		-> WHERE maths = 81
		-> order by name ASC;
	+-----+-------------+--------+-------+---------+-------+---------+---------+
	| id  | name        | gender | class | section | maths | science | english |
	+-----+-------------+--------+-------+---------+-------+---------+---------+
	|  29 | Alexander   | M      | 6     | C       |    81 |      79 |      53 |
	| 201 | Amari       | M      | 8     | D       |    81 |      48 |      94 |
	|  99 | Bennett     | M      | 10    | A       |    81 |      72 |      82 |
	| 329 | Gunner      | M      | 5     | B       |    81 |      32 |      72 |
	|  32 | Madison     | F      | 7     | D       |    81 |      24 |       4 |
	| 305 | Maximiliano | M      | 9     | D       |    81 |      39 |      66 |
	| 128 | Myles       | M      | 4     | B       |    81 |      66 |      97 |
	| 137 | Nathaniel   | M      | 1     | A       |    81 |      20 |      40 |
	|  30 | Nora        | F      | 12    | C       |    81 |      81 |      88 |
	| 334 | Odin        | M      | 2     | A       |    81 |      17 |       8 |
	| 227 | Richard     | M      | 7     | A       |    81 |      72 |      20 |
	| 264 | Simon       | M      | 12    | A       |    81 |       5 |      67 |
	+-----+-------------+--------+-------+---------+-------+---------+---------+
	12 rows in set (0.01 sec)

	mysql> SELECT * FROM student_marks;
	+-----+-------------+--------+-------+---------+-------+---------+---------+
	| id  | name        | gender | class | section | maths | science | english |
	+-----+-------------+--------+-------+---------+-------+---------+---------+
	|   1 | Olivia      | F      | 9     | C       |    34 |      48 |      46 |
	|   2 | Liam        | M      | 8     | D       |    53 |      44 |      68 |
	|   3 | Noah        | M      | 7     | D       |    20 |       6 |      66 |
	|   4 | Oliver      | M      | 5     | D       |    19 |      24 |      16 |
	|   5 | Emma        | F      | 7     | C       |    76 |      84 |      79 |
	|   6 | Charlotte   | F      | 11    | B       |    35 |      13 |      83 |
	|   7 | Elijah      | M      | 6     | D       |    26 |      56 |      18 |
	|   8 | James       | M      | 7     | B       |    58 |      20 |      66 |
	|   9 | Elizabeth   | F      | 2     | B       |    26 |      98 |      26 |
	|  10 | Eleanor     | F      | 12    | D       |    14 |      43 |      25 |
	|  11 | Ella        | F      | 5     | D       |     9 |      14 |      27 |
	|  12 | William     | M      | 11    | C       |    53 |      56 |      28 |
	|  13 | Harper      | F      | 1     | D       |    20 |     100 |       4 |
	|  14 | Luna        | F      | 7     | A       |    64 |      33 |      82 |
	|  15 | Camila      | F      | 6     | D       |    91 |      39 |      27 |
	|  16 | Gianna      | F      | 4     | C       |    28 |      80 |      14 |
	|  17 | Benjamin    | M      | 6     | A       |    82 |      11 |       2 |
	|  18 | Lucas       | M      | 10    | B       |    43 |      12 |      36 |
	|  19 | Henry       | M      | 3     | C       |    32 |      85 |      39 |
	|  20 | Abigail     | F      | 8     | B       |    80 |      46 |      31 |
	|  21 | Sofia       | F      | 9     | C       |    40 |      70 |       3 |
	|  22 | Avery       | F      | 2     | A       |    38 |      22 |      15 |
	|  23 | Scarlett    | F      | 6     | B       |    17 |      19 |      55 |
	|  24 | Emily       | F      | 3     | C       |    53 |       3 |      38 |
	|  25 | Aria        | F      | 5     | C       |     8 |      49 |      17 |
	|  26 | Theodore    | M      | 12    | A       |     0 |       0 |      74 |
	|  27 | Jack        | M      | 8     | D       |    89 |      46 |       7 |
	|  28 | Levi        | M      | 7     | B       |    71 |      24 |      97 |
	|  29 | Alexander   | M      | 6     | C       |    81 |      79 |      53 |
	|  30 | Nora        | F      | 12    | C       |    81 |      81 |      88 |
	|  31 | Hazel       | F      | 7     | C       |    39 |      97 |      34 |
	|  32 | Madison     | F      | 7     | D       |    81 |      24 |       4 |
	|  33 | Ellie       | F      | 9     | D       |    43 |      67 |      53 |
	|  34 | Lily        | F      | 4     | B       |    53 |      21 |      63 |
	|  35 | Jacob       | M      | 2     | B       |    65 |      85 |       1 |
	|  36 | Asher       | M      | 10    | D       |    19 |      91 |      91 |
	|  37 | Aiden       | M      | 2     | B       |    89 |      47 |       3 |
	|  38 | Violet      | F      | 4     | D       |    33 |      24 |      75 |
	|  39 | Aurora      | F      | 3     | A       |     6 |      90 |      46 |
	|  40 | Joseph      | M      | 4     | B       |    37 |      20 |       3 |
	|  41 | Wyatt       | M      | 8     | A       |    97 |      24 |      42 |
	|  42 | David       | M      | 9     | D       |    93 |      99 |      65 |
	|  43 | Emilia      | F      | 9     | B       |    87 |      91 |      71 |
	|  44 | Stella      | F      | 10    | B       |    17 |      55 |      26 |
	|  45 | Zoe         | F      | 4     | A       |    61 |      70 |      33 |
	|  46 | Victoria    | F      | 5     | A       |    90 |      47 |      29 |
	|  47 | Hannah      | F      | 7     | D       |    77 |      96 |      90 |
	|  48 | Dylan       | M      | 10    | C       |     0 |      56 |      41 |
	|  49 | Lincoln     | M      | 4     | D       |    62 |      95 |      11 |
	|  50 | Thomas      | M      | 10    | C       |     8 |      79 |      22 |
	|  51 | Maverick    | M      | 3     | A       |    94 |      71 |      35 |
	|  52 | Ivy         | F      | 5     | B       |    87 |      78 |      58 |
	|  53 | Everly      | F      | 11    | B       |    64 |      64 |      35 |
	|  54 | Lillian     | F      | 5     | B       |    62 |      29 |      29 |
	|  55 | Paisley     | F      | 12    | A       |     0 |       7 |     100 |
	|  56 | Elena       | F      | 10    | C       |    55 |      40 |      48 |
	|  57 | Naomi       | F      | 5     | B       |    31 |      20 |      56 |
	|  58 | Isaiah      | M      | 1     | B       |    25 |      14 |      40 |
	|  59 | Andrew      | M      | 5     | B       |    46 |      40 |      70 |
	|  60 | Joshua      | M      | 7     | D       |    38 |      33 |       1 |
	|  61 | Nathan      | M      | 1     | D       |    60 |      53 |       5 |
	|  62 | Nolan       | M      | 11    | A       |    27 |      79 |      83 |
	|  63 | Adrian      | M      | 12    | A       |    77 |      96 |      86 |
	|  64 | Aaliyah     | F      | 9     | A       |    58 |      40 |      55 |
	|  65 | Ruby        | F      | 12    | A       |    21 |      97 |      79 |
	|  66 | Brooklyn    | F      | 3     | D       |    87 |      13 |      72 |
	|  67 | Alice       | F      | 11    | C       |     7 |      62 |      95 |
	|  68 | Cameron     | M      | 8     | D       |    14 |      81 |      13 |
	|  69 | Santiago    | M      | 11    | C       |   100 |      90 |      63 |
	|  70 | Eli         | M      | 3     | A       |    38 |      93 |      24 |
	|  71 | Aaron       | M      | 9     | C       |    99 |       7 |       7 |
	|  72 | Ryan        | M      | 11    | A       |    74 |      67 |      35 |
	|  73 | Angel       | M      | 2     | B       |    17 |      81 |       9 |
	|  74 | Madelyn     | F      | 8     | A       |   100 |       3 |      96 |
	|  75 | Josephine   | F      | 8     | A       |    46 |      98 |      41 |
	|  76 | Bella       | F      | 1     | A       |    84 |      74 |       0 |
	|  77 | Skylar      | F      | 11    | B       |    87 |      33 |      81 |
	|  78 | Cooper      | M      | 8     | B       |    33 |      61 |      75 |
	|  79 | Waylon      | M      | 11    | B       |    25 |      89 |       7 |
	|  80 | Easton      | M      | 9     | D       |    92 |      25 |      20 |
	|  81 | Kai         | M      | 1     | A       |    33 |      37 |      37 |
	|  82 | Natalia     | F      | 1     | B       |    27 |      50 |      43 |
	|  83 | Quinn       | F      | 6     | D       |    44 |      12 |      11 |
	|  84 | Caroline    | F      | 8     | D       |    39 |      88 |      76 |
	|  85 | Allson      | F      | 3     | D       |    16 |      64 |      29 |
	|  86 | Gabriella   | F      | 2     | C       |    85 |      99 |      87 |
	|  87 | Christian   | M      | 4     | A       |    52 |      17 |      72 |
	|  88 | Landon      | M      | 10    | A       |    63 |      45 |      82 |
	|  89 | Colton      | M      | 3     | D       |    87 |      90 |      43 |
	|  90 | Roman       | M      | 6     | B       |    34 |      22 |      97 |
	|  91 | Ariana      | F      | 2     | C       |    20 |      33 |      42 |
	|  92 | Emery       | F      | 1     | A       |    61 |      69 |      36 |
	|  93 | Lydia       | F      | 7     | A       |    20 |      59 |      31 |
	|  94 | Axel        | M      | 4     | A       |    88 |      39 |      74 |
	|  95 | Brooks      | M      | 9     | C       |    36 |      41 |       8 |
	|  96 | Eva         | F      | 5     | C       |    83 |      93 |      49 |
	|  97 | Adeline     | F      | 2     | C       |    11 |      17 |      46 |
	|  98 | Jose        | M      | 8     | A       |    39 |      37 |      17 |
	|  99 | Bennett     | M      | 10    | A       |    81 |      72 |      82 |
	| 100 | Silas       | M      | 2     | D       |    72 |      28 |      89 |
	| 101 | Nicholas    | M      | 3     | B       |    38 |      79 |      17 |
	| 102 | Parker      | M      | 2     | A       |    70 |      41 |      94 |
	| 103 | Beau        | M      | 9     | B       |    63 |      52 |      51 |
	| 104 | Vivian      | F      | 11    | D       |    79 |      82 |       8 |
	| 105 | Clara       | F      | 3     | A       |    71 |      59 |      33 |
	| 106 | Weston      | M      | 8     | B       |    80 |      80 |      27 |
	| 107 | Austin      | M      | 7     | A       |    84 |      82 |      52 |
	| 108 | Connor      | M      | 5     | C       |    22 |      72 |      66 |
	| 109 | Maria       | F      | 5     | B       |    15 |      68 |      92 |
	| 110 | Iris        | F      | 9     | B       |     9 |      58 |      41 |
	| 111 | Ayla        | F      | 7     | B       |    18 |      25 |      87 |
	| 112 | Carson      | M      | 4     | D       |    97 |      38 |      50 |
	| 113 | Dominic     | M      | 3     | A       |    87 |      41 |      37 |
	| 114 | Xavier      | M      | 12    | C       |    33 |     100 |      57 |
	| 115 | Jaxson      | M      | 2     | C       |    93 |       3 |       5 |
	| 116 | Melody      | F      | 8     | B       |    84 |      35 |      47 |
	| 117 | Julia       | F      | 12    | D       |    89 |      16 |      74 |
	| 118 | Jonathan    | M      | 5     | D       |    98 |      63 |      23 |
	| 119 | Robert      | M      | 10    | A       |    85 |      24 |      73 |
	| 120 | Jameson     | M      | 2     | C       |    97 |      47 |      60 |
	| 121 | Ian         | M      | 11    | A       |    42 |      93 |      14 |
	| 122 | Everett     | M      | 11    | C       |    65 |      44 |       5 |
	| 123 | Arya        | F      | 3     | D       |    28 |      51 |      95 |
	| 124 | Eden        | F      | 10    | A       |    64 |      38 |      86 |
	| 125 | Remi        | F      | 7     | C       |    62 |      80 |      32 |
	| 126 | Vincent     | M      | 11    | B       |    38 |      89 |      34 |
	| 127 | Legend      | M      | 3     | B       |    32 |      22 |      18 |
	| 128 | Myles       | M      | 4     | B       |    81 |      66 |      97 |
	| 129 | Harrison    | M      | 9     | C       |    67 |      86 |      90 |
	| 130 | Charlie     | F      | 2     | D       |     5 |      94 |       9 |
	| 131 | Alaia       | F      | 8     | B       |    24 |      41 |      44 |
	| 132 | Melanie     | F      | 12    | A       |    59 |      57 |      36 |
	| 133 | Walker      | M      | 11    | B       |    45 |       6 |      87 |
	| 134 | Jason       | M      | 9     | C       |    35 |       8 |      78 |
	| 135 | Brayden     | M      | 11    | B       |     7 |      62 |      44 |
	| 136 | Cole        | M      | 12    | D       |     5 |      41 |       2 |
	| 137 | Nathaniel   | M      | 1     | A       |    81 |      20 |      40 |
	| 138 | Alina       | F      | 6     | C       |    37 |      15 |      51 |
	| 139 | Lucia       | F      | 3     | C       |    11 |      79 |      62 |
	| 140 | Ximena      | F      | 5     | D       |    33 |       3 |      37 |
	| 141 | George      | M      | 9     | B       |    48 |      46 |      17 |
	| 142 | Lorenzo     | M      | 12    | C       |    52 |      45 |      18 |
	| 143 | Zion        | M      | 4     | C       |    53 |      64 |      75 |
	| 144 | Luis        | M      | 11    | A       |    37 |       8 |      64 |
	| 145 | Adalyn      | F      | 5     | D       |    42 |      99 |      25 |
	| 146 | Archer      | M      | 4     | C       |    40 |       4 |      94 |
	| 147 | Enzo        | M      | 8     | D       |    95 |      28 |      95 |
	| 148 | Jonah       | M      | 4     | C       |    27 |      64 |      23 |
	| 149 | Isabel      | F      | 10    | B       |    22 |       8 |      87 |
	| 150 | Reese       | F      | 6     | D       |    54 |      13 |      66 |
	| 151 | Emersyn     | F      | 12    | C       |    96 |      12 |      29 |
	| 152 | Thiago      | M      | 1     | A       |    92 |      39 |      87 |
	| 153 | Theo        | M      | 11    | A       |    18 |      93 |      39 |
	| 154 | River       | F      | 5     | B       |    17 |      14 |      38 |
	| 155 | Ayden       | M      | 12    | D       |    21 |      78 |      60 |
	| 156 | Zachary     | M      | 1     | D       |    62 |      44 |      17 |
	| 157 | Calvin      | M      | 8     | D       |    77 |      67 |      88 |
	| 158 | Braxton     | M      | 6     | D       |    25 |      44 |      21 |
	| 159 | Esther      | F      | 12    | B       |    94 |       0 |      94 |
	| 160 | Valeria     | F      | 3     | B       |     8 |      17 |      17 |
	| 161 | Ashton      | M      | 4     | A       |    12 |      79 |      87 |
	| 162 | Rhett       | M      | 11    | D       |    56 |      54 |      23 |
	| 163 | Atlas       | M      | 2     | B       |   100 |      25 |      13 |
	| 164 | Jude        | M      | 4     | C       |    54 |       2 |       6 |
	| 165 | Bailey      | F      | 10    | B       |    29 |      39 |      69 |
	| 166 | Ember       | F      | 6     | D       |     1 |       8 |      87 |
	| 167 | Bentley     | M      | 1     | A       |    63 |      54 |      42 |
	| 168 | Carlos      | M      | 7     | D       |    72 |      18 |     100 |
	| 169 | Ryker       | M      | 4     | A       |    16 |      14 |      62 |
	| 170 | Adriel      | M      | 7     | C       |    91 |      20 |       1 |
	| 171 | Alexandra   | F      | 2     | B       |     7 |      79 |      21 |
	| 172 | Faith       | F      | 7     | D       |    27 |      58 |      89 |
	| 173 | Arthur      | M      | 12    | B       |    66 |      57 |      96 |
	| 174 | Ace         | M      | 12    | B       |    72 |      42 |     100 |
	| 175 | Tyler       | M      | 7     | D       |    13 |      99 |      75 |
	| 176 | Jayce       | M      | 10    | C       |    56 |      11 |      42 |
	| 177 | Millie      | F      | 11    | B       |    53 |      62 |      75 |
	| 178 | June        | F      | 7     | C       |    88 |      62 |       3 |
	| 179 | Kaiden      | M      | 2     | B       |     8 |      22 |      50 |
	| 180 | Maxwell     | M      | 11    | B       |    78 |      11 |      21 |
	| 181 | Juan        | M      | 6     | A       |    20 |      71 |       3 |
	| 182 | Dean        | M      | 11    | A       |     0 |      40 |      40 |
	| 183 | Ada         | F      | 6     | D       |    80 |      54 |       3 |
	| 184 | Anastasia   | F      | 9     | B       |    68 |      25 |      88 |
	| 185 | Olive       | F      | 11    | D       |    62 |      71 |      99 |
	| 186 | Matteo      | M      | 8     | B       |    59 |      49 |       8 |
	| 187 | Malachi     | M      | 3     | A       |    48 |      68 |      86 |
	| 188 | Ivan        | M      | 10    | A       |    19 |      96 |       3 |
	| 189 | Elliott     | M      | 10    | A       |    47 |      71 |      31 |
	| 190 | Jesus       | M      | 3     | D       |    22 |      96 |      90 |
	| 191 | Amy         | F      | 7     | C       |    41 |       9 |      13 |
	| 192 | Ruth        | F      | 11    | A       |     1 |      81 |       2 |
	| 193 | Aubree      | F      | 2     | D       |    40 |      21 |      19 |
	| 194 | Max         | M      | 7     | D       |    75 |      11 |      55 |
	| 195 | Elliot      | M      | 12    | D       |    20 |      15 |      88 |
	| 196 | Graham      | M      | 9     | A       |    93 |      71 |      91 |
	| 197 | Arabella    | F      | 2     | A       |    40 |       5 |       9 |
	| 198 | Sara        | F      | 10    | C       |    45 |      38 |       3 |
	| 199 | Journee     | F      | 7     | D       |   100 |      43 |      38 |
	| 200 | Beckett     | M      | 12    | D       |    82 |      98 |      35 |
	| 201 | Amari       | M      | 8     | D       |    81 |      48 |      94 |
	| 202 | Karter      | M      | 8     | D       |    93 |       1 |      25 |
	| 203 | Timothy     | M      | 6     | C       |    51 |      11 |      86 |
	| 204 | Abraham     | M      | 6     | D       |    44 |      70 |      73 |
	| 205 | Jesse       | M      | 1     | D       |     3 |      64 |      64 |
	| 206 | Selena      | F      | 5     | B       |    86 |       4 |       4 |
	| 207 | Oaklynn     | F      | 5     | B       |    23 |      59 |      66 |
	| 208 | Morgan      | F      | 3     | D       |    28 |      98 |      10 |
	| 209 | Zayden      | M      | 9     | D       |     7 |      75 |      33 |
	| 210 | Blake       | M      | 5     | D       |    59 |      88 |      68 |
	| 211 | Alejandro   | M      | 3     | B       |    43 |      33 |      36 |
	| 212 | Dawson      | M      | 3     | D       |    68 |      50 |      94 |
	| 213 | Juliana     | F      | 5     | A       |    59 |      65 |      52 |
	| 214 | Finley      | F      | 10    | C       |    16 |      91 |      25 |
	| 215 | Presley     | F      | 1     | C       |     4 |      17 |      32 |
	| 216 | Tristan     | M      | 1     | C       |    95 |      89 |      41 |
	| 217 | Victor      | M      | 1     | B       |    94 |      68 |      36 |
	| 218 | Avery       | M      | 4     | C       |    94 |      58 |      31 |
	| 219 | Joel        | M      | 6     | B       |    14 |       3 |      85 |
	| 220 | Grant       | M      | 5     | A       |    48 |      50 |      75 |
	| 221 | Eric        | M      | 8     | B       |    78 |      48 |      75 |
	| 222 | London      | F      | 8     | D       |    59 |      33 |      97 |
	| 223 | Kimberly    | F      | 1     | A       |     0 |      99 |      49 |
	| 224 | Elsie       | F      | 6     | A       |    55 |      14 |      27 |
	| 225 | Patrick     | M      | 7     | B       |    51 |      51 |      36 |
	| 226 | Peter       | M      | 11    | B       |     4 |      75 |      45 |
	| 227 | Richard     | M      | 7     | A       |    81 |      72 |      20 |
	| 228 | Edward      | M      | 10    | A       |    89 |       6 |      56 |
	| 229 | Andres      | M      | 4     | A       |    94 |      22 |      35 |
	| 230 | Nyla        | F      | 11    | A       |    70 |      84 |      58 |
	| 231 | Vera        | F      | 5     | A       |    31 |      91 |      44 |
	| 232 | Hope        | F      | 1     | A       |    87 |      24 |      77 |
	| 233 | Annie       | F      | 2     | B       |    32 |      36 |       3 |
	| 234 | Kaia        | F      | 4     | A       |    35 |      86 |      94 |
	| 235 | Myla        | F      | 10    | C       |    18 |      23 |      21 |
	| 236 | Adonis      | M      | 9     | C       |     9 |      17 |      40 |
	| 237 | Kyrie       | M      | 7     | D       |    13 |      90 |      67 |
	| 238 | Matias      | M      | 4     | A       |     1 |      15 |       0 |
	| 239 | Oscar       | M      | 11    | C       |    86 |      32 |      29 |
	| 240 | Lukas       | M      | 11    | B       |    70 |      14 |      66 |
	| 241 | Harlow      | F      | 9     | A       |    60 |      31 |      98 |
	| 242 | Rachel      | F      | 8     | A       |    11 |      35 |     100 |
	| 243 | Gracie      | F      | 6     | C       |     9 |      41 |      27 |
	| 244 | Rowan       | F      | 8     | D       |    89 |      42 |      78 |
	| 245 | Rafael      | M      | 4     | B       |    70 |      59 |      20 |
	| 246 | Zane        | M      | 5     | C       |    52 |       3 |      51 |
	| 247 | Jeremy      | M      | 10    | C       |    46 |      85 |      15 |
	| 248 | Lilah       | F      | 7     | D       |    58 |       7 |      51 |
	| 249 | Adelyn      | F      | 6     | A       |    71 |      92 |      78 |
	| 250 | Phoebe      | F      | 7     | B       |    46 |      30 |       2 |
	| 251 | Octavia     | F      | 10    | A       |    72 |      84 |      96 |
	| 252 | Kash        | M      | 6     | D       |    83 |      14 |      73 |
	| 253 | Preston     | M      | 11    | B       |    41 |      32 |      68 |
	| 254 | Kyler       | M      | 9     | A       |    15 |      39 |      43 |
	| 255 | Jax         | M      | 4     | B       |     0 |      84 |      15 |
	| 256 | Jett        | M      | 1     | B       |    30 |      32 |       8 |
	| 257 | Kaleb       | M      | 1     | B       |    23 |      61 |       9 |
	| 258 | Kayla       | F      | 1     | A       |    58 |      43 |      72 |
	| 259 | Malia       | F      | 12    | A       |    97 |      91 |      87 |
	| 260 | Elaina      | F      | 6     | A       |    16 |      22 |       2 |
	| 261 | Saylor      | F      | 5     | B       |    34 |      98 |      17 |
	| 262 | Brooke      | F      | 9     | B       |    32 |      88 |      64 |
	| 263 | Riley       | M      | 4     | C       |    41 |      58 |      13 |
	| 264 | Simon       | M      | 12    | A       |    81 |       5 |      67 |
	| 265 | Phoenix     | M      | 12    | C       |    25 |      22 |       4 |
	| 266 | Adelaide    | F      | 9     | D       |    74 |      43 |      74 |
	| 267 | Daniela     | F      | 12    | A       |    69 |      49 |      89 |
	| 268 | Kenneth     | M      | 3     | A       |    14 |       2 |      50 |
	| 269 | Nico        | M      | 12    | A       |     2 |      27 |      79 |
	| 270 | Kaden       | M      | 8     | D       |    38 |       3 |      56 |
	| 271 | Lane        | M      | 9     | A       |    20 |      82 |      34 |
	| 272 | Delaney     | F      | 9     | D       |     0 |      15 |      88 |
	| 273 | Dakota      | F      | 4     | A       |    51 |      75 |      49 |
	| 274 | Mya         | F      | 9     | D       |    34 |      45 |      29 |
	| 275 | Kairo       | M      | 3     | B       |    64 |      26 |      70 |
	| 276 | Maximus     | M      | 11    | C       |    14 |      10 |      72 |
	| 277 | Omar        | M      | 11    | D       |    73 |      54 |      98 |
	| 278 | Finley      | M      | 3     | C       |    53 |      83 |      84 |
	| 279 | Lucille     | F      | 2     | C       |    58 |      38 |      95 |
	| 280 | Trinity     | F      | 1     | B       |    38 |      22 |      67 |
	| 281 | Gia         | F      | 10    | A       |    57 |      52 |      70 |
	| 282 | Tatum       | F      | 11    | A       |    76 |      18 |       6 |
	| 283 | Atticus     | M      | 6     | C       |     1 |      73 |      96 |
	| 284 | Crew        | M      | 11    | C       |    92 |      79 |      27 |
	| 285 | Brantley    | M      | 9     | B       |    60 |      37 |       5 |
	| 286 | Kali        | F      | 4     | B       |    28 |       4 |      52 |
	| 287 | Stevie      | F      | 11    | B       |    86 |       7 |      64 |
	| 288 | Maggie      | F      | 4     | A       |    21 |      25 |       4 |
	| 289 | Colin       | M      | 4     | B       |     1 |      88 |      92 |
	| 290 | Dallas      | M      | 9     | A       |    56 |      77 |      20 |
	| 291 | Walter      | M      | 3     | B       |    38 |       2 |      50 |
	| 292 | Brady       | M      | 3     | C       |    36 |       1 |      94 |
	| 293 | Hayden      | F      | 11    | C       |     1 |      91 |      88 |
	| 294 | Joanna      | F      | 10    | C       |     6 |      17 |      95 |
	| 295 | Jocelyn     | F      | 9     | B       |    91 |      74 |      32 |
	| 296 | Bryan       | M      | 4     | A       |    91 |      81 |      59 |
	| 297 | Aidan       | M      | 3     | C       |    48 |      57 |      17 |
	| 298 | Cohen       | M      | 10    | B       |    65 |      55 |       9 |
	| 299 | Brian       | M      | 4     | A       |    75 |       1 |      27 |
	| 300 | Cayden      | M      | 8     | A       |    61 |      45 |      99 |
	| 301 | Andre       | M      | 6     | C       |    76 |      50 |      99 |
	| 302 | Leia        | F      | 12    | A       |    76 |      65 |      95 |
	| 303 | Paige       | F      | 8     | C       |    68 |      42 |      90 |
	| 304 | Niko        | M      | 2     | B       |    58 |      55 |      41 |
	| 305 | Maximiliano | M      | 9     | D       |    81 |      39 |      66 |
	| 306 | Zander      | M      | 4     | A       |    22 |      83 |      55 |
	| 307 | Khalil      | M      | 6     | C       |    25 |      80 |       3 |
	| 308 | Rory        | M      | 3     | A       |    96 |      67 |      82 |
	| 309 | Harley      | F      | 12    | A       |    78 |      20 |      18 |
	| 310 | Lia         | F      | 2     | A       |    78 |       3 |      10 |
	| 311 | Phoenix     | F      | 2     | B       |    83 |      93 |      91 |
	| 312 | Francisco   | M      | 4     | B       |    11 |       3 |      58 |
	| 313 | Cruz        | M      | 9     | B       |    59 |      18 |      88 |
	| 314 | Kobe        | M      | 10    | D       |    40 |      96 |      73 |
	| 315 | Thea        | F      | 2     | C       |    50 |      49 |      28 |
	| 316 | Jayla       | F      | 11    | C       |     6 |      89 |      81 |
	| 317 | Reid        | M      | 4     | A       |    30 |      95 |      52 |
	| 318 | Daxton      | M      | 4     | D       |    92 |      54 |      61 |
	| 319 | Vivienne    | F      | 8     | B       |    78 |      94 |      13 |
	| 320 | Hallie      | F      | 8     | D       |    44 |      41 |      74 |
	| 321 | Madilyn     | F      | 6     | D       |    17 |      16 |      88 |
	| 322 | Orion       | M      | 6     | A       |    52 |      88 |      71 |
	| 323 | Spencer     | M      | 8     | D       |    55 |       4 |      79 |
	| 324 | Ophelia     | F      | 3     | D       |     1 |      15 |      49 |
	| 325 | Celeste     | F      | 5     | C       |    94 |      94 |      70 |
	| 326 | Alayah      | F      | 5     | D       |    54 |      98 |       4 |
	| 327 | Colson      | M      | 8     | D       |    80 |       5 |      51 |
	| 328 | Cairo       | M      | 7     | B       |    42 |      61 |      57 |
	| 329 | Gunner      | M      | 5     | B       |    81 |      32 |      72 |
	| 330 | Nina        | F      | 4     | A       |     6 |      17 |      16 |
	| 331 | Briella     | F      | 12    | A       |    79 |      90 |       7 |
	| 332 | Wade        | M      | 7     | A       |    68 |      85 |      70 |
	| 333 | Chance      | M      | 5     | A       |    70 |      58 |       6 |
	| 334 | Odin        | M      | 2     | A       |    81 |      17 |       8 |
	| 335 | Anderson    | M      | 11    | D       |    30 |      38 |      85 |
	| 336 | Amari       | F      | 2     | C       |    52 |      57 |      13 |
	| 337 | Adriana     | F      | 7     | D       |    95 |      81 |      84 |
	| 338 | Kane        | M      | 5     | B       |    21 |      88 |       8 |
	| 339 | Raymond     | M      | 2     | D       |    29 |      19 |       5 |
	| 340 | Cristian    | M      | 1     | C       |     3 |      13 |      25 |
	| 341 | Kalani      | F      | 8     | C       |    32 |      51 |      22 |
	| 342 | Aniyah      | F      | 12    | A       |    25 |      97 |       8 |
	| 343 | Aziel       | M      | 6     | A       |    70 |      17 |      54 |
	| 344 | Prince      | M      | 7     | D       |    33 |      33 |       7 |
	| 345 | Ezequiel    | M      | 5     | C       |    58 |      18 |     100 |
	| 346 | Jake        | M      | 1     | C       |    32 |      33 |      66 |
	| 347 | Otto        | M      | 2     | A       |    13 |      46 |      28 |
	| 348 | Amina       | F      | 9     | A       |    45 |      72 |      70 |
	| 349 | Ariyah      | F      | 1     | A       |    20 |      69 |      22 |
	| 350 | Adelynn     | F      | 1     | A       |     2 |      37 |      44 |
	| 351 | Remington   | F      | 4     | A       |    99 |      59 |      99 |
	| 352 | Reign       | F      | 8     | C       |    85 |      87 |      97 |
	| 353 | Eduardo     | M      | 8     | B       |    29 |      64 |      26 |
	| 354 | Rylan       | M      | 5     | A       |    71 |      44 |       1 |
	| 355 | Ali         | M      | 7     | A       |    22 |      36 |      60 |
	| 356 | Willa       | F      | 12    | D       |    25 |      57 |      92 |
	| 357 | Avianna     | F      | 12    | B       |    72 |      14 |      36 |
	| 358 | Makayla     | F      | 9     | B       |    32 |      93 |      40 |
	| 359 | Gracelyn    | F      | 1     | D       |    36 |      42 |      63 |
	| 360 | Elle        | F      | 8     | A       |    67 |      50 |      96 |
	| 361 | Amiyah      | F      | 5     | D       |    55 |      81 |      80 |
	| 362 | Arielle     | F      | 11    | B       |    84 |      13 |       7 |
	| 363 | Elianna     | F      | 1     | C       |    97 |      97 |       3 |
	| 364 | Giselle     | F      | 7     | A       |    82 |      31 |      87 |
	+-----+-------------+--------+-------+---------+-------+---------+---------+
	364 rows in set (0.00 sec)

	mysql> SELECT * FROM student_marks
		-> WHERE name LIKE 'c%';
	+-----+-----------+--------+-------+---------+-------+---------+---------+
	| id  | name      | gender | class | section | maths | science | english |
	+-----+-----------+--------+-------+---------+-------+---------+---------+
	|   6 | Charlotte | F      | 11    | B       |    35 |      13 |      83 |
	|  15 | Camila    | F      | 6     | D       |    91 |      39 |      27 |
	|  68 | Cameron   | M      | 8     | D       |    14 |      81 |      13 |
	|  78 | Cooper    | M      | 8     | B       |    33 |      61 |      75 |
	|  84 | Caroline  | F      | 8     | D       |    39 |      88 |      76 |
	|  87 | Christian | M      | 4     | A       |    52 |      17 |      72 |
	|  89 | Colton    | M      | 3     | D       |    87 |      90 |      43 |
	| 105 | Clara     | F      | 3     | A       |    71 |      59 |      33 |
	| 108 | Connor    | M      | 5     | C       |    22 |      72 |      66 |
	| 112 | Carson    | M      | 4     | D       |    97 |      38 |      50 |
	| 130 | Charlie   | F      | 2     | D       |     5 |      94 |       9 |
	| 136 | Cole      | M      | 12    | D       |     5 |      41 |       2 |
	| 157 | Calvin    | M      | 8     | D       |    77 |      67 |      88 |
	| 168 | Carlos    | M      | 7     | D       |    72 |      18 |     100 |
	| 284 | Crew      | M      | 11    | C       |    92 |      79 |      27 |
	| 289 | Colin     | M      | 4     | B       |     1 |      88 |      92 |
	| 298 | Cohen     | M      | 10    | B       |    65 |      55 |       9 |
	| 300 | Cayden    | M      | 8     | A       |    61 |      45 |      99 |
	| 313 | Cruz      | M      | 9     | B       |    59 |      18 |      88 |
	| 325 | Celeste   | F      | 5     | C       |    94 |      94 |      70 |
	| 327 | Colson    | M      | 8     | D       |    80 |       5 |      51 |
	| 328 | Cairo     | M      | 7     | B       |    42 |      61 |      57 |
	| 333 | Chance    | M      | 5     | A       |    70 |      58 |       6 |
	| 340 | Cristian  | M      | 1     | C       |     3 |      13 |      25 |
	+-----+-----------+--------+-------+---------+-------+---------+---------+
	24 rows in set (0.01 sec)

	mysql> SELECT * FROM student_marks
		-> WHERE name LIKE 'co%';
	+-----+--------+--------+-------+---------+-------+---------+---------+
	| id  | name   | gender | class | section | maths | science | english |
	+-----+--------+--------+-------+---------+-------+---------+---------+
	|  78 | Cooper | M      | 8     | B       |    33 |      61 |      75 |
	|  89 | Colton | M      | 3     | D       |    87 |      90 |      43 |
	| 108 | Connor | M      | 5     | C       |    22 |      72 |      66 |
	| 136 | Cole   | M      | 12    | D       |     5 |      41 |       2 |
	| 289 | Colin  | M      | 4     | B       |     1 |      88 |      92 |
	| 298 | Cohen  | M      | 10    | B       |    65 |      55 |       9 |
	| 327 | Colson | M      | 8     | D       |    80 |       5 |      51 |
	+-----+--------+--------+-------+---------+-------+---------+---------+
	7 rows in set (0.00 sec)

	mysql> SELECT * FROM student_marks
		-> WHERE name LIKE 'col%';
	+-----+--------+--------+-------+---------+-------+---------+---------+
	| id  | name   | gender | class | section | maths | science | english |
	+-----+--------+--------+-------+---------+-------+---------+---------+
	|  89 | Colton | M      | 3     | D       |    87 |      90 |      43 |
	| 136 | Cole   | M      | 12    | D       |     5 |      41 |       2 |
	| 289 | Colin  | M      | 4     | B       |     1 |      88 |      92 |
	| 327 | Colson | M      | 8     | D       |    80 |       5 |      51 |
	+-----+--------+--------+-------+---------+-------+---------+---------+
	4 rows in set (0.00 sec)

	mysql> SELECT * FROM student_marks
		-> WHERE name LIKE '%c';
	+-----+---------+--------+-------+---------+-------+---------+---------+
	| id  | name    | gender | class | section | maths | science | english |
	+-----+---------+--------+-------+---------+-------+---------+---------+
	| 113 | Dominic | M      | 3     | A       |    87 |      41 |      37 |
	| 221 | Eric    | M      | 8     | B       |    78 |      48 |      75 |
	+-----+---------+--------+-------+---------+-------+---------+---------+
	2 rows in set (0.00 sec)

	mysql> SELECT * FROM student_marks
		-> WHERE name LIKE '%nt';
	+-----+---------+--------+-------+---------+-------+---------+---------+
	| id  | name    | gender | class | section | maths | science | english |
	+-----+---------+--------+-------+---------+-------+---------+---------+
	| 126 | Vincent | M      | 11    | B       |    38 |      89 |      34 |
	| 220 | Grant   | M      | 5     | A       |    48 |      50 |      75 |
	+-----+---------+--------+-------+---------+-------+---------+---------+
	2 rows in set (0.00 sec)

	mysql> SELECT * FROM student_marks
		-> WHERE name LIKE '%d%';
	+-----+-----------+--------+-------+---------+-------+---------+---------+
	| id  | name      | gender | class | section | maths | science | english |
	+-----+-----------+--------+-------+---------+-------+---------+---------+
	|  26 | Theodore  | M      | 12    | A       |     0 |       0 |      74 |
	|  29 | Alexander | M      | 6     | C       |    81 |      79 |      53 |
	|  32 | Madison   | F      | 7     | D       |    81 |      24 |       4 |
	|  37 | Aiden     | M      | 2     | B       |    89 |      47 |       3 |
	|  42 | David     | M      | 9     | D       |    93 |      99 |      65 |
	|  48 | Dylan     | M      | 10    | C       |     0 |      56 |      41 |
	|  59 | Andrew    | M      | 5     | B       |    46 |      40 |      70 |
	|  63 | Adrian    | M      | 12    | A       |    77 |      96 |      86 |
	|  74 | Madelyn   | F      | 8     | A       |   100 |       3 |      96 |
	|  88 | Landon    | M      | 10    | A       |    63 |      45 |      82 |
	|  93 | Lydia     | F      | 7     | A       |    20 |      59 |      31 |
	|  97 | Adeline   | F      | 2     | C       |    11 |      17 |      46 |
	| 113 | Dominic   | M      | 3     | A       |    87 |      41 |      37 |
	| 116 | Melody    | F      | 8     | B       |    84 |      35 |      47 |
	| 124 | Eden      | F      | 10    | A       |    64 |      38 |      86 |
	| 127 | Legend    | M      | 3     | B       |    32 |      22 |      18 |
	| 135 | Brayden   | M      | 11    | B       |     7 |      62 |      44 |
	| 145 | Adalyn    | F      | 5     | D       |    42 |      99 |      25 |
	| 155 | Ayden     | M      | 12    | D       |    21 |      78 |      60 |
	| 164 | Jude      | M      | 4     | C       |    54 |       2 |       6 |
	| 170 | Adriel    | M      | 7     | C       |    91 |      20 |       1 |
	| 171 | Alexandra | F      | 2     | B       |     7 |      79 |      21 |
	| 179 | Kaiden    | M      | 2     | B       |     8 |      22 |      50 |
	| 182 | Dean      | M      | 11    | A       |     0 |      40 |      40 |
	| 183 | Ada       | F      | 6     | D       |    80 |      54 |       3 |
	| 209 | Zayden    | M      | 9     | D       |     7 |      75 |      33 |
	| 211 | Alejandro | M      | 3     | B       |    43 |      33 |      36 |
	| 212 | Dawson    | M      | 3     | D       |    68 |      50 |      94 |
	| 222 | London    | F      | 8     | D       |    59 |      33 |      97 |
	| 227 | Richard   | M      | 7     | A       |    81 |      72 |      20 |
	| 228 | Edward    | M      | 10    | A       |    89 |       6 |      56 |
	| 229 | Andres    | M      | 4     | A       |    94 |      22 |      35 |
	| 236 | Adonis    | M      | 9     | C       |     9 |      17 |      40 |
	| 249 | Adelyn    | F      | 6     | A       |    71 |      92 |      78 |
	| 266 | Adelaide  | F      | 9     | D       |    74 |      43 |      74 |
	| 267 | Daniela   | F      | 12    | A       |    69 |      49 |      89 |
	| 270 | Kaden     | M      | 8     | D       |    38 |       3 |      56 |
	| 272 | Delaney   | F      | 9     | D       |     0 |      15 |      88 |
	| 273 | Dakota    | F      | 4     | A       |    51 |      75 |      49 |
	| 290 | Dallas    | M      | 9     | A       |    56 |      77 |      20 |
	| 292 | Brady     | M      | 3     | C       |    36 |       1 |      94 |
	| 293 | Hayden    | F      | 11    | C       |     1 |      91 |      88 |
	| 297 | Aidan     | M      | 3     | C       |    48 |      57 |      17 |
	| 300 | Cayden    | M      | 8     | A       |    61 |      45 |      99 |
	| 301 | Andre     | M      | 6     | C       |    76 |      50 |      99 |
	| 306 | Zander    | M      | 4     | A       |    22 |      83 |      55 |
	| 317 | Reid      | M      | 4     | A       |    30 |      95 |      52 |
	| 318 | Daxton    | M      | 4     | D       |    92 |      54 |      61 |
	| 321 | Madilyn   | F      | 6     | D       |    17 |      16 |      88 |
	| 332 | Wade      | M      | 7     | A       |    68 |      85 |      70 |
	| 334 | Odin      | M      | 2     | A       |    81 |      17 |       8 |
	| 335 | Anderson  | M      | 11    | D       |    30 |      38 |      85 |
	| 337 | Adriana   | F      | 7     | D       |    95 |      81 |      84 |
	| 339 | Raymond   | M      | 2     | D       |    29 |      19 |       5 |
	| 350 | Adelynn   | F      | 1     | A       |     2 |      37 |      44 |
	| 353 | Eduardo   | M      | 8     | B       |    29 |      64 |      26 |
	+-----+-----------+--------+-------+---------+-------+---------+---------+
	56 rows in set (0.00 sec)

	mysql> SELECT * FROM student_marks
		-> WHERE name LIKE '%da%';
	+-----+---------+--------+-------+---------+-------+---------+---------+
	| id  | name    | gender | class | section | maths | science | english |
	+-----+---------+--------+-------+---------+-------+---------+---------+
	|  42 | David   | M      | 9     | D       |    93 |      99 |      65 |
	| 145 | Adalyn  | F      | 5     | D       |    42 |      99 |      25 |
	| 183 | Ada     | F      | 6     | D       |    80 |      54 |       3 |
	| 212 | Dawson  | M      | 3     | D       |    68 |      50 |      94 |
	| 267 | Daniela | F      | 12    | A       |    69 |      49 |      89 |
	| 273 | Dakota  | F      | 4     | A       |    51 |      75 |      49 |
	| 290 | Dallas  | M      | 9     | A       |    56 |      77 |      20 |
	| 297 | Aidan   | M      | 3     | C       |    48 |      57 |      17 |
	| 318 | Daxton  | M      | 4     | D       |    92 |      54 |      61 |
	+-----+---------+--------+-------+---------+-------+---------+---------+
	9 rows in set (0.00 sec)

	mysql> SELECT * FROM student_marks
		-> WHERE name LIKE 'a%';
	+-----+-----------+--------+-------+---------+-------+---------+---------+
	| id  | name      | gender | class | section | maths | science | english |
	+-----+-----------+--------+-------+---------+-------+---------+---------+
	|  20 | Abigail   | F      | 8     | B       |    80 |      46 |      31 |
	|  22 | Avery     | F      | 2     | A       |    38 |      22 |      15 |
	|  25 | Aria      | F      | 5     | C       |     8 |      49 |      17 |
	|  29 | Alexander | M      | 6     | C       |    81 |      79 |      53 |
	|  36 | Asher     | M      | 10    | D       |    19 |      91 |      91 |
	|  37 | Aiden     | M      | 2     | B       |    89 |      47 |       3 |
	|  39 | Aurora    | F      | 3     | A       |     6 |      90 |      46 |
	|  59 | Andrew    | M      | 5     | B       |    46 |      40 |      70 |
	|  63 | Adrian    | M      | 12    | A       |    77 |      96 |      86 |
	|  64 | Aaliyah   | F      | 9     | A       |    58 |      40 |      55 |
	|  67 | Alice     | F      | 11    | C       |     7 |      62 |      95 |
	|  71 | Aaron     | M      | 9     | C       |    99 |       7 |       7 |
	|  73 | Angel     | M      | 2     | B       |    17 |      81 |       9 |
	|  85 | Allson    | F      | 3     | D       |    16 |      64 |      29 |
	|  91 | Ariana    | F      | 2     | C       |    20 |      33 |      42 |
	|  94 | Axel      | M      | 4     | A       |    88 |      39 |      74 |
	|  97 | Adeline   | F      | 2     | C       |    11 |      17 |      46 |
	| 107 | Austin    | M      | 7     | A       |    84 |      82 |      52 |
	| 111 | Ayla      | F      | 7     | B       |    18 |      25 |      87 |
	| 123 | Arya      | F      | 3     | D       |    28 |      51 |      95 |
	| 131 | Alaia     | F      | 8     | B       |    24 |      41 |      44 |
	| 138 | Alina     | F      | 6     | C       |    37 |      15 |      51 |
	| 145 | Adalyn    | F      | 5     | D       |    42 |      99 |      25 |
	| 146 | Archer    | M      | 4     | C       |    40 |       4 |      94 |
	| 155 | Ayden     | M      | 12    | D       |    21 |      78 |      60 |
	| 161 | Ashton    | M      | 4     | A       |    12 |      79 |      87 |
	| 163 | Atlas     | M      | 2     | B       |   100 |      25 |      13 |
	| 170 | Adriel    | M      | 7     | C       |    91 |      20 |       1 |
	| 171 | Alexandra | F      | 2     | B       |     7 |      79 |      21 |
	| 173 | Arthur    | M      | 12    | B       |    66 |      57 |      96 |
	| 174 | Ace       | M      | 12    | B       |    72 |      42 |     100 |
	| 183 | Ada       | F      | 6     | D       |    80 |      54 |       3 |
	| 184 | Anastasia | F      | 9     | B       |    68 |      25 |      88 |
	| 191 | Amy       | F      | 7     | C       |    41 |       9 |      13 |
	| 193 | Aubree    | F      | 2     | D       |    40 |      21 |      19 |
	| 197 | Arabella  | F      | 2     | A       |    40 |       5 |       9 |
	| 201 | Amari     | M      | 8     | D       |    81 |      48 |      94 |
	| 204 | Abraham   | M      | 6     | D       |    44 |      70 |      73 |
	| 211 | Alejandro | M      | 3     | B       |    43 |      33 |      36 |
	| 218 | Avery     | M      | 4     | C       |    94 |      58 |      31 |
	| 229 | Andres    | M      | 4     | A       |    94 |      22 |      35 |
	| 233 | Annie     | F      | 2     | B       |    32 |      36 |       3 |
	| 236 | Adonis    | M      | 9     | C       |     9 |      17 |      40 |
	| 249 | Adelyn    | F      | 6     | A       |    71 |      92 |      78 |
	| 266 | Adelaide  | F      | 9     | D       |    74 |      43 |      74 |
	| 283 | Atticus   | M      | 6     | C       |     1 |      73 |      96 |
	| 297 | Aidan     | M      | 3     | C       |    48 |      57 |      17 |
	| 301 | Andre     | M      | 6     | C       |    76 |      50 |      99 |
	| 326 | Alayah    | F      | 5     | D       |    54 |      98 |       4 |
	| 335 | Anderson  | M      | 11    | D       |    30 |      38 |      85 |
	| 336 | Amari     | F      | 2     | C       |    52 |      57 |      13 |
	| 337 | Adriana   | F      | 7     | D       |    95 |      81 |      84 |
	| 342 | Aniyah    | F      | 12    | A       |    25 |      97 |       8 |
	| 343 | Aziel     | M      | 6     | A       |    70 |      17 |      54 |
	| 348 | Amina     | F      | 9     | A       |    45 |      72 |      70 |
	| 349 | Ariyah    | F      | 1     | A       |    20 |      69 |      22 |
	| 350 | Adelynn   | F      | 1     | A       |     2 |      37 |      44 |
	| 355 | Ali       | M      | 7     | A       |    22 |      36 |      60 |
	| 357 | Avianna   | F      | 12    | B       |    72 |      14 |      36 |
	| 361 | Amiyah    | F      | 5     | D       |    55 |      81 |      80 |
	| 362 | Arielle   | F      | 11    | B       |    84 |      13 |       7 |
	+-----+-----------+--------+-------+---------+-------+---------+---------+
	61 rows in set (0.00 sec)

	mysql> SELECT * FROM student_marks
		-> WHERE name LIKE '_a%';
	+-----+-------------+--------+-------+---------+-------+---------+---------+
	| id  | name        | gender | class | section | maths | science | english |
	+-----+-------------+--------+-------+---------+-------+---------+---------+
	|   8 | James       | M      | 7     | B       |    58 |      20 |      66 |
	|  13 | Harper      | F      | 1     | D       |    20 |     100 |       4 |
	|  15 | Camila      | F      | 6     | D       |    91 |      39 |      27 |
	|  27 | Jack        | M      | 8     | D       |    89 |      46 |       7 |
	|  31 | Hazel       | F      | 7     | C       |    39 |      97 |      34 |
	|  32 | Madison     | F      | 7     | D       |    81 |      24 |       4 |
	|  35 | Jacob       | M      | 2     | B       |    65 |      85 |       1 |
	|  42 | David       | M      | 9     | D       |    93 |      99 |      65 |
	|  47 | Hannah      | F      | 7     | D       |    77 |      96 |      90 |
	|  51 | Maverick    | M      | 3     | A       |    94 |      71 |      35 |
	|  55 | Paisley     | F      | 12    | A       |     0 |       7 |     100 |
	|  57 | Naomi       | F      | 5     | B       |    31 |      20 |      56 |
	|  61 | Nathan      | M      | 1     | D       |    60 |      53 |       5 |
	|  64 | Aaliyah     | F      | 9     | A       |    58 |      40 |      55 |
	|  68 | Cameron     | M      | 8     | D       |    14 |      81 |      13 |
	|  69 | Santiago    | M      | 11    | C       |   100 |      90 |      63 |
	|  71 | Aaron       | M      | 9     | C       |    99 |       7 |       7 |
	|  74 | Madelyn     | F      | 8     | A       |   100 |       3 |      96 |
	|  79 | Waylon      | M      | 11    | B       |    25 |      89 |       7 |
	|  80 | Easton      | M      | 9     | D       |    92 |      25 |      20 |
	|  81 | Kai         | M      | 1     | A       |    33 |      37 |      37 |
	|  82 | Natalia     | F      | 1     | B       |    27 |      50 |      43 |
	|  84 | Caroline    | F      | 8     | D       |    39 |      88 |      76 |
	|  86 | Gabriella   | F      | 2     | C       |    85 |      99 |      87 |
	|  88 | Landon      | M      | 10    | A       |    63 |      45 |      82 |
	| 102 | Parker      | M      | 2     | A       |    70 |      41 |      94 |
	| 109 | Maria       | F      | 5     | B       |    15 |      68 |      92 |
	| 112 | Carson      | M      | 4     | D       |    97 |      38 |      50 |
	| 114 | Xavier      | M      | 12    | C       |    33 |     100 |      57 |
	| 115 | Jaxson      | M      | 2     | C       |    93 |       3 |       5 |
	| 120 | Jameson     | M      | 2     | C       |    97 |      47 |      60 |
	| 121 | Ian         | M      | 11    | A       |    42 |      93 |      14 |
	| 129 | Harrison    | M      | 9     | C       |    67 |      86 |      90 |
	| 133 | Walker      | M      | 11    | B       |    45 |       6 |      87 |
	| 134 | Jason       | M      | 9     | C       |    35 |       8 |      78 |
	| 137 | Nathaniel   | M      | 1     | A       |    81 |      20 |      40 |
	| 156 | Zachary     | M      | 1     | D       |    62 |      44 |      17 |
	| 157 | Calvin      | M      | 8     | D       |    77 |      67 |      88 |
	| 160 | Valeria     | F      | 3     | B       |     8 |      17 |      17 |
	| 165 | Bailey      | F      | 10    | B       |    29 |      39 |      69 |
	| 168 | Carlos      | M      | 7     | D       |    72 |      18 |     100 |
	| 172 | Faith       | F      | 7     | D       |    27 |      58 |      89 |
	| 176 | Jayce       | M      | 10    | C       |    56 |      11 |      42 |
	| 179 | Kaiden      | M      | 2     | B       |     8 |      22 |      50 |
	| 180 | Maxwell     | M      | 11    | B       |    78 |      11 |      21 |
	| 186 | Matteo      | M      | 8     | B       |    59 |      49 |       8 |
	| 187 | Malachi     | M      | 3     | A       |    48 |      68 |      86 |
	| 194 | Max         | M      | 7     | D       |    75 |      11 |      55 |
	| 198 | Sara        | F      | 10    | C       |    45 |      38 |       3 |
	| 202 | Karter      | M      | 8     | D       |    93 |       1 |      25 |
	| 207 | Oaklynn     | F      | 5     | B       |    23 |      59 |      66 |
	| 209 | Zayden      | M      | 9     | D       |     7 |      75 |      33 |
	| 212 | Dawson      | M      | 3     | D       |    68 |      50 |      94 |
	| 225 | Patrick     | M      | 7     | B       |    51 |      51 |      36 |
	| 234 | Kaia        | F      | 4     | A       |    35 |      86 |      94 |
	| 238 | Matias      | M      | 4     | A       |     1 |      15 |       0 |
	| 241 | Harlow      | F      | 9     | A       |    60 |      31 |      98 |
	| 242 | Rachel      | F      | 8     | A       |    11 |      35 |     100 |
	| 245 | Rafael      | M      | 4     | B       |    70 |      59 |      20 |
	| 246 | Zane        | M      | 5     | C       |    52 |       3 |      51 |
	| 252 | Kash        | M      | 6     | D       |    83 |      14 |      73 |
	| 255 | Jax         | M      | 4     | B       |     0 |      84 |      15 |
	| 257 | Kaleb       | M      | 1     | B       |    23 |      61 |       9 |
	| 258 | Kayla       | F      | 1     | A       |    58 |      43 |      72 |
	| 259 | Malia       | F      | 12    | A       |    97 |      91 |      87 |
	| 261 | Saylor      | F      | 5     | B       |    34 |      98 |      17 |
	| 267 | Daniela     | F      | 12    | A       |    69 |      49 |      89 |
	| 270 | Kaden       | M      | 8     | D       |    38 |       3 |      56 |
	| 271 | Lane        | M      | 9     | A       |    20 |      82 |      34 |
	| 273 | Dakota      | F      | 4     | A       |    51 |      75 |      49 |
	| 275 | Kairo       | M      | 3     | B       |    64 |      26 |      70 |
	| 276 | Maximus     | M      | 11    | C       |    14 |      10 |      72 |
	| 282 | Tatum       | F      | 11    | A       |    76 |      18 |       6 |
	| 286 | Kali        | F      | 4     | B       |    28 |       4 |      52 |
	| 288 | Maggie      | F      | 4     | A       |    21 |      25 |       4 |
	| 290 | Dallas      | M      | 9     | A       |    56 |      77 |      20 |
	| 291 | Walter      | M      | 3     | B       |    38 |       2 |      50 |
	| 293 | Hayden      | F      | 11    | C       |     1 |      91 |      88 |
	| 300 | Cayden      | M      | 8     | A       |    61 |      45 |      99 |
	| 303 | Paige       | F      | 8     | C       |    68 |      42 |      90 |
	| 305 | Maximiliano | M      | 9     | D       |    81 |      39 |      66 |
	| 306 | Zander      | M      | 4     | A       |    22 |      83 |      55 |
	| 309 | Harley      | F      | 12    | A       |    78 |      20 |      18 |
	| 316 | Jayla       | F      | 11    | C       |     6 |      89 |      81 |
	| 318 | Daxton      | M      | 4     | D       |    92 |      54 |      61 |
	| 320 | Hallie      | F      | 8     | D       |    44 |      41 |      74 |
	| 321 | Madilyn     | F      | 6     | D       |    17 |      16 |      88 |
	| 328 | Cairo       | M      | 7     | B       |    42 |      61 |      57 |
	| 332 | Wade        | M      | 7     | A       |    68 |      85 |      70 |
	| 338 | Kane        | M      | 5     | B       |    21 |      88 |       8 |
	| 339 | Raymond     | M      | 2     | D       |    29 |      19 |       5 |
	| 341 | Kalani      | F      | 8     | C       |    32 |      51 |      22 |
	| 346 | Jake        | M      | 1     | C       |    32 |      33 |      66 |
	| 358 | Makayla     | F      | 9     | B       |    32 |      93 |      40 |
	+-----+-------------+--------+-------+---------+-------+---------+---------+
	94 rows in set (0.00 sec)

	mysql> SELECT * FROM student_marks
		-> WHERE name LIKE '__a%';
	+-----+-----------+--------+-------+---------+-------+---------+---------+
	| id  | name      | gender | class | section | maths | science | english |
	+-----+-----------+--------+-------+---------+-------+---------+---------+
	|   2 | Liam      | M      | 8     | D       |    53 |      44 |      68 |
	|   3 | Noah      | M      | 7     | D       |    20 |       6 |      66 |
	|   6 | Charlotte | F      | 11    | B       |    35 |      13 |      83 |
	|  16 | Gianna    | F      | 4     | C       |    28 |      80 |      14 |
	|  23 | Scarlett  | F      | 6     | B       |    17 |      19 |      55 |
	|  41 | Wyatt     | M      | 8     | A       |    97 |      24 |      42 |
	|  58 | Isaiah    | M      | 1     | B       |    25 |      14 |      40 |
	|  72 | Ryan      | M      | 11    | A       |    74 |      67 |      35 |
	|  96 | Eva       | F      | 5     | C       |    83 |      93 |      49 |
	| 103 | Beau      | M      | 9     | B       |    63 |      52 |      51 |
	| 105 | Clara     | F      | 3     | A       |    71 |      59 |      33 |
	| 130 | Charlie   | F      | 2     | D       |     5 |      94 |       9 |
	| 131 | Alaia     | F      | 8     | B       |    24 |      41 |      44 |
	| 135 | Brayden   | M      | 11    | B       |     7 |      62 |      44 |
	| 145 | Adalyn    | F      | 5     | D       |    42 |      99 |      25 |
	| 149 | Isabel    | F      | 10    | B       |    22 |       8 |      87 |
	| 158 | Braxton   | M      | 6     | D       |    25 |      44 |      21 |
	| 181 | Juan      | M      | 6     | A       |    20 |      71 |       3 |
	| 182 | Dean      | M      | 11    | A       |     0 |      40 |      40 |
	| 183 | Ada       | F      | 6     | D       |    80 |      54 |       3 |
	| 184 | Anastasia | F      | 9     | B       |    68 |      25 |      88 |
	| 188 | Ivan      | M      | 10    | A       |    19 |      96 |       3 |
	| 196 | Graham    | M      | 9     | A       |    93 |      71 |      91 |
	| 197 | Arabella  | F      | 2     | A       |    40 |       5 |       9 |
	| 201 | Amari     | M      | 8     | D       |    81 |      48 |      94 |
	| 210 | Blake     | M      | 5     | D       |    59 |      88 |      68 |
	| 220 | Grant     | M      | 5     | A       |    48 |      50 |      75 |
	| 243 | Gracie    | F      | 6     | C       |     9 |      41 |      27 |
	| 260 | Elaina    | F      | 6     | A       |    16 |      22 |       2 |
	| 274 | Mya       | F      | 9     | D       |    34 |      45 |      29 |
	| 277 | Omar      | M      | 11    | D       |    73 |      54 |      98 |
	| 281 | Gia       | F      | 10    | A       |    57 |      52 |      70 |
	| 285 | Brantley  | M      | 9     | B       |    60 |      37 |       5 |
	| 292 | Brady     | M      | 3     | C       |    36 |       1 |      94 |
	| 294 | Joanna    | F      | 10    | C       |     6 |      17 |      95 |
	| 307 | Khalil    | M      | 6     | C       |    25 |      80 |       3 |
	| 310 | Lia       | F      | 2     | A       |    78 |       3 |      10 |
	| 312 | Francisco | M      | 4     | B       |    11 |       3 |      58 |
	| 326 | Alayah    | F      | 5     | D       |    54 |      98 |       4 |
	| 333 | Chance    | M      | 5     | A       |    70 |      58 |       6 |
	| 336 | Amari     | F      | 2     | C       |    52 |      57 |      13 |
	| 359 | Gracelyn  | F      | 1     | D       |    36 |      42 |      63 |
	+-----+-----------+--------+-------+---------+-------+---------+---------+
	42 rows in set (0.00 sec)

	mysql> SELECT * FROM student_marks
		-> WHERE name LIKE '%a_';
	+-----+-----------+--------+-------+---------+-------+---------+---------+
	| id  | name      | gender | class | section | maths | science | english |
	+-----+-----------+--------+-------+---------+-------+---------+---------+
	|   2 | Liam      | M      | 8     | D       |    53 |      44 |      68 |
	|   3 | Noah      | M      | 7     | D       |    20 |       6 |      66 |
	|   7 | Elijah    | M      | 6     | D       |    26 |      56 |      18 |
	|  12 | William   | M      | 11    | C       |    53 |      56 |      28 |
	|  18 | Lucas     | M      | 10    | B       |    43 |      12 |      36 |
	|  47 | Hannah    | F      | 7     | D       |    77 |      96 |      90 |
	|  48 | Dylan     | M      | 10    | C       |     0 |      56 |      41 |
	|  50 | Thomas    | M      | 10    | C       |     8 |      79 |      22 |
	|  54 | Lillian   | F      | 5     | B       |    62 |      29 |      29 |
	|  58 | Isaiah    | M      | 1     | B       |    25 |      14 |      40 |
	|  61 | Nathan    | M      | 1     | D       |    60 |      53 |       5 |
	|  62 | Nolan     | M      | 11    | A       |    27 |      79 |      83 |
	|  63 | Adrian    | M      | 12    | A       |    77 |      96 |      86 |
	|  64 | Aaliyah   | F      | 9     | A       |    58 |      40 |      55 |
	|  72 | Ryan      | M      | 11    | A       |    74 |      67 |      35 |
	|  77 | Skylar    | F      | 11    | B       |    87 |      33 |      81 |
	|  81 | Kai       | M      | 1     | A       |    33 |      37 |      37 |
	|  87 | Christian | M      | 4     | A       |    52 |      17 |      72 |
	|  90 | Roman     | M      | 6     | B       |    34 |      22 |      97 |
	| 100 | Silas     | M      | 2     | D       |    72 |      28 |      89 |
	| 101 | Nicholas  | M      | 3     | B       |    38 |      79 |      17 |
	| 103 | Beau      | M      | 9     | B       |    63 |      52 |      51 |
	| 104 | Vivian    | F      | 11    | D       |    79 |      82 |       8 |
	| 118 | Jonathan  | M      | 5     | D       |    98 |      63 |      23 |
	| 121 | Ian       | M      | 11    | A       |    42 |      93 |      14 |
	| 148 | Jonah     | M      | 4     | C       |    27 |      64 |      23 |
	| 163 | Atlas     | M      | 2     | B       |   100 |      25 |      13 |
	| 181 | Juan      | M      | 6     | A       |    20 |      71 |       3 |
	| 182 | Dean      | M      | 11    | A       |     0 |      40 |      40 |
	| 188 | Ivan      | M      | 10    | A       |    19 |      96 |       3 |
	| 194 | Max       | M      | 7     | D       |    75 |      11 |      55 |
	| 196 | Graham    | M      | 9     | A       |    93 |      71 |      91 |
	| 204 | Abraham   | M      | 6     | D       |    44 |      70 |      73 |
	| 208 | Morgan    | F      | 3     | D       |    28 |      98 |      10 |
	| 216 | Tristan   | M      | 1     | C       |    95 |      89 |      41 |
	| 238 | Matias    | M      | 4     | A       |     1 |      15 |       0 |
	| 239 | Oscar     | M      | 11    | C       |    86 |      32 |      29 |
	| 240 | Lukas     | M      | 11    | B       |    70 |      14 |      66 |
	| 244 | Rowan     | F      | 8     | D       |    89 |      42 |      78 |
	| 248 | Lilah     | F      | 7     | D       |    58 |       7 |      51 |
	| 255 | Jax       | M      | 4     | B       |     0 |      84 |      15 |
	| 277 | Omar      | M      | 11    | D       |    73 |      54 |      98 |
	| 290 | Dallas    | M      | 9     | A       |    56 |      77 |      20 |
	| 296 | Bryan     | M      | 4     | A       |    91 |      81 |      59 |
	| 297 | Aidan     | M      | 3     | C       |    48 |      57 |      17 |
	| 299 | Brian     | M      | 4     | A       |    75 |       1 |      27 |
	| 326 | Alayah    | F      | 5     | D       |    54 |      98 |       4 |
	| 340 | Cristian  | M      | 1     | C       |     3 |      13 |      25 |
	| 342 | Aniyah    | F      | 12    | A       |    25 |      97 |       8 |
	| 349 | Ariyah    | F      | 1     | A       |    20 |      69 |      22 |
	| 354 | Rylan     | M      | 5     | A       |    71 |      44 |       1 |
	| 361 | Amiyah    | F      | 5     | D       |    55 |      81 |      80 |
	+-----+-----------+--------+-------+---------+-------+---------+---------+
	52 rows in set (0.00 sec)

	mysql> SELECT * FROM student_marks
		-> WHERE name LIKE '%a__';
	+-----+-------------+--------+-------+---------+-------+---------+---------+
	| id  | name        | gender | class | section | maths | science | english |
	+-----+-------------+--------+-------+---------+-------+---------+---------+
	|  20 | Abigail     | F      | 8     | B       |    80 |      46 |      31 |
	|  27 | Jack        | M      | 8     | D       |    89 |      46 |       7 |
	|  41 | Wyatt       | M      | 8     | A       |    97 |      24 |      42 |
	|  69 | Santiago    | M      | 11    | C       |   100 |      90 |      63 |
	|  91 | Ariana      | F      | 2     | C       |    20 |      33 |      42 |
	| 105 | Clara       | F      | 3     | A       |    71 |      59 |      33 |
	| 131 | Alaia       | F      | 8     | B       |    24 |      41 |      44 |
	| 152 | Thiago      | M      | 1     | A       |    92 |      39 |      87 |
	| 156 | Zachary     | M      | 1     | D       |    62 |      44 |      17 |
	| 174 | Ace         | M      | 12    | B       |    72 |      42 |     100 |
	| 183 | Ada         | F      | 6     | D       |    80 |      54 |       3 |
	| 191 | Amy         | F      | 7     | C       |    41 |       9 |      13 |
	| 198 | Sara        | F      | 10    | C       |    45 |      38 |       3 |
	| 201 | Amari       | M      | 8     | D       |    81 |      48 |      94 |
	| 210 | Blake       | M      | 5     | D       |    59 |      88 |      68 |
	| 213 | Juliana     | F      | 5     | A       |    59 |      65 |      52 |
	| 220 | Grant       | M      | 5     | A       |    48 |      50 |      75 |
	| 227 | Richard     | M      | 7     | A       |    81 |      72 |      20 |
	| 228 | Edward      | M      | 10    | A       |    89 |       6 |      56 |
	| 234 | Kaia        | F      | 4     | A       |    35 |      86 |      94 |
	| 245 | Rafael      | M      | 4     | B       |    70 |      59 |      20 |
	| 246 | Zane        | M      | 5     | C       |    52 |       3 |      51 |
	| 252 | Kash        | M      | 6     | D       |    83 |      14 |      73 |
	| 271 | Lane        | M      | 9     | A       |    20 |      82 |      34 |
	| 286 | Kali        | F      | 4     | B       |    28 |       4 |      52 |
	| 292 | Brady       | M      | 3     | C       |    36 |       1 |      94 |
	| 305 | Maximiliano | M      | 9     | D       |    81 |      39 |      66 |
	| 332 | Wade        | M      | 7     | A       |    68 |      85 |      70 |
	| 336 | Amari       | F      | 2     | C       |    52 |      57 |      13 |
	| 337 | Adriana     | F      | 7     | D       |    95 |      81 |      84 |
	| 338 | Kane        | M      | 5     | B       |    21 |      88 |       8 |
	| 341 | Kalani      | F      | 8     | C       |    32 |      51 |      22 |
	| 346 | Jake        | M      | 1     | C       |    32 |      33 |      66 |
	| 355 | Ali         | M      | 7     | A       |    22 |      36 |      60 |
	+-----+-------------+--------+-------+---------+-------+---------+---------+
	34 rows in set (0.00 sec)

	mysql> SELECT DISTINCT gender from student_marks;
	+--------+
	| gender |
	+--------+
	| F      |
	| M      |
	+--------+
	2 rows in set (0.02 sec)

	mysql> SELECT DISTINCT name from student_marks;
	+-------------+
	| name        |
	+-------------+
	| Olivia      |
	| Liam        |
	| Noah        |
	| Oliver      |
	| Emma        |
	| Charlotte   |
	| Elijah      |
	| James       |
	| Elizabeth   |
	| Eleanor     |
	| Ella        |
	| William     |
	| Harper      |
	| Luna        |
	| Camila      |
	| Gianna      |
	| Benjamin    |
	| Lucas       |
	| Henry       |
	| Abigail     |
	| Sofia       |
	| Avery       |
	| Scarlett    |
	| Emily       |
	| Aria        |
	| Theodore    |
	| Jack        |
	| Levi        |
	| Alexander   |
	| Nora        |
	| Hazel       |
	| Madison     |
	| Ellie       |
	| Lily        |
	| Jacob       |
	| Asher       |
	| Aiden       |
	| Violet      |
	| Aurora      |
	| Joseph      |
	| Wyatt       |
	| David       |
	| Emilia      |
	| Stella      |
	| Zoe         |
	| Victoria    |
	| Hannah      |
	| Dylan       |
	| Lincoln     |
	| Thomas      |
	| Maverick    |
	| Ivy         |
	| Everly      |
	| Lillian     |
	| Paisley     |
	| Elena       |
	| Naomi       |
	| Isaiah      |
	| Andrew      |
	| Joshua      |
	| Nathan      |
	| Nolan       |
	| Adrian      |
	| Aaliyah     |
	| Ruby        |
	| Brooklyn    |
	| Alice       |
	| Cameron     |
	| Santiago    |
	| Eli         |
	| Aaron       |
	| Ryan        |
	| Angel       |
	| Madelyn     |
	| Josephine   |
	| Bella       |
	| Skylar      |
	| Cooper      |
	| Waylon      |
	| Easton      |
	| Kai         |
	| Natalia     |
	| Quinn       |
	| Caroline    |
	| Allson      |
	| Gabriella   |
	| Christian   |
	| Landon      |
	| Colton      |
	| Roman       |
	| Ariana      |
	| Emery       |
	| Lydia       |
	| Axel        |
	| Brooks      |
	| Eva         |
	| Adeline     |
	| Jose        |
	| Bennett     |
	| Silas       |
	| Nicholas    |
	| Parker      |
	| Beau        |
	| Vivian      |
	| Clara       |
	| Weston      |
	| Austin      |
	| Connor      |
	| Maria       |
	| Iris        |
	| Ayla        |
	| Carson      |
	| Dominic     |
	| Xavier      |
	| Jaxson      |
	| Melody      |
	| Julia       |
	| Jonathan    |
	| Robert      |
	| Jameson     |
	| Ian         |
	| Everett     |
	| Arya        |
	| Eden        |
	| Remi        |
	| Vincent     |
	| Legend      |
	| Myles       |
	| Harrison    |
	| Charlie     |
	| Alaia       |
	| Melanie     |
	| Walker      |
	| Jason       |
	| Brayden     |
	| Cole        |
	| Nathaniel   |
	| Alina       |
	| Lucia       |
	| Ximena      |
	| George      |
	| Lorenzo     |
	| Zion        |
	| Luis        |
	| Adalyn      |
	| Archer      |
	| Enzo        |
	| Jonah       |
	| Isabel      |
	| Reese       |
	| Emersyn     |
	| Thiago      |
	| Theo        |
	| River       |
	| Ayden       |
	| Zachary     |
	| Calvin      |
	| Braxton     |
	| Esther      |
	| Valeria     |
	| Ashton      |
	| Rhett       |
	| Atlas       |
	| Jude        |
	| Bailey      |
	| Ember       |
	| Bentley     |
	| Carlos      |
	| Ryker       |
	| Adriel      |
	| Alexandra   |
	| Faith       |
	| Arthur      |
	| Ace         |
	| Tyler       |
	| Jayce       |
	| Millie      |
	| June        |
	| Kaiden      |
	| Maxwell     |
	| Juan        |
	| Dean        |
	| Ada         |
	| Anastasia   |
	| Olive       |
	| Matteo      |
	| Malachi     |
	| Ivan        |
	| Elliott     |
	| Jesus       |
	| Amy         |
	| Ruth        |
	| Aubree      |
	| Max         |
	| Elliot      |
	| Graham      |
	| Arabella    |
	| Sara        |
	| Journee     |
	| Beckett     |
	| Amari       |
	| Karter      |
	| Timothy     |
	| Abraham     |
	| Jesse       |
	| Selena      |
	| Oaklynn     |
	| Morgan      |
	| Zayden      |
	| Blake       |
	| Alejandro   |
	| Dawson      |
	| Juliana     |
	| Finley      |
	| Presley     |
	| Tristan     |
	| Victor      |
	| Joel        |
	| Grant       |
	| Eric        |
	| London      |
	| Kimberly    |
	| Elsie       |
	| Patrick     |
	| Peter       |
	| Richard     |
	| Edward      |
	| Andres      |
	| Nyla        |
	| Vera        |
	| Hope        |
	| Annie       |
	| Kaia        |
	| Myla        |
	| Adonis      |
	| Kyrie       |
	| Matias      |
	| Oscar       |
	| Lukas       |
	| Harlow      |
	| Rachel      |
	| Gracie      |
	| Rowan       |
	| Rafael      |
	| Zane        |
	| Jeremy      |
	| Lilah       |
	| Adelyn      |
	| Phoebe      |
	| Octavia     |
	| Kash        |
	| Preston     |
	| Kyler       |
	| Jax         |
	| Jett        |
	| Kaleb       |
	| Kayla       |
	| Malia       |
	| Elaina      |
	| Saylor      |
	| Brooke      |
	| Riley       |
	| Simon       |
	| Phoenix     |
	| Adelaide    |
	| Daniela     |
	| Kenneth     |
	| Nico        |
	| Kaden       |
	| Lane        |
	| Delaney     |
	| Dakota      |
	| Mya         |
	| Kairo       |
	| Maximus     |
	| Omar        |
	| Lucille     |
	| Trinity     |
	| Gia         |
	| Tatum       |
	| Atticus     |
	| Crew        |
	| Brantley    |
	| Kali        |
	| Stevie      |
	| Maggie      |
	| Colin       |
	| Dallas      |
	| Walter      |
	| Brady       |
	| Hayden      |
	| Joanna      |
	| Jocelyn     |
	| Bryan       |
	| Aidan       |
	| Cohen       |
	| Brian       |
	| Cayden      |
	| Andre       |
	| Leia        |
	| Paige       |
	| Niko        |
	| Maximiliano |
	| Zander      |
	| Khalil      |
	| Rory        |
	| Harley      |
	| Lia         |
	| Francisco   |
	| Cruz        |
	| Kobe        |
	| Thea        |
	| Jayla       |
	| Reid        |
	| Daxton      |
	| Vivienne    |
	| Hallie      |
	| Madilyn     |
	| Orion       |
	| Spencer     |
	| Ophelia     |
	| Celeste     |
	| Alayah      |
	| Colson      |
	| Cairo       |
	| Gunner      |
	| Nina        |
	| Briella     |
	| Wade        |
	| Chance      |
	| Odin        |
	| Anderson    |
	| Adriana     |
	| Kane        |
	| Raymond     |
	| Cristian    |
	| Kalani      |
	| Aniyah      |
	| Aziel       |
	| Prince      |
	| Ezequiel    |
	| Jake        |
	| Otto        |
	| Amina       |
	| Ariyah      |
	| Adelynn     |
	| Remington   |
	| Reign       |
	| Eduardo     |
	| Rylan       |
	| Ali         |
	| Willa       |
	| Avianna     |
	| Makayla     |
	| Gracelyn    |
	| Elle        |
	| Amiyah      |
	| Arielle     |
	| Elianna     |
	| Giselle     |
	+-------------+
	360 rows in set (0.01 sec)

	mysql> select count(distinct name) from student_marks;
	+----------------------+
	| count(distinct name) |
	+----------------------+
	|                  360 |
	+----------------------+
	1 row in set (0.02 sec)

	mysql> select distinct class from student_marks;
	+-------+
	| class |
	+-------+
	| 9     |
	| 8     |
	| 7     |
	| 5     |
	| 11    |
	| 6     |
	| 2     |
	| 12    |
	| 1     |
	| 4     |
	| 10    |
	| 3     |
	+-------+
	12 rows in set (0.00 sec)

	mysql> select count(distinct class) from student_marks;
	+-----------------------+
	| count(distinct class) |
	+-----------------------+
	|                    12 |
	+-----------------------+
	1 row in set (0.00 sec)

	mysql> select distinct sscsion from student_marks;
	ERROR 1054 (42S22): Unknown column 'sscsion' in 'field list'
	mysql> select distinct secsion from student_marks;
	ERROR 1054 (42S22): Unknown column 'secsion' in 'field list'
	mysql> select distinct section from student_marks;
	+---------+
	| section |
	+---------+
	| C       |
	| D       |
	| B       |
	| A       |
	+---------+
	4 rows in set (0.00 sec)

	mysql> select count(distinct section) from student_marks;
	+-------------------------+
	| count(distinct section) |
	+-------------------------+
	|                       4 |
	+-------------------------+
	1 row in set (0.00 sec)

	mysql> select distinct class, section from student_marks;
	+-------+---------+
	| class | section |
	+-------+---------+
	| 9     | C       |
	| 8     | D       |
	| 7     | D       |
	| 5     | D       |
	| 7     | C       |
	| 11    | B       |
	| 6     | D       |
	| 7     | B       |
	| 2     | B       |
	| 12    | D       |
	| 11    | C       |
	| 1     | D       |
	| 7     | A       |
	| 4     | C       |
	| 6     | A       |
	| 10    | B       |
	| 3     | C       |
	| 8     | B       |
	| 2     | A       |
	| 6     | B       |
	| 5     | C       |
	| 12    | A       |
	| 6     | C       |
	| 12    | C       |
	| 9     | D       |
	| 4     | B       |
	| 10    | D       |
	| 4     | D       |
	| 3     | A       |
	| 8     | A       |
	| 9     | B       |
	| 4     | A       |
	| 5     | A       |
	| 10    | C       |
	| 5     | B       |
	| 1     | B       |
	| 11    | A       |
	| 9     | A       |
	| 3     | D       |
	| 1     | A       |
	| 2     | C       |
	| 10    | A       |
	| 2     | D       |
	| 3     | B       |
	| 11    | D       |
	| 12    | B       |
	| 1     | C       |
	| 8     | C       |
	+-------+---------+
	48 rows in set (0.00 sec)

	mysql> select section,distinct class from student_marks;
	ERROR 1064 (42000): You have an error in your SQL syntax; check the manual that corresponds to your MySQL server version for the right syntax to use near 'distinct class from student_marks' at line 1
	mysql> select section, distinct class from student_marks;
	ERROR 1064 (42000): You have an error in your SQL syntax; check the manual that corresponds to your MySQL server version for the right syntax to use near 'distinct class from student_marks' at line 1
	mysql> select distinct class, section from student_marks;
	+-------+---------+
	| class | section |
	+-------+---------+
	| 9     | C       |
	| 8     | D       |
	| 7     | D       |
	| 5     | D       |
	| 7     | C       |
	| 11    | B       |
	| 6     | D       |
	| 7     | B       |
	| 2     | B       |
	| 12    | D       |
	| 11    | C       |
	| 1     | D       |
	| 7     | A       |
	| 4     | C       |
	| 6     | A       |
	| 10    | B       |
	| 3     | C       |
	| 8     | B       |
	| 2     | A       |
	| 6     | B       |
	| 5     | C       |
	| 12    | A       |
	| 6     | C       |
	| 12    | C       |
	| 9     | D       |
	| 4     | B       |
	| 10    | D       |
	| 4     | D       |
	| 3     | A       |
	| 8     | A       |
	| 9     | B       |
	| 4     | A       |
	| 5     | A       |
	| 10    | C       |
	| 5     | B       |
	| 1     | B       |
	| 11    | A       |
	| 9     | A       |
	| 3     | D       |
	| 1     | A       |
	| 2     | C       |
	| 10    | A       |
	| 2     | D       |
	| 3     | B       |
	| 11    | D       |
	| 12    | B       |
	| 1     | C       |
	| 8     | C       |
	+-------+---------+
	48 rows in set (0.00 sec)

	mysql> select count(distinct class, section) from student_marks;
	+--------------------------------+
	| count(distinct class, section) |
	+--------------------------------+
	|                             48 |
	+--------------------------------+
	1 row in set (0.00 sec)

	mysql> select distinct class, section from student_marks group by class;
	ERROR 1055 (42000): Expression #2 of SELECT list is not in GROUP BY clause and contains nonaggregated column 'revision_practice.student_marks.section' which is not functionally dependent on columns in GROUP BY clause; this is incompatible with sql_mode=only_full_group_by
	mysql> select distinct class, section from student_marks group by class,section;
	+-------+---------+
	| class | section |
	+-------+---------+
	| 9     | C       |
	| 8     | D       |
	| 7     | D       |
	| 5     | D       |
	| 7     | C       |
	| 11    | B       |
	| 6     | D       |
	| 7     | B       |
	| 2     | B       |
	| 12    | D       |
	| 11    | C       |
	| 1     | D       |
	| 7     | A       |
	| 4     | C       |
	| 6     | A       |
	| 10    | B       |
	| 3     | C       |
	| 8     | B       |
	| 2     | A       |
	| 6     | B       |
	| 5     | C       |
	| 12    | A       |
	| 6     | C       |
	| 12    | C       |
	| 9     | D       |
	| 4     | B       |
	| 10    | D       |
	| 4     | D       |
	| 3     | A       |
	| 8     | A       |
	| 9     | B       |
	| 4     | A       |
	| 5     | A       |
	| 10    | C       |
	| 5     | B       |
	| 1     | B       |
	| 11    | A       |
	| 9     | A       |
	| 3     | D       |
	| 1     | A       |
	| 2     | C       |
	| 10    | A       |
	| 2     | D       |
	| 3     | B       |
	| 11    | D       |
	| 12    | B       |
	| 1     | C       |
	| 8     | C       |
	+-------+---------+
	48 rows in set (0.00 sec)

	mysql> select distinct class, section from student_marks order by class,section;
	+-------+---------+
	| class | section |
	+-------+---------+
	| 1     | A       |
	| 1     | B       |
	| 1     | C       |
	| 1     | D       |
	| 10    | A       |
	| 10    | B       |
	| 10    | C       |
	| 10    | D       |
	| 11    | A       |
	| 11    | B       |
	| 11    | C       |
	| 11    | D       |
	| 12    | A       |
	| 12    | B       |
	| 12    | C       |
	| 12    | D       |
	| 2     | A       |
	| 2     | B       |
	| 2     | C       |
	| 2     | D       |
	| 3     | A       |
	| 3     | B       |
	| 3     | C       |
	| 3     | D       |
	| 4     | A       |
	| 4     | B       |
	| 4     | C       |
	| 4     | D       |
	| 5     | A       |
	| 5     | B       |
	| 5     | C       |
	| 5     | D       |
	| 6     | A       |
	| 6     | B       |
	| 6     | C       |
	| 6     | D       |
	| 7     | A       |
	| 7     | B       |
	| 7     | C       |
	| 7     | D       |
	| 8     | A       |
	| 8     | B       |
	| 8     | C       |
	| 8     | D       |
	| 9     | A       |
	| 9     | B       |
	| 9     | C       |
	| 9     | D       |
	+-------+---------+
	48 rows in set (0.01 sec)

	mysql> select distinct class, section from student_marks order by class,section;
	+-------+---------+
	| class | section |
	+-------+---------+
	| 1     | A       |
	| 1     | B       |
	| 1     | C       |
	| 1     | D       |
	| 10    | A       |
	| 10    | B       |
	| 10    | C       |
	| 10    | D       |
	| 11    | A       |
	| 11    | B       |
	| 11    | C       |
	| 11    | D       |
	| 12    | A       |
	| 12    | B       |
	| 12    | C       |
	| 12    | D       |
	| 2     | A       |
	| 2     | B       |
	| 2     | C       |
	| 2     | D       |
	| 3     | A       |
	| 3     | B       |
	| 3     | C       |
	| 3     | D       |
	| 4     | A       |
	| 4     | B       |
	| 4     | C       |
	| 4     | D       |
	| 5     | A       |
	| 5     | B       |
	| 5     | C       |
	| 5     | D       |
	| 6     | A       |
	| 6     | B       |
	| 6     | C       |
	| 6     | D       |
	| 7     | A       |
	| 7     | B       |
	| 7     | C       |
	| 7     | D       |
	| 8     | A       |
	| 8     | B       |
	| 8     | C       |
	| 8     | D       |
	| 9     | A       |
	| 9     | B       |
	| 9     | C       |
	| 9     | D       |
	+-------+---------+
	48 rows in set (0.00 sec)

	mysql> select distinct class, section from student_marks order by class,section;
	+-------+---------+
	| class | section |
	+-------+---------+
	| 1     | A       |
	| 1     | B       |
	| 1     | C       |
	| 1     | D       |
	| 10    | A       |
	| 10    | B       |
	| 10    | C       |
	| 10    | D       |
	| 11    | A       |
	| 11    | B       |
	| 11    | C       |
	| 11    | D       |
	| 12    | A       |
	| 12    | B       |
	| 12    | C       |
	| 12    | D       |
	| 2     | A       |
	| 2     | B       |
	| 2     | C       |
	| 2     | D       |
	| 3     | A       |
	| 3     | B       |
	| 3     | C       |
	| 3     | D       |
	| 4     | A       |
	| 4     | B       |
	| 4     | C       |
	| 4     | D       |
	| 5     | A       |
	| 5     | B       |
	| 5     | C       |
	| 5     | D       |
	| 6     | A       |
	| 6     | B       |
	| 6     | C       |
	| 6     | D       |
	| 7     | A       |
	| 7     | B       |
	| 7     | C       |
	| 7     | D       |
	| 8     | A       |
	| 8     | B       |
	| 8     | C       |
	| 8     | D       |
	| 9     | A       |
	| 9     | B       |
	| 9     | C       |
	| 9     | D       |
	+-------+---------+
	48 rows in set (0.00 sec)

	mysql> select distinct class, section from student_marks order by class,section;
	+-------+---------+
	| class | section |
	+-------+---------+
	| 1     | A       |
	| 1     | B       |
	| 1     | C       |
	| 1     | D       |
	| 10    | A       |
	| 10    | B       |
	| 10    | C       |
	| 10    | D       |
	| 11    | A       |
	| 11    | B       |
	| 11    | C       |
	| 11    | D       |
	| 12    | A       |
	| 12    | B       |
	| 12    | C       |
	| 12    | D       |
	| 2     | A       |
	| 2     | B       |
	| 2     | C       |
	| 2     | D       |
	| 3     | A       |
	| 3     | B       |
	| 3     | C       |
	| 3     | D       |
	| 4     | A       |
	| 4     | B       |
	| 4     | C       |
	| 4     | D       |
	| 5     | A       |
	| 5     | B       |
	| 5     | C       |
	| 5     | D       |
	| 6     | A       |
	| 6     | B       |
	| 6     | C       |
	| 6     | D       |
	| 7     | A       |
	| 7     | B       |
	| 7     | C       |
	| 7     | D       |
	| 8     | A       |
	| 8     | B       |
	| 8     | C       |
	| 8     | D       |
	| 9     | A       |
	| 9     | B       |
	| 9     | C       |
	| 9     | D       |
	+-------+---------+
	48 rows in set (0.00 sec)

	mysql> select distinct class, section from student_marks order by class,section;
	+-------+---------+
	| class | section |
	+-------+---------+
	| 1     | A       |
	| 1     | B       |
	| 1     | C       |
	| 1     | D       |
	| 10    | A       |
	| 10    | B       |
	| 10    | C       |
	| 10    | D       |
	| 11    | A       |
	| 11    | B       |
	| 11    | C       |
	| 11    | D       |
	| 12    | A       |
	| 12    | B       |
	| 12    | C       |
	| 12    | D       |
	| 2     | A       |
	| 2     | B       |
	| 2     | C       |
	| 2     | D       |
	| 3     | A       |
	| 3     | B       |
	| 3     | C       |
	| 3     | D       |
	| 4     | A       |
	| 4     | B       |
	| 4     | C       |
	| 4     | D       |
	| 5     | A       |
	| 5     | B       |
	| 5     | C       |
	| 5     | D       |
	| 6     | A       |
	| 6     | B       |
	| 6     | C       |
	| 6     | D       |
	| 7     | A       |
	| 7     | B       |
	| 7     | C       |
	| 7     | D       |
	| 8     | A       |
	| 8     | B       |
	| 8     | C       |
	| 8     | D       |
	| 9     | A       |
	| 9     | B       |
	| 9     | C       |
	| 9     | D       |
	+-------+---------+
	48 rows in set (0.00 sec)

	mysql> select distinct class, section from student_marks order by class,section desc;
	+-------+---------+
	| class | section |
	+-------+---------+
	| 1     | D       |
	| 1     | C       |
	| 1     | B       |
	| 1     | A       |
	| 10    | D       |
	| 10    | C       |
	| 10    | B       |
	| 10    | A       |
	| 11    | D       |
	| 11    | C       |
	| 11    | B       |
	| 11    | A       |
	| 12    | D       |
	| 12    | C       |
	| 12    | B       |
	| 12    | A       |
	| 2     | D       |
	| 2     | C       |
	| 2     | B       |
	| 2     | A       |
	| 3     | D       |
	| 3     | C       |
	| 3     | B       |
	| 3     | A       |
	| 4     | D       |
	| 4     | C       |
	| 4     | B       |
	| 4     | A       |
	| 5     | D       |
	| 5     | C       |
	| 5     | B       |
	| 5     | A       |
	| 6     | D       |
	| 6     | C       |
	| 6     | B       |
	| 6     | A       |
	| 7     | D       |
	| 7     | C       |
	| 7     | B       |
	| 7     | A       |
	| 8     | D       |
	| 8     | C       |
	| 8     | B       |
	| 8     | A       |
	| 9     | D       |
	| 9     | C       |
	| 9     | B       |
	| 9     | A       |
	+-------+---------+
	48 rows in set (0.00 sec)

	mysql> select distinct class, section from student_marks order by class asc,section desc;
	+-------+---------+
	| class | section |
	+-------+---------+
	| 1     | D       |
	| 1     | C       |
	| 1     | B       |
	| 1     | A       |
	| 10    | D       |
	| 10    | C       |
	| 10    | B       |
	| 10    | A       |
	| 11    | D       |
	| 11    | C       |
	| 11    | B       |
	| 11    | A       |
	| 12    | D       |
	| 12    | C       |
	| 12    | B       |
	| 12    | A       |
	| 2     | D       |
	| 2     | C       |
	| 2     | B       |
	| 2     | A       |
	| 3     | D       |
	| 3     | C       |
	| 3     | B       |
	| 3     | A       |
	| 4     | D       |
	| 4     | C       |
	| 4     | B       |
	| 4     | A       |
	| 5     | D       |
	| 5     | C       |
	| 5     | B       |
	| 5     | A       |
	| 6     | D       |
	| 6     | C       |
	| 6     | B       |
	| 6     | A       |
	| 7     | D       |
	| 7     | C       |
	| 7     | B       |
	| 7     | A       |
	| 8     | D       |
	| 8     | C       |
	| 8     | B       |
	| 8     | A       |
	| 9     | D       |
	| 9     | C       |
	| 9     | B       |
	| 9     | A       |
	+-------+---------+
	48 rows in set (0.00 sec)

	mysql> select distinct class, section from student_marks order by class asc,section asc;
	+-------+---------+
	| class | section |
	+-------+---------+
	| 1     | A       |
	| 1     | B       |
	| 1     | C       |
	| 1     | D       |
	| 10    | A       |
	| 10    | B       |
	| 10    | C       |
	| 10    | D       |
	| 11    | A       |
	| 11    | B       |
	| 11    | C       |
	| 11    | D       |
	| 12    | A       |
	| 12    | B       |
	| 12    | C       |
	| 12    | D       |
	| 2     | A       |
	| 2     | B       |
	| 2     | C       |
	| 2     | D       |
	| 3     | A       |
	| 3     | B       |
	| 3     | C       |
	| 3     | D       |
	| 4     | A       |
	| 4     | B       |
	| 4     | C       |
	| 4     | D       |
	| 5     | A       |
	| 5     | B       |
	| 5     | C       |
	| 5     | D       |
	| 6     | A       |
	| 6     | B       |
	| 6     | C       |
	| 6     | D       |
	| 7     | A       |
	| 7     | B       |
	| 7     | C       |
	| 7     | D       |
	| 8     | A       |
	| 8     | B       |
	| 8     | C       |
	| 8     | D       |
	| 9     | A       |
	| 9     | B       |
	| 9     | C       |
	| 9     | D       |
	+-------+---------+
	48 rows in set (0.00 sec)

	mysql> select distinct class, section from student_marks order by class asc;
	+-------+---------+
	| class | section |
	+-------+---------+
	| 1     | A       |
	| 1     | B       |
	| 1     | C       |
	| 1     | D       |
	| 10    | A       |
	| 10    | B       |
	| 10    | C       |
	| 10    | D       |
	| 11    | A       |
	| 11    | B       |
	| 11    | C       |
	| 11    | D       |
	| 12    | A       |
	| 12    | B       |
	| 12    | C       |
	| 12    | D       |
	| 2     | A       |
	| 2     | B       |
	| 2     | C       |
	| 2     | D       |
	| 3     | A       |
	| 3     | B       |
	| 3     | C       |
	| 3     | D       |
	| 4     | A       |
	| 4     | B       |
	| 4     | C       |
	| 4     | D       |
	| 5     | A       |
	| 5     | B       |
	| 5     | C       |
	| 5     | D       |
	| 6     | A       |
	| 6     | B       |
	| 6     | C       |
	| 6     | D       |
	| 7     | A       |
	| 7     | B       |
	| 7     | C       |
	| 7     | D       |
	| 8     | A       |
	| 8     | B       |
	| 8     | C       |
	| 8     | D       |
	| 9     | A       |
	| 9     | B       |
	| 9     | C       |
	| 9     | D       |
	+-------+---------+
	48 rows in set (0.00 sec)

	mysql> SELECT AVG(maths) from student_marks;
	+------------+
	| AVG(maths) |
	+------------+
	|    49.8516 |
	+------------+
	1 row in set (0.01 sec)

	mysql> SELECT AVG(science) from student_marks
		-> WHERE gender = 'M';
	+--------------+
	| AVG(science) |
	+--------------+
	|      48.0303 |
	+--------------+
	1 row in set (0.00 sec)

	mysql> SELECT AVG(science) from student_marks
		-> WHERE gender = 'F';
	+--------------+
	| AVG(science) |
	+--------------+
	|      50.6145 |
	+--------------+
	1 row in set (0.00 sec)

	mysql> SELECT AVG(maths) from student_marks
		-> WHERE gender = 'F';
	+------------+
	| AVG(maths) |
	+------------+
	|    47.9639 |
	+------------+
	1 row in set (0.00 sec)

	mysql> SELECT AVG(science) from student_marks
		-> WHERE gender = 'M';
	+--------------+
	| AVG(science) |
	+--------------+
	|      48.0303 |
	+--------------+
	1 row in set (0.00 sec)

	mysql> SELECT AVG(science) from student_marks
		-> WHERE gender = 'M';
	+--------------+
	| AVG(science) |
	+--------------+
	|      48.0303 |
	+--------------+
	1 row in set (0.00 sec)

	mysql> SELECT AVG(maths) from student_marks
		-> WHERE gender = 'F';
	+------------+
	| AVG(maths) |
	+------------+
	|    47.9639 |
	+------------+
	1 row in set (0.00 sec)

	mysql> SELECT AVG(english) from student_marks
		-> WHERE gender = 'F';
	+--------------+
	| AVG(english) |
	+--------------+
	|      50.1024 |
	+--------------+
	1 row in set (0.00 sec)

	mysql> SELECT AVG(maths) from student_marks
		-> WHERE gender = 'M';
	+------------+
	| AVG(maths) |
	+------------+
	|    51.4343 |
	+------------+
	1 row in set (0.00 sec)

	mysql> SELECT AVG(science), AVG(english) from student_marks
		-> WHERE gender = 'M';
	+--------------+--------------+
	| AVG(science) | AVG(english) |
	+--------------+--------------+
	|      48.0303 |      47.8838 |
	+--------------+--------------+
	1 row in set (0.00 sec)

	mysql> SELECT AVG(science), AVG(english) from student_marks
		-> WHERE gender = 'F';
	+--------------+--------------+
	| AVG(science) | AVG(english) |
	+--------------+--------------+
	|      50.6145 |      50.1024 |
	+--------------+--------------+
	1 row in set (0.00 sec)

	mysql> SELECT AVG(science), AVG(english) from student_marks
		-> WHERE gender = 'M';SELECT AVG(science), AVG(english) from student_marks
	+--------------+--------------+
	| AVG(science) | AVG(english) |
	+--------------+--------------+
	|      48.0303 |      47.8838 |
	+--------------+--------------+
	1 row in set (0.00 sec)

		-> SELECT AVG(science), AVG(english) AVG(Maths) from student_marks
		-> WHERE gender = 'F';
	ERROR 1064 (42000): You have an error in your SQL syntax; check the manual that corresponds to your MySQL server version for the right syntax to use near 'SELECT AVG(science), AVG(english) AVG(Maths) from student_marks
	WHERE gender = '' at line 2
	mysql> SELECT AVG(science), AVG(english,=), AVG(Maths) from student_marks
		-> WHERE gender = 'F';
	ERROR 1064 (42000): You have an error in your SQL syntax; check the manual that corresponds to your MySQL server version for the right syntax to use near ',=), AVG(Maths) from student_marks
	WHERE gender = 'F'' at line 1
	mysql> SELECT AVG(science), AVG(english), AVG(Maths) from student_marks
		-> WHERE gender = 'F';
	+--------------+--------------+------------+
	| AVG(science) | AVG(english) | AVG(Maths) |
	+--------------+--------------+------------+
	|      50.6145 |      50.1024 |    47.9639 |
	+--------------+--------------+------------+
	1 row in set (0.00 sec)

	mysql> SELECT AVG(science), AVG(english,=), AVG(Maths) from student_marks
		-> WHERE gender = 'M';
	ERROR 1064 (42000): You have an error in your SQL syntax; check the manual that corresponds to your MySQL server version for the right syntax to use near ',=), AVG(Maths) from student_marks
	WHERE gender = 'M'' at line 1
	mysql> SELECT AVG(science), AVG(english), AVG(Maths) from student_marks
		-> WHERE gender = 'M';
	+--------------+--------------+------------+
	| AVG(science) | AVG(english) | AVG(Maths) |
	+--------------+--------------+------------+
	|      48.0303 |      47.8838 |    51.4343 |
	+--------------+--------------+------------+
	1 row in set (0.00 sec)

	mysql> SELECT AVG(science), AVG(english) from student_marks
		-> WHERE gender = 'M' AND Class = 2;
	+--------------+--------------+
	| AVG(science) | AVG(english) |
	+--------------+--------------+
	|      39.6923 |      31.2308 |
	+--------------+--------------+
	1 row in set (0.27 sec)

	mysql> SELECT AVG(science), AVG(english) from student_marks
		-> WHERE gender = 'M' AND Class = 3;
	+--------------+--------------+
	| AVG(science) | AVG(english) |
	+--------------+--------------+
	|      53.6667 |      53.6667 |
	+--------------+--------------+
	1 row in set (0.00 sec)

	mysql> SELECT AVG(science), AVG(english) from student_marks
		-> WHERE gender = 'F' AND Class = 3;
	+--------------+--------------+
	| AVG(science) | AVG(english) |
	+--------------+--------------+
	|      48.9000 |      45.1000 |
	+--------------+--------------+
	1 row in set (0.00 sec)

	mysql> SELECT AVG(science), AVG(english) from student_marks
		-> WHERE gender = 'M' AND Class = 4;
	+--------------+--------------+
	| AVG(science) | AVG(english) |
	+--------------+--------------+
	|      48.1200 |      46.8800 |
	+--------------+--------------+
	1 row in set (0.00 sec)

	mysql> SELECT AVG(science), AVG(english) from student_marks
		-> WHERE gender = 'F' AND Class = 4;
	+--------------+--------------+
	| AVG(science) | AVG(english) |
	+--------------+--------------+
	|      46.1000 |      49.9000 |
	+--------------+--------------+
	1 row in set (0.00 sec)

	mysql> SELECT AVG(science), AVG(english) from student_marks
		-> WHERE gender = 'M' AND Class = 5;
	+--------------+--------------+
	| AVG(science) | AVG(english) |
	+--------------+--------------+
	|      48.3333 |      46.3333 |
	+--------------+--------------+
	1 row in set (0.00 sec)

	mysql> SELECT AVG(science), AVG(english) from student_marks
		-> WHERE gender = 'F' AND Class = 5;
	+--------------+--------------+
	| AVG(science) | AVG(english) |
	+--------------+--------------+
	|      58.1053 |      41.7895 |
	+--------------+--------------+
	1 row in set (0.00 sec)

	mysql> SELECT AVG(science), AVG(english) from student_marks
		-> WHERE gender = 'M' AND Class = 6;
	+--------------+--------------+
	| AVG(science) | AVG(english) |
	+--------------+--------------+
	|      45.9333 |      55.6000 |
	+--------------+--------------+
	1 row in set (0.00 sec)

	mysql> SELECT AVG(science), AVG(english) from student_marks
		-> WHERE gender = 'F' AND Class = 6;
	+--------------+--------------+
	| AVG(science) | AVG(english) |
	+--------------+--------------+
	|      28.7500 |      43.5000 |
	+--------------+--------------+
	1 row in set (0.00 sec)

	mysql> SELECT AVG(science), AVG(english) from student_marks
		-> WHERE gender = 'F' AND Class = 7;
	+--------------+--------------+
	| AVG(science) | AVG(english) |
	+--------------+--------------+
	|      51.1875 |      50.3750 |
	+--------------+--------------+
	1 row in set (0.00 sec)

	mysql> SELECT AVG(science), AVG(english) from student_marks
		-> WHERE gender = 'M' AND Class = 7;
	+--------------+--------------+
	| AVG(science) | AVG(english) |
	+--------------+--------------+
	|      46.3125 |      51.8750 |
	+--------------+--------------+
	1 row in set (0.00 sec)

	mysql> select sum(science), sum(English), sum(Maths) from student_marks
		-> where gender = 'M' and class = 5;
	+--------------+--------------+------------+
	| sum(science) | sum(English) | sum(Maths) |
	+--------------+--------------+------------+
	|          580 |          556 |        645 |
	+--------------+--------------+------------+
	1 row in set (0.00 sec)

	mysql> select sum(science), sum(English), sum(Maths) from student_marks
		-> where gender = 'F' and class = 5;
	+--------------+--------------+------------+
	| sum(science) | sum(English) | sum(Maths) |
	+--------------+--------------+------------+
	|         1104 |          794 |        913 |
	+--------------+--------------+------------+
	1 row in set (0.00 sec)

	mysql> select sum(science), sum(English), sum(Maths) from student_marks
		-> where gender = 'F' and class = 6;
	+--------------+--------------+------------+
	| sum(science) | sum(English) | sum(Maths) |
	+--------------+--------------+------------+
	|          345 |          522 |        492 |
	+--------------+--------------+------------+
	1 row in set (0.00 sec)

	mysql> select sum(science), sum(English), sum(Maths) from student_marks
		-> where gender = 'M' and class = 6;
	+--------------+--------------+------------+
	| sum(science) | sum(English) | sum(Maths) |
	+--------------+--------------+------------+
	|          689 |          834 |        684 |
	+--------------+--------------+------------+
	1 row in set (0.00 sec)

	mysql> SELECT AVG(science), AVG(english), AVG(Maths) from student_marks
		-> WHERE gender = 'M' and class = 5;
	+--------------+--------------+------------+
	| AVG(science) | AVG(english) | AVG(Maths) |
	+--------------+--------------+------------+
	|      48.3333 |      46.3333 |    53.7500 |
	+--------------+--------------+------------+
	1 row in set (0.00 sec)

	mysql> SELECT AVG(science), AVG(english), AVG(Maths) from student_marks
		-> WHERE gender = 'F' and class = 5;
	+--------------+--------------+------------+
	| AVG(science) | AVG(english) | AVG(Maths) |
	+--------------+--------------+------------+
	|      58.1053 |      41.7895 |    48.0526 |
	+--------------+--------------+------------+
	1 row in set (0.00 sec)

	mysql> SELECT name, maths+science+english from student_marks;
	+-------------+-----------------------+
	| name        | maths+science+english |
	+-------------+-----------------------+
	| Olivia      |                   128 |
	| Liam        |                   165 |
	| Noah        |                    92 |
	| Oliver      |                    59 |
	| Emma        |                   239 |
	| Charlotte   |                   131 |
	| Elijah      |                   100 |
	| James       |                   144 |
	| Elizabeth   |                   150 |
	| Eleanor     |                    82 |
	| Ella        |                    50 |
	| William     |                   137 |
	| Harper      |                   124 |
	| Luna        |                   179 |
	| Camila      |                   157 |
	| Gianna      |                   122 |
	| Benjamin    |                    95 |
	| Lucas       |                    91 |
	| Henry       |                   156 |
	| Abigail     |                   157 |
	| Sofia       |                   113 |
	| Avery       |                    75 |
	| Scarlett    |                    91 |
	| Emily       |                    94 |
	| Aria        |                    74 |
	| Theodore    |                    74 |
	| Jack        |                   142 |
	| Levi        |                   192 |
	| Alexander   |                   213 |
	| Nora        |                   250 |
	| Hazel       |                   170 |
	| Madison     |                   109 |
	| Ellie       |                   163 |
	| Lily        |                   137 |
	| Jacob       |                   151 |
	| Asher       |                   201 |
	| Aiden       |                   139 |
	| Violet      |                   132 |
	| Aurora      |                   142 |
	| Joseph      |                    60 |
	| Wyatt       |                   163 |
	| David       |                   257 |
	| Emilia      |                   249 |
	| Stella      |                    98 |
	| Zoe         |                   164 |
	| Victoria    |                   166 |
	| Hannah      |                   263 |
	| Dylan       |                    97 |
	| Lincoln     |                   168 |
	| Thomas      |                   109 |
	| Maverick    |                   200 |
	| Ivy         |                   223 |
	| Everly      |                   163 |
	| Lillian     |                   120 |
	| Paisley     |                   107 |
	| Elena       |                   143 |
	| Naomi       |                   107 |
	| Isaiah      |                    79 |
	| Andrew      |                   156 |
	| Joshua      |                    72 |
	| Nathan      |                   118 |
	| Nolan       |                   189 |
	| Adrian      |                   259 |
	| Aaliyah     |                   153 |
	| Ruby        |                   197 |
	| Brooklyn    |                   172 |
	| Alice       |                   164 |
	| Cameron     |                   108 |
	| Santiago    |                   253 |
	| Eli         |                   155 |
	| Aaron       |                   113 |
	| Ryan        |                   176 |
	| Angel       |                   107 |
	| Madelyn     |                   199 |
	| Josephine   |                   185 |
	| Bella       |                   158 |
	| Skylar      |                   201 |
	| Cooper      |                   169 |
	| Waylon      |                   121 |
	| Easton      |                   137 |
	| Kai         |                   107 |
	| Natalia     |                   120 |
	| Quinn       |                    67 |
	| Caroline    |                   203 |
	| Allson      |                   109 |
	| Gabriella   |                   271 |
	| Christian   |                   141 |
	| Landon      |                   190 |
	| Colton      |                   220 |
	| Roman       |                   153 |
	| Ariana      |                    95 |
	| Emery       |                   166 |
	| Lydia       |                   110 |
	| Axel        |                   201 |
	| Brooks      |                    85 |
	| Eva         |                   225 |
	| Adeline     |                    74 |
	| Jose        |                    93 |
	| Bennett     |                   235 |
	| Silas       |                   189 |
	| Nicholas    |                   134 |
	| Parker      |                   205 |
	| Beau        |                   166 |
	| Vivian      |                   169 |
	| Clara       |                   163 |
	| Weston      |                   187 |
	| Austin      |                   218 |
	| Connor      |                   160 |
	| Maria       |                   175 |
	| Iris        |                   108 |
	| Ayla        |                   130 |
	| Carson      |                   185 |
	| Dominic     |                   165 |
	| Xavier      |                   190 |
	| Jaxson      |                   101 |
	| Melody      |                   166 |
	| Julia       |                   179 |
	| Jonathan    |                   184 |
	| Robert      |                   182 |
	| Jameson     |                   204 |
	| Ian         |                   149 |
	| Everett     |                   114 |
	| Arya        |                   174 |
	| Eden        |                   188 |
	| Remi        |                   174 |
	| Vincent     |                   161 |
	| Legend      |                    72 |
	| Myles       |                   244 |
	| Harrison    |                   243 |
	| Charlie     |                   108 |
	| Alaia       |                   109 |
	| Melanie     |                   152 |
	| Walker      |                   138 |
	| Jason       |                   121 |
	| Brayden     |                   113 |
	| Cole        |                    48 |
	| Nathaniel   |                   141 |
	| Alina       |                   103 |
	| Lucia       |                   152 |
	| Ximena      |                    73 |
	| George      |                   111 |
	| Lorenzo     |                   115 |
	| Zion        |                   192 |
	| Luis        |                   109 |
	| Adalyn      |                   166 |
	| Archer      |                   138 |
	| Enzo        |                   218 |
	| Jonah       |                   114 |
	| Isabel      |                   117 |
	| Reese       |                   133 |
	| Emersyn     |                   137 |
	| Thiago      |                   218 |
	| Theo        |                   150 |
	| River       |                    69 |
	| Ayden       |                   159 |
	| Zachary     |                   123 |
	| Calvin      |                   232 |
	| Braxton     |                    90 |
	| Esther      |                   188 |
	| Valeria     |                    42 |
	| Ashton      |                   178 |
	| Rhett       |                   133 |
	| Atlas       |                   138 |
	| Jude        |                    62 |
	| Bailey      |                   137 |
	| Ember       |                    96 |
	| Bentley     |                   159 |
	| Carlos      |                   190 |
	| Ryker       |                    92 |
	| Adriel      |                   112 |
	| Alexandra   |                   107 |
	| Faith       |                   174 |
	| Arthur      |                   219 |
	| Ace         |                   214 |
	| Tyler       |                   187 |
	| Jayce       |                   109 |
	| Millie      |                   190 |
	| June        |                   153 |
	| Kaiden      |                    80 |
	| Maxwell     |                   110 |
	| Juan        |                    94 |
	| Dean        |                    80 |
	| Ada         |                   137 |
	| Anastasia   |                   181 |
	| Olive       |                   232 |
	| Matteo      |                   116 |
	| Malachi     |                   202 |
	| Ivan        |                   118 |
	| Elliott     |                   149 |
	| Jesus       |                   208 |
	| Amy         |                    63 |
	| Ruth        |                    84 |
	| Aubree      |                    80 |
	| Max         |                   141 |
	| Elliot      |                   123 |
	| Graham      |                   255 |
	| Arabella    |                    54 |
	| Sara        |                    86 |
	| Journee     |                   181 |
	| Beckett     |                   215 |
	| Amari       |                   223 |
	| Karter      |                   119 |
	| Timothy     |                   148 |
	| Abraham     |                   187 |
	| Jesse       |                   131 |
	| Selena      |                    94 |
	| Oaklynn     |                   148 |
	| Morgan      |                   136 |
	| Zayden      |                   115 |
	| Blake       |                   215 |
	| Alejandro   |                   112 |
	| Dawson      |                   212 |
	| Juliana     |                   176 |
	| Finley      |                   132 |
	| Presley     |                    53 |
	| Tristan     |                   225 |
	| Victor      |                   198 |
	| Avery       |                   183 |
	| Joel        |                   102 |
	| Grant       |                   173 |
	| Eric        |                   201 |
	| London      |                   189 |
	| Kimberly    |                   148 |
	| Elsie       |                    96 |
	| Patrick     |                   138 |
	| Peter       |                   124 |
	| Richard     |                   173 |
	| Edward      |                   151 |
	| Andres      |                   151 |
	| Nyla        |                   212 |
	| Vera        |                   166 |
	| Hope        |                   188 |
	| Annie       |                    71 |
	| Kaia        |                   215 |
	| Myla        |                    62 |
	| Adonis      |                    66 |
	| Kyrie       |                   170 |
	| Matias      |                    16 |
	| Oscar       |                   147 |
	| Lukas       |                   150 |
	| Harlow      |                   189 |
	| Rachel      |                   146 |
	| Gracie      |                    77 |
	| Rowan       |                   209 |
	| Rafael      |                   149 |
	| Zane        |                   106 |
	| Jeremy      |                   146 |
	| Lilah       |                   116 |
	| Adelyn      |                   241 |
	| Phoebe      |                    78 |
	| Octavia     |                   252 |
	| Kash        |                   170 |
	| Preston     |                   141 |
	| Kyler       |                    97 |
	| Jax         |                    99 |
	| Jett        |                    70 |
	| Kaleb       |                    93 |
	| Kayla       |                   173 |
	| Malia       |                   275 |
	| Elaina      |                    40 |
	| Saylor      |                   149 |
	| Brooke      |                   184 |
	| Riley       |                   112 |
	| Simon       |                   153 |
	| Phoenix     |                    51 |
	| Adelaide    |                   191 |
	| Daniela     |                   207 |
	| Kenneth     |                    66 |
	| Nico        |                   108 |
	| Kaden       |                    97 |
	| Lane        |                   136 |
	| Delaney     |                   103 |
	| Dakota      |                   175 |
	| Mya         |                   108 |
	| Kairo       |                   160 |
	| Maximus     |                    96 |
	| Omar        |                   225 |
	| Finley      |                   220 |
	| Lucille     |                   191 |
	| Trinity     |                   127 |
	| Gia         |                   179 |
	| Tatum       |                   100 |
	| Atticus     |                   170 |
	| Crew        |                   198 |
	| Brantley    |                   102 |
	| Kali        |                    84 |
	| Stevie      |                   157 |
	| Maggie      |                    50 |
	| Colin       |                   181 |
	| Dallas      |                   153 |
	| Walter      |                    90 |
	| Brady       |                   131 |
	| Hayden      |                   180 |
	| Joanna      |                   118 |
	| Jocelyn     |                   197 |
	| Bryan       |                   231 |
	| Aidan       |                   122 |
	| Cohen       |                   129 |
	| Brian       |                   103 |
	| Cayden      |                   205 |
	| Andre       |                   225 |
	| Leia        |                   236 |
	| Paige       |                   200 |
	| Niko        |                   154 |
	| Maximiliano |                   186 |
	| Zander      |                   160 |
	| Khalil      |                   108 |
	| Rory        |                   245 |
	| Harley      |                   116 |
	| Lia         |                    91 |
	| Phoenix     |                   267 |
	| Francisco   |                    72 |
	| Cruz        |                   165 |
	| Kobe        |                   209 |
	| Thea        |                   127 |
	| Jayla       |                   176 |
	| Reid        |                   177 |
	| Daxton      |                   207 |
	| Vivienne    |                   185 |
	| Hallie      |                   159 |
	| Madilyn     |                   121 |
	| Orion       |                   211 |
	| Spencer     |                   138 |
	| Ophelia     |                    65 |
	| Celeste     |                   258 |
	| Alayah      |                   156 |
	| Colson      |                   136 |
	| Cairo       |                   160 |
	| Gunner      |                   185 |
	| Nina        |                    39 |
	| Briella     |                   176 |
	| Wade        |                   223 |
	| Chance      |                   134 |
	| Odin        |                   106 |
	| Anderson    |                   153 |
	| Amari       |                   122 |
	| Adriana     |                   260 |
	| Kane        |                   117 |
	| Raymond     |                    53 |
	| Cristian    |                    41 |
	| Kalani      |                   105 |
	| Aniyah      |                   130 |
	| Aziel       |                   141 |
	| Prince      |                    73 |
	| Ezequiel    |                   176 |
	| Jake        |                   131 |
	| Otto        |                    87 |
	| Amina       |                   187 |
	| Ariyah      |                   111 |
	| Adelynn     |                    83 |
	| Remington   |                   257 |
	| Reign       |                   269 |
	| Eduardo     |                   119 |
	| Rylan       |                   116 |
	| Ali         |                   118 |
	| Willa       |                   174 |
	| Avianna     |                   122 |
	| Makayla     |                   165 |
	| Gracelyn    |                   141 |
	| Elle        |                   213 |
	| Amiyah      |                   216 |
	| Arielle     |                   104 |
	| Elianna     |                   197 |
	| Giselle     |                   200 |
	+-------------+-----------------------+
	364 rows in set (0.00 sec)

	mysql> SELECT name, maths+science+english as total from student_marks;
	+-------------+-------+
	| name        | total |
	+-------------+-------+
	| Olivia      |   128 |
	| Liam        |   165 |
	| Noah        |    92 |
	| Oliver      |    59 |
	| Emma        |   239 |
	| Charlotte   |   131 |
	| Elijah      |   100 |
	| James       |   144 |
	| Elizabeth   |   150 |
	| Eleanor     |    82 |
	| Ella        |    50 |
	| William     |   137 |
	| Harper      |   124 |
	| Luna        |   179 |
	| Camila      |   157 |
	| Gianna      |   122 |
	| Benjamin    |    95 |
	| Lucas       |    91 |
	| Henry       |   156 |
	| Abigail     |   157 |
	| Sofia       |   113 |
	| Avery       |    75 |
	| Scarlett    |    91 |
	| Emily       |    94 |
	| Aria        |    74 |
	| Theodore    |    74 |
	| Jack        |   142 |
	| Levi        |   192 |
	| Alexander   |   213 |
	| Nora        |   250 |
	| Hazel       |   170 |
	| Madison     |   109 |
	| Ellie       |   163 |
	| Lily        |   137 |
	| Jacob       |   151 |
	| Asher       |   201 |
	| Aiden       |   139 |
	| Violet      |   132 |
	| Aurora      |   142 |
	| Joseph      |    60 |
	| Wyatt       |   163 |
	| David       |   257 |
	| Emilia      |   249 |
	| Stella      |    98 |
	| Zoe         |   164 |
	| Victoria    |   166 |
	| Hannah      |   263 |
	| Dylan       |    97 |
	| Lincoln     |   168 |
	| Thomas      |   109 |
	| Maverick    |   200 |
	| Ivy         |   223 |
	| Everly      |   163 |
	| Lillian     |   120 |
	| Paisley     |   107 |
	| Elena       |   143 |
	| Naomi       |   107 |
	| Isaiah      |    79 |
	| Andrew      |   156 |
	| Joshua      |    72 |
	| Nathan      |   118 |
	| Nolan       |   189 |
	| Adrian      |   259 |
	| Aaliyah     |   153 |
	| Ruby        |   197 |
	| Brooklyn    |   172 |
	| Alice       |   164 |
	| Cameron     |   108 |
	| Santiago    |   253 |
	| Eli         |   155 |
	| Aaron       |   113 |
	| Ryan        |   176 |
	| Angel       |   107 |
	| Madelyn     |   199 |
	| Josephine   |   185 |
	| Bella       |   158 |
	| Skylar      |   201 |
	| Cooper      |   169 |
	| Waylon      |   121 |
	| Easton      |   137 |
	| Kai         |   107 |
	| Natalia     |   120 |
	| Quinn       |    67 |
	| Caroline    |   203 |
	| Allson      |   109 |
	| Gabriella   |   271 |
	| Christian   |   141 |
	| Landon      |   190 |
	| Colton      |   220 |
	| Roman       |   153 |
	| Ariana      |    95 |
	| Emery       |   166 |
	| Lydia       |   110 |
	| Axel        |   201 |
	| Brooks      |    85 |
	| Eva         |   225 |
	| Adeline     |    74 |
	| Jose        |    93 |
	| Bennett     |   235 |
	| Silas       |   189 |
	| Nicholas    |   134 |
	| Parker      |   205 |
	| Beau        |   166 |
	| Vivian      |   169 |
	| Clara       |   163 |
	| Weston      |   187 |
	| Austin      |   218 |
	| Connor      |   160 |
	| Maria       |   175 |
	| Iris        |   108 |
	| Ayla        |   130 |
	| Carson      |   185 |
	| Dominic     |   165 |
	| Xavier      |   190 |
	| Jaxson      |   101 |
	| Melody      |   166 |
	| Julia       |   179 |
	| Jonathan    |   184 |
	| Robert      |   182 |
	| Jameson     |   204 |
	| Ian         |   149 |
	| Everett     |   114 |
	| Arya        |   174 |
	| Eden        |   188 |
	| Remi        |   174 |
	| Vincent     |   161 |
	| Legend      |    72 |
	| Myles       |   244 |
	| Harrison    |   243 |
	| Charlie     |   108 |
	| Alaia       |   109 |
	| Melanie     |   152 |
	| Walker      |   138 |
	| Jason       |   121 |
	| Brayden     |   113 |
	| Cole        |    48 |
	| Nathaniel   |   141 |
	| Alina       |   103 |
	| Lucia       |   152 |
	| Ximena      |    73 |
	| George      |   111 |
	| Lorenzo     |   115 |
	| Zion        |   192 |
	| Luis        |   109 |
	| Adalyn      |   166 |
	| Archer      |   138 |
	| Enzo        |   218 |
	| Jonah       |   114 |
	| Isabel      |   117 |
	| Reese       |   133 |
	| Emersyn     |   137 |
	| Thiago      |   218 |
	| Theo        |   150 |
	| River       |    69 |
	| Ayden       |   159 |
	| Zachary     |   123 |
	| Calvin      |   232 |
	| Braxton     |    90 |
	| Esther      |   188 |
	| Valeria     |    42 |
	| Ashton      |   178 |
	| Rhett       |   133 |
	| Atlas       |   138 |
	| Jude        |    62 |
	| Bailey      |   137 |
	| Ember       |    96 |
	| Bentley     |   159 |
	| Carlos      |   190 |
	| Ryker       |    92 |
	| Adriel      |   112 |
	| Alexandra   |   107 |
	| Faith       |   174 |
	| Arthur      |   219 |
	| Ace         |   214 |
	| Tyler       |   187 |
	| Jayce       |   109 |
	| Millie      |   190 |
	| June        |   153 |
	| Kaiden      |    80 |
	| Maxwell     |   110 |
	| Juan        |    94 |
	| Dean        |    80 |
	| Ada         |   137 |
	| Anastasia   |   181 |
	| Olive       |   232 |
	| Matteo      |   116 |
	| Malachi     |   202 |
	| Ivan        |   118 |
	| Elliott     |   149 |
	| Jesus       |   208 |
	| Amy         |    63 |
	| Ruth        |    84 |
	| Aubree      |    80 |
	| Max         |   141 |
	| Elliot      |   123 |
	| Graham      |   255 |
	| Arabella    |    54 |
	| Sara        |    86 |
	| Journee     |   181 |
	| Beckett     |   215 |
	| Amari       |   223 |
	| Karter      |   119 |
	| Timothy     |   148 |
	| Abraham     |   187 |
	| Jesse       |   131 |
	| Selena      |    94 |
	| Oaklynn     |   148 |
	| Morgan      |   136 |
	| Zayden      |   115 |
	| Blake       |   215 |
	| Alejandro   |   112 |
	| Dawson      |   212 |
	| Juliana     |   176 |
	| Finley      |   132 |
	| Presley     |    53 |
	| Tristan     |   225 |
	| Victor      |   198 |
	| Avery       |   183 |
	| Joel        |   102 |
	| Grant       |   173 |
	| Eric        |   201 |
	| London      |   189 |
	| Kimberly    |   148 |
	| Elsie       |    96 |
	| Patrick     |   138 |
	| Peter       |   124 |
	| Richard     |   173 |
	| Edward      |   151 |
	| Andres      |   151 |
	| Nyla        |   212 |
	| Vera        |   166 |
	| Hope        |   188 |
	| Annie       |    71 |
	| Kaia        |   215 |
	| Myla        |    62 |
	| Adonis      |    66 |
	| Kyrie       |   170 |
	| Matias      |    16 |
	| Oscar       |   147 |
	| Lukas       |   150 |
	| Harlow      |   189 |
	| Rachel      |   146 |
	| Gracie      |    77 |
	| Rowan       |   209 |
	| Rafael      |   149 |
	| Zane        |   106 |
	| Jeremy      |   146 |
	| Lilah       |   116 |
	| Adelyn      |   241 |
	| Phoebe      |    78 |
	| Octavia     |   252 |
	| Kash        |   170 |
	| Preston     |   141 |
	| Kyler       |    97 |
	| Jax         |    99 |
	| Jett        |    70 |
	| Kaleb       |    93 |
	| Kayla       |   173 |
	| Malia       |   275 |
	| Elaina      |    40 |
	| Saylor      |   149 |
	| Brooke      |   184 |
	| Riley       |   112 |
	| Simon       |   153 |
	| Phoenix     |    51 |
	| Adelaide    |   191 |
	| Daniela     |   207 |
	| Kenneth     |    66 |
	| Nico        |   108 |
	| Kaden       |    97 |
	| Lane        |   136 |
	| Delaney     |   103 |
	| Dakota      |   175 |
	| Mya         |   108 |
	| Kairo       |   160 |
	| Maximus     |    96 |
	| Omar        |   225 |
	| Finley      |   220 |
	| Lucille     |   191 |
	| Trinity     |   127 |
	| Gia         |   179 |
	| Tatum       |   100 |
	| Atticus     |   170 |
	| Crew        |   198 |
	| Brantley    |   102 |
	| Kali        |    84 |
	| Stevie      |   157 |
	| Maggie      |    50 |
	| Colin       |   181 |
	| Dallas      |   153 |
	| Walter      |    90 |
	| Brady       |   131 |
	| Hayden      |   180 |
	| Joanna      |   118 |
	| Jocelyn     |   197 |
	| Bryan       |   231 |
	| Aidan       |   122 |
	| Cohen       |   129 |
	| Brian       |   103 |
	| Cayden      |   205 |
	| Andre       |   225 |
	| Leia        |   236 |
	| Paige       |   200 |
	| Niko        |   154 |
	| Maximiliano |   186 |
	| Zander      |   160 |
	| Khalil      |   108 |
	| Rory        |   245 |
	| Harley      |   116 |
	| Lia         |    91 |
	| Phoenix     |   267 |
	| Francisco   |    72 |
	| Cruz        |   165 |
	| Kobe        |   209 |
	| Thea        |   127 |
	| Jayla       |   176 |
	| Reid        |   177 |
	| Daxton      |   207 |
	| Vivienne    |   185 |
	| Hallie      |   159 |
	| Madilyn     |   121 |
	| Orion       |   211 |
	| Spencer     |   138 |
	| Ophelia     |    65 |
	| Celeste     |   258 |
	| Alayah      |   156 |
	| Colson      |   136 |
	| Cairo       |   160 |
	| Gunner      |   185 |
	| Nina        |    39 |
	| Briella     |   176 |
	| Wade        |   223 |
	| Chance      |   134 |
	| Odin        |   106 |
	| Anderson    |   153 |
	| Amari       |   122 |
	| Adriana     |   260 |
	| Kane        |   117 |
	| Raymond     |    53 |
	| Cristian    |    41 |
	| Kalani      |   105 |
	| Aniyah      |   130 |
	| Aziel       |   141 |
	| Prince      |    73 |
	| Ezequiel    |   176 |
	| Jake        |   131 |
	| Otto        |    87 |
	| Amina       |   187 |
	| Ariyah      |   111 |
	| Adelynn     |    83 |
	| Remington   |   257 |
	| Reign       |   269 |
	| Eduardo     |   119 |
	| Rylan       |   116 |
	| Ali         |   118 |
	| Willa       |   174 |
	| Avianna     |   122 |
	| Makayla     |   165 |
	| Gracelyn    |   141 |
	| Elle        |   213 |
	| Amiyah      |   216 |
	| Arielle     |   104 |
	| Elianna     |   197 |
	| Giselle     |   200 |
	+-------------+-------+
	364 rows in set (0.00 sec)

	mysql> SELECT name, maths+science+english as total from student_marks
		-> ORDER BY total desc;
	+-------------+-------+
	| name        | total |
	+-------------+-------+
	| Malia       |   275 |
	| Gabriella   |   271 |
	| Reign       |   269 |
	| Phoenix     |   267 |
	| Hannah      |   263 |
	| Adriana     |   260 |
	| Adrian      |   259 |
	| Celeste     |   258 |
	| David       |   257 |
	| Remington   |   257 |
	| Graham      |   255 |
	| Santiago    |   253 |
	| Octavia     |   252 |
	| Nora        |   250 |
	| Emilia      |   249 |
	| Rory        |   245 |
	| Myles       |   244 |
	| Harrison    |   243 |
	| Adelyn      |   241 |
	| Emma        |   239 |
	| Leia        |   236 |
	| Bennett     |   235 |
	| Calvin      |   232 |
	| Olive       |   232 |
	| Bryan       |   231 |
	| Eva         |   225 |
	| Tristan     |   225 |
	| Omar        |   225 |
	| Andre       |   225 |
	| Ivy         |   223 |
	| Amari       |   223 |
	| Wade        |   223 |
	| Colton      |   220 |
	| Finley      |   220 |
	| Arthur      |   219 |
	| Austin      |   218 |
	| Enzo        |   218 |
	| Thiago      |   218 |
	| Amiyah      |   216 |
	| Beckett     |   215 |
	| Blake       |   215 |
	| Kaia        |   215 |
	| Ace         |   214 |
	| Alexander   |   213 |
	| Elle        |   213 |
	| Dawson      |   212 |
	| Nyla        |   212 |
	| Orion       |   211 |
	| Rowan       |   209 |
	| Kobe        |   209 |
	| Jesus       |   208 |
	| Daniela     |   207 |
	| Daxton      |   207 |
	| Parker      |   205 |
	| Cayden      |   205 |
	| Jameson     |   204 |
	| Caroline    |   203 |
	| Malachi     |   202 |
	| Asher       |   201 |
	| Skylar      |   201 |
	| Axel        |   201 |
	| Eric        |   201 |
	| Maverick    |   200 |
	| Paige       |   200 |
	| Giselle     |   200 |
	| Madelyn     |   199 |
	| Victor      |   198 |
	| Crew        |   198 |
	| Ruby        |   197 |
	| Jocelyn     |   197 |
	| Elianna     |   197 |
	| Levi        |   192 |
	| Zion        |   192 |
	| Adelaide    |   191 |
	| Lucille     |   191 |
	| Landon      |   190 |
	| Xavier      |   190 |
	| Carlos      |   190 |
	| Millie      |   190 |
	| Nolan       |   189 |
	| Silas       |   189 |
	| London      |   189 |
	| Harlow      |   189 |
	| Eden        |   188 |
	| Esther      |   188 |
	| Hope        |   188 |
	| Weston      |   187 |
	| Tyler       |   187 |
	| Abraham     |   187 |
	| Amina       |   187 |
	| Maximiliano |   186 |
	| Josephine   |   185 |
	| Carson      |   185 |
	| Vivienne    |   185 |
	| Gunner      |   185 |
	| Jonathan    |   184 |
	| Brooke      |   184 |
	| Avery       |   183 |
	| Robert      |   182 |
	| Anastasia   |   181 |
	| Journee     |   181 |
	| Colin       |   181 |
	| Hayden      |   180 |
	| Luna        |   179 |
	| Julia       |   179 |
	| Gia         |   179 |
	| Ashton      |   178 |
	| Reid        |   177 |
	| Ryan        |   176 |
	| Juliana     |   176 |
	| Jayla       |   176 |
	| Briella     |   176 |
	| Ezequiel    |   176 |
	| Maria       |   175 |
	| Dakota      |   175 |
	| Arya        |   174 |
	| Remi        |   174 |
	| Faith       |   174 |
	| Willa       |   174 |
	| Grant       |   173 |
	| Richard     |   173 |
	| Kayla       |   173 |
	| Brooklyn    |   172 |
	| Hazel       |   170 |
	| Kyrie       |   170 |
	| Kash        |   170 |
	| Atticus     |   170 |
	| Cooper      |   169 |
	| Vivian      |   169 |
	| Lincoln     |   168 |
	| Victoria    |   166 |
	| Emery       |   166 |
	| Beau        |   166 |
	| Melody      |   166 |
	| Adalyn      |   166 |
	| Vera        |   166 |
	| Liam        |   165 |
	| Dominic     |   165 |
	| Cruz        |   165 |
	| Makayla     |   165 |
	| Zoe         |   164 |
	| Alice       |   164 |
	| Ellie       |   163 |
	| Wyatt       |   163 |
	| Everly      |   163 |
	| Clara       |   163 |
	| Vincent     |   161 |
	| Connor      |   160 |
	| Kairo       |   160 |
	| Zander      |   160 |
	| Cairo       |   160 |
	| Ayden       |   159 |
	| Bentley     |   159 |
	| Hallie      |   159 |
	| Bella       |   158 |
	| Camila      |   157 |
	| Abigail     |   157 |
	| Stevie      |   157 |
	| Henry       |   156 |
	| Andrew      |   156 |
	| Alayah      |   156 |
	| Eli         |   155 |
	| Niko        |   154 |
	| Aaliyah     |   153 |
	| Roman       |   153 |
	| June        |   153 |
	| Simon       |   153 |
	| Dallas      |   153 |
	| Anderson    |   153 |
	| Melanie     |   152 |
	| Lucia       |   152 |
	| Jacob       |   151 |
	| Edward      |   151 |
	| Andres      |   151 |
	| Elizabeth   |   150 |
	| Theo        |   150 |
	| Lukas       |   150 |
	| Ian         |   149 |
	| Elliott     |   149 |
	| Rafael      |   149 |
	| Saylor      |   149 |
	| Timothy     |   148 |
	| Oaklynn     |   148 |
	| Kimberly    |   148 |
	| Oscar       |   147 |
	| Rachel      |   146 |
	| Jeremy      |   146 |
	| James       |   144 |
	| Elena       |   143 |
	| Jack        |   142 |
	| Aurora      |   142 |
	| Christian   |   141 |
	| Nathaniel   |   141 |
	| Max         |   141 |
	| Preston     |   141 |
	| Aziel       |   141 |
	| Gracelyn    |   141 |
	| Aiden       |   139 |
	| Walker      |   138 |
	| Archer      |   138 |
	| Atlas       |   138 |
	| Patrick     |   138 |
	| Spencer     |   138 |
	| William     |   137 |
	| Lily        |   137 |
	| Easton      |   137 |
	| Emersyn     |   137 |
	| Bailey      |   137 |
	| Ada         |   137 |
	| Morgan      |   136 |
	| Lane        |   136 |
	| Colson      |   136 |
	| Nicholas    |   134 |
	| Chance      |   134 |
	| Reese       |   133 |
	| Rhett       |   133 |
	| Violet      |   132 |
	| Finley      |   132 |
	| Charlotte   |   131 |
	| Jesse       |   131 |
	| Brady       |   131 |
	| Jake        |   131 |
	| Ayla        |   130 |
	| Aniyah      |   130 |
	| Cohen       |   129 |
	| Olivia      |   128 |
	| Trinity     |   127 |
	| Thea        |   127 |
	| Harper      |   124 |
	| Peter       |   124 |
	| Zachary     |   123 |
	| Elliot      |   123 |
	| Gianna      |   122 |
	| Aidan       |   122 |
	| Amari       |   122 |
	| Avianna     |   122 |
	| Waylon      |   121 |
	| Jason       |   121 |
	| Madilyn     |   121 |
	| Lillian     |   120 |
	| Natalia     |   120 |
	| Karter      |   119 |
	| Eduardo     |   119 |
	| Nathan      |   118 |
	| Ivan        |   118 |
	| Joanna      |   118 |
	| Ali         |   118 |
	| Isabel      |   117 |
	| Kane        |   117 |
	| Matteo      |   116 |
	| Lilah       |   116 |
	| Harley      |   116 |
	| Rylan       |   116 |
	| Lorenzo     |   115 |
	| Zayden      |   115 |
	| Everett     |   114 |
	| Jonah       |   114 |
	| Sofia       |   113 |
	| Aaron       |   113 |
	| Brayden     |   113 |
	| Adriel      |   112 |
	| Alejandro   |   112 |
	| Riley       |   112 |
	| George      |   111 |
	| Ariyah      |   111 |
	| Lydia       |   110 |
	| Maxwell     |   110 |
	| Madison     |   109 |
	| Thomas      |   109 |
	| Allson      |   109 |
	| Alaia       |   109 |
	| Luis        |   109 |
	| Jayce       |   109 |
	| Cameron     |   108 |
	| Iris        |   108 |
	| Charlie     |   108 |
	| Nico        |   108 |
	| Mya         |   108 |
	| Khalil      |   108 |
	| Paisley     |   107 |
	| Naomi       |   107 |
	| Angel       |   107 |
	| Kai         |   107 |
	| Alexandra   |   107 |
	| Zane        |   106 |
	| Odin        |   106 |
	| Kalani      |   105 |
	| Arielle     |   104 |
	| Alina       |   103 |
	| Delaney     |   103 |
	| Brian       |   103 |
	| Joel        |   102 |
	| Brantley    |   102 |
	| Jaxson      |   101 |
	| Elijah      |   100 |
	| Tatum       |   100 |
	| Jax         |    99 |
	| Stella      |    98 |
	| Dylan       |    97 |
	| Kyler       |    97 |
	| Kaden       |    97 |
	| Ember       |    96 |
	| Elsie       |    96 |
	| Maximus     |    96 |
	| Benjamin    |    95 |
	| Ariana      |    95 |
	| Emily       |    94 |
	| Juan        |    94 |
	| Selena      |    94 |
	| Jose        |    93 |
	| Kaleb       |    93 |
	| Noah        |    92 |
	| Ryker       |    92 |
	| Lucas       |    91 |
	| Scarlett    |    91 |
	| Lia         |    91 |
	| Braxton     |    90 |
	| Walter      |    90 |
	| Otto        |    87 |
	| Sara        |    86 |
	| Brooks      |    85 |
	| Ruth        |    84 |
	| Kali        |    84 |
	| Adelynn     |    83 |
	| Eleanor     |    82 |
	| Kaiden      |    80 |
	| Dean        |    80 |
	| Aubree      |    80 |
	| Isaiah      |    79 |
	| Phoebe      |    78 |
	| Gracie      |    77 |
	| Avery       |    75 |
	| Aria        |    74 |
	| Theodore    |    74 |
	| Adeline     |    74 |
	| Ximena      |    73 |
	| Prince      |    73 |
	| Joshua      |    72 |
	| Legend      |    72 |
	| Francisco   |    72 |
	| Annie       |    71 |
	| Jett        |    70 |
	| River       |    69 |
	| Quinn       |    67 |
	| Adonis      |    66 |
	| Kenneth     |    66 |
	| Ophelia     |    65 |
	| Amy         |    63 |
	| Jude        |    62 |
	| Myla        |    62 |
	| Joseph      |    60 |
	| Oliver      |    59 |
	| Arabella    |    54 |
	| Presley     |    53 |
	| Raymond     |    53 |
	| Phoenix     |    51 |
	| Ella        |    50 |
	| Maggie      |    50 |
	| Cole        |    48 |
	| Valeria     |    42 |
	| Cristian    |    41 |
	| Elaina      |    40 |
	| Nina        |    39 |
	| Matias      |    16 |
	+-------------+-------+
	364 rows in set (0.00 sec)

	mysql> SELECT name, maths+science+english as total from student_marks
		-> ORDER BY total asc;
	+-------------+-------+
	| name        | total |
	+-------------+-------+
	| Matias      |    16 |
	| Nina        |    39 |
	| Elaina      |    40 |
	| Cristian    |    41 |
	| Valeria     |    42 |
	| Cole        |    48 |
	| Ella        |    50 |
	| Maggie      |    50 |
	| Phoenix     |    51 |
	| Presley     |    53 |
	| Raymond     |    53 |
	| Arabella    |    54 |
	| Oliver      |    59 |
	| Joseph      |    60 |
	| Jude        |    62 |
	| Myla        |    62 |
	| Amy         |    63 |
	| Ophelia     |    65 |
	| Adonis      |    66 |
	| Kenneth     |    66 |
	| Quinn       |    67 |
	| River       |    69 |
	| Jett        |    70 |
	| Annie       |    71 |
	| Joshua      |    72 |
	| Legend      |    72 |
	| Francisco   |    72 |
	| Ximena      |    73 |
	| Prince      |    73 |
	| Aria        |    74 |
	| Theodore    |    74 |
	| Adeline     |    74 |
	| Avery       |    75 |
	| Gracie      |    77 |
	| Phoebe      |    78 |
	| Isaiah      |    79 |
	| Kaiden      |    80 |
	| Dean        |    80 |
	| Aubree      |    80 |
	| Eleanor     |    82 |
	| Adelynn     |    83 |
	| Ruth        |    84 |
	| Kali        |    84 |
	| Brooks      |    85 |
	| Sara        |    86 |
	| Otto        |    87 |
	| Braxton     |    90 |
	| Walter      |    90 |
	| Lucas       |    91 |
	| Scarlett    |    91 |
	| Lia         |    91 |
	| Noah        |    92 |
	| Ryker       |    92 |
	| Jose        |    93 |
	| Kaleb       |    93 |
	| Emily       |    94 |
	| Juan        |    94 |
	| Selena      |    94 |
	| Benjamin    |    95 |
	| Ariana      |    95 |
	| Ember       |    96 |
	| Elsie       |    96 |
	| Maximus     |    96 |
	| Dylan       |    97 |
	| Kyler       |    97 |
	| Kaden       |    97 |
	| Stella      |    98 |
	| Jax         |    99 |
	| Elijah      |   100 |
	| Tatum       |   100 |
	| Jaxson      |   101 |
	| Joel        |   102 |
	| Brantley    |   102 |
	| Alina       |   103 |
	| Delaney     |   103 |
	| Brian       |   103 |
	| Arielle     |   104 |
	| Kalani      |   105 |
	| Zane        |   106 |
	| Odin        |   106 |
	| Paisley     |   107 |
	| Naomi       |   107 |
	| Angel       |   107 |
	| Kai         |   107 |
	| Alexandra   |   107 |
	| Cameron     |   108 |
	| Iris        |   108 |
	| Charlie     |   108 |
	| Nico        |   108 |
	| Mya         |   108 |
	| Khalil      |   108 |
	| Madison     |   109 |
	| Thomas      |   109 |
	| Allson      |   109 |
	| Alaia       |   109 |
	| Luis        |   109 |
	| Jayce       |   109 |
	| Lydia       |   110 |
	| Maxwell     |   110 |
	| George      |   111 |
	| Ariyah      |   111 |
	| Adriel      |   112 |
	| Alejandro   |   112 |
	| Riley       |   112 |
	| Sofia       |   113 |
	| Aaron       |   113 |
	| Brayden     |   113 |
	| Everett     |   114 |
	| Jonah       |   114 |
	| Lorenzo     |   115 |
	| Zayden      |   115 |
	| Matteo      |   116 |
	| Lilah       |   116 |
	| Harley      |   116 |
	| Rylan       |   116 |
	| Isabel      |   117 |
	| Kane        |   117 |
	| Nathan      |   118 |
	| Ivan        |   118 |
	| Joanna      |   118 |
	| Ali         |   118 |
	| Karter      |   119 |
	| Eduardo     |   119 |
	| Lillian     |   120 |
	| Natalia     |   120 |
	| Waylon      |   121 |
	| Jason       |   121 |
	| Madilyn     |   121 |
	| Gianna      |   122 |
	| Aidan       |   122 |
	| Amari       |   122 |
	| Avianna     |   122 |
	| Zachary     |   123 |
	| Elliot      |   123 |
	| Harper      |   124 |
	| Peter       |   124 |
	| Trinity     |   127 |
	| Thea        |   127 |
	| Olivia      |   128 |
	| Cohen       |   129 |
	| Ayla        |   130 |
	| Aniyah      |   130 |
	| Charlotte   |   131 |
	| Jesse       |   131 |
	| Brady       |   131 |
	| Jake        |   131 |
	| Violet      |   132 |
	| Finley      |   132 |
	| Reese       |   133 |
	| Rhett       |   133 |
	| Nicholas    |   134 |
	| Chance      |   134 |
	| Morgan      |   136 |
	| Lane        |   136 |
	| Colson      |   136 |
	| William     |   137 |
	| Lily        |   137 |
	| Easton      |   137 |
	| Emersyn     |   137 |
	| Bailey      |   137 |
	| Ada         |   137 |
	| Walker      |   138 |
	| Archer      |   138 |
	| Atlas       |   138 |
	| Patrick     |   138 |
	| Spencer     |   138 |
	| Aiden       |   139 |
	| Christian   |   141 |
	| Nathaniel   |   141 |
	| Max         |   141 |
	| Preston     |   141 |
	| Aziel       |   141 |
	| Gracelyn    |   141 |
	| Jack        |   142 |
	| Aurora      |   142 |
	| Elena       |   143 |
	| James       |   144 |
	| Rachel      |   146 |
	| Jeremy      |   146 |
	| Oscar       |   147 |
	| Timothy     |   148 |
	| Oaklynn     |   148 |
	| Kimberly    |   148 |
	| Ian         |   149 |
	| Elliott     |   149 |
	| Rafael      |   149 |
	| Saylor      |   149 |
	| Elizabeth   |   150 |
	| Theo        |   150 |
	| Lukas       |   150 |
	| Jacob       |   151 |
	| Edward      |   151 |
	| Andres      |   151 |
	| Melanie     |   152 |
	| Lucia       |   152 |
	| Aaliyah     |   153 |
	| Roman       |   153 |
	| June        |   153 |
	| Simon       |   153 |
	| Dallas      |   153 |
	| Anderson    |   153 |
	| Niko        |   154 |
	| Eli         |   155 |
	| Henry       |   156 |
	| Andrew      |   156 |
	| Alayah      |   156 |
	| Camila      |   157 |
	| Abigail     |   157 |
	| Stevie      |   157 |
	| Bella       |   158 |
	| Ayden       |   159 |
	| Bentley     |   159 |
	| Hallie      |   159 |
	| Connor      |   160 |
	| Kairo       |   160 |
	| Zander      |   160 |
	| Cairo       |   160 |
	| Vincent     |   161 |
	| Ellie       |   163 |
	| Wyatt       |   163 |
	| Everly      |   163 |
	| Clara       |   163 |
	| Zoe         |   164 |
	| Alice       |   164 |
	| Liam        |   165 |
	| Dominic     |   165 |
	| Cruz        |   165 |
	| Makayla     |   165 |
	| Victoria    |   166 |
	| Emery       |   166 |
	| Beau        |   166 |
	| Melody      |   166 |
	| Adalyn      |   166 |
	| Vera        |   166 |
	| Lincoln     |   168 |
	| Cooper      |   169 |
	| Vivian      |   169 |
	| Hazel       |   170 |
	| Kyrie       |   170 |
	| Kash        |   170 |
	| Atticus     |   170 |
	| Brooklyn    |   172 |
	| Grant       |   173 |
	| Richard     |   173 |
	| Kayla       |   173 |
	| Arya        |   174 |
	| Remi        |   174 |
	| Faith       |   174 |
	| Willa       |   174 |
	| Maria       |   175 |
	| Dakota      |   175 |
	| Ryan        |   176 |
	| Juliana     |   176 |
	| Jayla       |   176 |
	| Briella     |   176 |
	| Ezequiel    |   176 |
	| Reid        |   177 |
	| Ashton      |   178 |
	| Luna        |   179 |
	| Julia       |   179 |
	| Gia         |   179 |
	| Hayden      |   180 |
	| Anastasia   |   181 |
	| Journee     |   181 |
	| Colin       |   181 |
	| Robert      |   182 |
	| Avery       |   183 |
	| Jonathan    |   184 |
	| Brooke      |   184 |
	| Josephine   |   185 |
	| Carson      |   185 |
	| Vivienne    |   185 |
	| Gunner      |   185 |
	| Maximiliano |   186 |
	| Weston      |   187 |
	| Tyler       |   187 |
	| Abraham     |   187 |
	| Amina       |   187 |
	| Eden        |   188 |
	| Esther      |   188 |
	| Hope        |   188 |
	| Nolan       |   189 |
	| Silas       |   189 |
	| London      |   189 |
	| Harlow      |   189 |
	| Landon      |   190 |
	| Xavier      |   190 |
	| Carlos      |   190 |
	| Millie      |   190 |
	| Adelaide    |   191 |
	| Lucille     |   191 |
	| Levi        |   192 |
	| Zion        |   192 |
	| Ruby        |   197 |
	| Jocelyn     |   197 |
	| Elianna     |   197 |
	| Victor      |   198 |
	| Crew        |   198 |
	| Madelyn     |   199 |
	| Maverick    |   200 |
	| Paige       |   200 |
	| Giselle     |   200 |
	| Asher       |   201 |
	| Skylar      |   201 |
	| Axel        |   201 |
	| Eric        |   201 |
	| Malachi     |   202 |
	| Caroline    |   203 |
	| Jameson     |   204 |
	| Parker      |   205 |
	| Cayden      |   205 |
	| Daniela     |   207 |
	| Daxton      |   207 |
	| Jesus       |   208 |
	| Rowan       |   209 |
	| Kobe        |   209 |
	| Orion       |   211 |
	| Dawson      |   212 |
	| Nyla        |   212 |
	| Alexander   |   213 |
	| Elle        |   213 |
	| Ace         |   214 |
	| Beckett     |   215 |
	| Blake       |   215 |
	| Kaia        |   215 |
	| Amiyah      |   216 |
	| Austin      |   218 |
	| Enzo        |   218 |
	| Thiago      |   218 |
	| Arthur      |   219 |
	| Colton      |   220 |
	| Finley      |   220 |
	| Ivy         |   223 |
	| Amari       |   223 |
	| Wade        |   223 |
	| Eva         |   225 |
	| Tristan     |   225 |
	| Omar        |   225 |
	| Andre       |   225 |
	| Bryan       |   231 |
	| Calvin      |   232 |
	| Olive       |   232 |
	| Bennett     |   235 |
	| Leia        |   236 |
	| Emma        |   239 |
	| Adelyn      |   241 |
	| Harrison    |   243 |
	| Myles       |   244 |
	| Rory        |   245 |
	| Emilia      |   249 |
	| Nora        |   250 |
	| Octavia     |   252 |
	| Santiago    |   253 |
	| Graham      |   255 |
	| David       |   257 |
	| Remington   |   257 |
	| Celeste     |   258 |
	| Adrian      |   259 |
	| Adriana     |   260 |
	| Hannah      |   263 |
	| Phoenix     |   267 |
	| Reign       |   269 |
	| Gabriella   |   271 |
	| Malia       |   275 |
	+-------------+-------+
	364 rows in set (0.00 sec)

	mysql> SELECT name, (maths+science+english)/3 as average from student_marks
		-> ORDER BY average asc;
	+-------------+---------+
	| name        | average |
	+-------------+---------+
	| Matias      |  5.3333 |
	| Nina        | 13.0000 |
	| Elaina      | 13.3333 |
	| Cristian    | 13.6667 |
	| Valeria     | 14.0000 |
	| Cole        | 16.0000 |
	| Ella        | 16.6667 |
	| Maggie      | 16.6667 |
	| Phoenix     | 17.0000 |
	| Presley     | 17.6667 |
	| Raymond     | 17.6667 |
	| Arabella    | 18.0000 |
	| Oliver      | 19.6667 |
	| Joseph      | 20.0000 |
	| Jude        | 20.6667 |
	| Myla        | 20.6667 |
	| Amy         | 21.0000 |
	| Ophelia     | 21.6667 |
	| Adonis      | 22.0000 |
	| Kenneth     | 22.0000 |
	| Quinn       | 22.3333 |
	| River       | 23.0000 |
	| Jett        | 23.3333 |
	| Annie       | 23.6667 |
	| Joshua      | 24.0000 |
	| Legend      | 24.0000 |
	| Francisco   | 24.0000 |
	| Ximena      | 24.3333 |
	| Prince      | 24.3333 |
	| Aria        | 24.6667 |
	| Theodore    | 24.6667 |
	| Adeline     | 24.6667 |
	| Avery       | 25.0000 |
	| Gracie      | 25.6667 |
	| Phoebe      | 26.0000 |
	| Isaiah      | 26.3333 |
	| Kaiden      | 26.6667 |
	| Dean        | 26.6667 |
	| Aubree      | 26.6667 |
	| Eleanor     | 27.3333 |
	| Adelynn     | 27.6667 |
	| Ruth        | 28.0000 |
	| Kali        | 28.0000 |
	| Brooks      | 28.3333 |
	| Sara        | 28.6667 |
	| Otto        | 29.0000 |
	| Braxton     | 30.0000 |
	| Walter      | 30.0000 |
	| Lucas       | 30.3333 |
	| Scarlett    | 30.3333 |
	| Lia         | 30.3333 |
	| Noah        | 30.6667 |
	| Ryker       | 30.6667 |
	| Jose        | 31.0000 |
	| Kaleb       | 31.0000 |
	| Emily       | 31.3333 |
	| Juan        | 31.3333 |
	| Selena      | 31.3333 |
	| Benjamin    | 31.6667 |
	| Ariana      | 31.6667 |
	| Ember       | 32.0000 |
	| Elsie       | 32.0000 |
	| Maximus     | 32.0000 |
	| Dylan       | 32.3333 |
	| Kyler       | 32.3333 |
	| Kaden       | 32.3333 |
	| Stella      | 32.6667 |
	| Jax         | 33.0000 |
	| Elijah      | 33.3333 |
	| Tatum       | 33.3333 |
	| Jaxson      | 33.6667 |
	| Joel        | 34.0000 |
	| Brantley    | 34.0000 |
	| Alina       | 34.3333 |
	| Delaney     | 34.3333 |
	| Brian       | 34.3333 |
	| Arielle     | 34.6667 |
	| Kalani      | 35.0000 |
	| Zane        | 35.3333 |
	| Odin        | 35.3333 |
	| Paisley     | 35.6667 |
	| Naomi       | 35.6667 |
	| Angel       | 35.6667 |
	| Kai         | 35.6667 |
	| Alexandra   | 35.6667 |
	| Cameron     | 36.0000 |
	| Iris        | 36.0000 |
	| Charlie     | 36.0000 |
	| Nico        | 36.0000 |
	| Mya         | 36.0000 |
	| Khalil      | 36.0000 |
	| Madison     | 36.3333 |
	| Thomas      | 36.3333 |
	| Allson      | 36.3333 |
	| Alaia       | 36.3333 |
	| Luis        | 36.3333 |
	| Jayce       | 36.3333 |
	| Lydia       | 36.6667 |
	| Maxwell     | 36.6667 |
	| George      | 37.0000 |
	| Ariyah      | 37.0000 |
	| Adriel      | 37.3333 |
	| Alejandro   | 37.3333 |
	| Riley       | 37.3333 |
	| Sofia       | 37.6667 |
	| Aaron       | 37.6667 |
	| Brayden     | 37.6667 |
	| Everett     | 38.0000 |
	| Jonah       | 38.0000 |
	| Lorenzo     | 38.3333 |
	| Zayden      | 38.3333 |
	| Matteo      | 38.6667 |
	| Lilah       | 38.6667 |
	| Harley      | 38.6667 |
	| Rylan       | 38.6667 |
	| Isabel      | 39.0000 |
	| Kane        | 39.0000 |
	| Nathan      | 39.3333 |
	| Ivan        | 39.3333 |
	| Joanna      | 39.3333 |
	| Ali         | 39.3333 |
	| Karter      | 39.6667 |
	| Eduardo     | 39.6667 |
	| Lillian     | 40.0000 |
	| Natalia     | 40.0000 |
	| Waylon      | 40.3333 |
	| Jason       | 40.3333 |
	| Madilyn     | 40.3333 |
	| Gianna      | 40.6667 |
	| Aidan       | 40.6667 |
	| Amari       | 40.6667 |
	| Avianna     | 40.6667 |
	| Zachary     | 41.0000 |
	| Elliot      | 41.0000 |
	| Harper      | 41.3333 |
	| Peter       | 41.3333 |
	| Trinity     | 42.3333 |
	| Thea        | 42.3333 |
	| Olivia      | 42.6667 |
	| Cohen       | 43.0000 |
	| Ayla        | 43.3333 |
	| Aniyah      | 43.3333 |
	| Charlotte   | 43.6667 |
	| Jesse       | 43.6667 |
	| Brady       | 43.6667 |
	| Jake        | 43.6667 |
	| Violet      | 44.0000 |
	| Finley      | 44.0000 |
	| Reese       | 44.3333 |
	| Rhett       | 44.3333 |
	| Nicholas    | 44.6667 |
	| Chance      | 44.6667 |
	| Morgan      | 45.3333 |
	| Lane        | 45.3333 |
	| Colson      | 45.3333 |
	| William     | 45.6667 |
	| Lily        | 45.6667 |
	| Easton      | 45.6667 |
	| Emersyn     | 45.6667 |
	| Bailey      | 45.6667 |
	| Ada         | 45.6667 |
	| Walker      | 46.0000 |
	| Archer      | 46.0000 |
	| Atlas       | 46.0000 |
	| Patrick     | 46.0000 |
	| Spencer     | 46.0000 |
	| Aiden       | 46.3333 |
	| Christian   | 47.0000 |
	| Nathaniel   | 47.0000 |
	| Max         | 47.0000 |
	| Preston     | 47.0000 |
	| Aziel       | 47.0000 |
	| Gracelyn    | 47.0000 |
	| Jack        | 47.3333 |
	| Aurora      | 47.3333 |
	| Elena       | 47.6667 |
	| James       | 48.0000 |
	| Rachel      | 48.6667 |
	| Jeremy      | 48.6667 |
	| Oscar       | 49.0000 |
	| Timothy     | 49.3333 |
	| Oaklynn     | 49.3333 |
	| Kimberly    | 49.3333 |
	| Ian         | 49.6667 |
	| Elliott     | 49.6667 |
	| Rafael      | 49.6667 |
	| Saylor      | 49.6667 |
	| Elizabeth   | 50.0000 |
	| Theo        | 50.0000 |
	| Lukas       | 50.0000 |
	| Jacob       | 50.3333 |
	| Edward      | 50.3333 |
	| Andres      | 50.3333 |
	| Melanie     | 50.6667 |
	| Lucia       | 50.6667 |
	| Aaliyah     | 51.0000 |
	| Roman       | 51.0000 |
	| June        | 51.0000 |
	| Simon       | 51.0000 |
	| Dallas      | 51.0000 |
	| Anderson    | 51.0000 |
	| Niko        | 51.3333 |
	| Eli         | 51.6667 |
	| Henry       | 52.0000 |
	| Andrew      | 52.0000 |
	| Alayah      | 52.0000 |
	| Camila      | 52.3333 |
	| Abigail     | 52.3333 |
	| Stevie      | 52.3333 |
	| Bella       | 52.6667 |
	| Ayden       | 53.0000 |
	| Bentley     | 53.0000 |
	| Hallie      | 53.0000 |
	| Connor      | 53.3333 |
	| Kairo       | 53.3333 |
	| Zander      | 53.3333 |
	| Cairo       | 53.3333 |
	| Vincent     | 53.6667 |
	| Ellie       | 54.3333 |
	| Wyatt       | 54.3333 |
	| Everly      | 54.3333 |
	| Clara       | 54.3333 |
	| Zoe         | 54.6667 |
	| Alice       | 54.6667 |
	| Liam        | 55.0000 |
	| Dominic     | 55.0000 |
	| Cruz        | 55.0000 |
	| Makayla     | 55.0000 |
	| Victoria    | 55.3333 |
	| Emery       | 55.3333 |
	| Beau        | 55.3333 |
	| Melody      | 55.3333 |
	| Adalyn      | 55.3333 |
	| Vera        | 55.3333 |
	| Lincoln     | 56.0000 |
	| Cooper      | 56.3333 |
	| Vivian      | 56.3333 |
	| Hazel       | 56.6667 |
	| Kyrie       | 56.6667 |
	| Kash        | 56.6667 |
	| Atticus     | 56.6667 |
	| Brooklyn    | 57.3333 |
	| Grant       | 57.6667 |
	| Richard     | 57.6667 |
	| Kayla       | 57.6667 |
	| Arya        | 58.0000 |
	| Remi        | 58.0000 |
	| Faith       | 58.0000 |
	| Willa       | 58.0000 |
	| Maria       | 58.3333 |
	| Dakota      | 58.3333 |
	| Ryan        | 58.6667 |
	| Juliana     | 58.6667 |
	| Jayla       | 58.6667 |
	| Briella     | 58.6667 |
	| Ezequiel    | 58.6667 |
	| Reid        | 59.0000 |
	| Ashton      | 59.3333 |
	| Luna        | 59.6667 |
	| Julia       | 59.6667 |
	| Gia         | 59.6667 |
	| Hayden      | 60.0000 |
	| Anastasia   | 60.3333 |
	| Journee     | 60.3333 |
	| Colin       | 60.3333 |
	| Robert      | 60.6667 |
	| Avery       | 61.0000 |
	| Jonathan    | 61.3333 |
	| Brooke      | 61.3333 |
	| Josephine   | 61.6667 |
	| Carson      | 61.6667 |
	| Vivienne    | 61.6667 |
	| Gunner      | 61.6667 |
	| Maximiliano | 62.0000 |
	| Weston      | 62.3333 |
	| Tyler       | 62.3333 |
	| Abraham     | 62.3333 |
	| Amina       | 62.3333 |
	| Eden        | 62.6667 |
	| Esther      | 62.6667 |
	| Hope        | 62.6667 |
	| Nolan       | 63.0000 |
	| Silas       | 63.0000 |
	| London      | 63.0000 |
	| Harlow      | 63.0000 |
	| Landon      | 63.3333 |
	| Xavier      | 63.3333 |
	| Carlos      | 63.3333 |
	| Millie      | 63.3333 |
	| Adelaide    | 63.6667 |
	| Lucille     | 63.6667 |
	| Levi        | 64.0000 |
	| Zion        | 64.0000 |
	| Ruby        | 65.6667 |
	| Jocelyn     | 65.6667 |
	| Elianna     | 65.6667 |
	| Victor      | 66.0000 |
	| Crew        | 66.0000 |
	| Madelyn     | 66.3333 |
	| Maverick    | 66.6667 |
	| Paige       | 66.6667 |
	| Giselle     | 66.6667 |
	| Asher       | 67.0000 |
	| Skylar      | 67.0000 |
	| Axel        | 67.0000 |
	| Eric        | 67.0000 |
	| Malachi     | 67.3333 |
	| Caroline    | 67.6667 |
	| Jameson     | 68.0000 |
	| Parker      | 68.3333 |
	| Cayden      | 68.3333 |
	| Daniela     | 69.0000 |
	| Daxton      | 69.0000 |
	| Jesus       | 69.3333 |
	| Rowan       | 69.6667 |
	| Kobe        | 69.6667 |
	| Orion       | 70.3333 |
	| Dawson      | 70.6667 |
	| Nyla        | 70.6667 |
	| Alexander   | 71.0000 |
	| Elle        | 71.0000 |
	| Ace         | 71.3333 |
	| Beckett     | 71.6667 |
	| Blake       | 71.6667 |
	| Kaia        | 71.6667 |
	| Amiyah      | 72.0000 |
	| Austin      | 72.6667 |
	| Enzo        | 72.6667 |
	| Thiago      | 72.6667 |
	| Arthur      | 73.0000 |
	| Colton      | 73.3333 |
	| Finley      | 73.3333 |
	| Ivy         | 74.3333 |
	| Amari       | 74.3333 |
	| Wade        | 74.3333 |
	| Eva         | 75.0000 |
	| Tristan     | 75.0000 |
	| Omar        | 75.0000 |
	| Andre       | 75.0000 |
	| Bryan       | 77.0000 |
	| Calvin      | 77.3333 |
	| Olive       | 77.3333 |
	| Bennett     | 78.3333 |
	| Leia        | 78.6667 |
	| Emma        | 79.6667 |
	| Adelyn      | 80.3333 |
	| Harrison    | 81.0000 |
	| Myles       | 81.3333 |
	| Rory        | 81.6667 |
	| Emilia      | 83.0000 |
	| Nora        | 83.3333 |
	| Octavia     | 84.0000 |
	| Santiago    | 84.3333 |
	| Graham      | 85.0000 |
	| David       | 85.6667 |
	| Remington   | 85.6667 |
	| Celeste     | 86.0000 |
	| Adrian      | 86.3333 |
	| Adriana     | 86.6667 |
	| Hannah      | 87.6667 |
	| Phoenix     | 89.0000 |
	| Reign       | 89.6667 |
	| Gabriella   | 90.3333 |
	| Malia       | 91.6667 |
	+-------------+---------+
	364 rows in set (0.01 sec)

	mysql> SELECT name, (maths+science+english)/3 as average from student_marks
		-> ORDER BY average desc;
	+-------------+---------+
	| name        | average |
	+-------------+---------+
	| Malia       | 91.6667 |
	| Gabriella   | 90.3333 |
	| Reign       | 89.6667 |
	| Phoenix     | 89.0000 |
	| Hannah      | 87.6667 |
	| Adriana     | 86.6667 |
	| Adrian      | 86.3333 |
	| Celeste     | 86.0000 |
	| David       | 85.6667 |
	| Remington   | 85.6667 |
	| Graham      | 85.0000 |
	| Santiago    | 84.3333 |
	| Octavia     | 84.0000 |
	| Nora        | 83.3333 |
	| Emilia      | 83.0000 |
	| Rory        | 81.6667 |
	| Myles       | 81.3333 |
	| Harrison    | 81.0000 |
	| Adelyn      | 80.3333 |
	| Emma        | 79.6667 |
	| Leia        | 78.6667 |
	| Bennett     | 78.3333 |
	| Calvin      | 77.3333 |
	| Olive       | 77.3333 |
	| Bryan       | 77.0000 |
	| Eva         | 75.0000 |
	| Tristan     | 75.0000 |
	| Omar        | 75.0000 |
	| Andre       | 75.0000 |
	| Ivy         | 74.3333 |
	| Amari       | 74.3333 |
	| Wade        | 74.3333 |
	| Colton      | 73.3333 |
	| Finley      | 73.3333 |
	| Arthur      | 73.0000 |
	| Austin      | 72.6667 |
	| Enzo        | 72.6667 |
	| Thiago      | 72.6667 |
	| Amiyah      | 72.0000 |
	| Beckett     | 71.6667 |
	| Blake       | 71.6667 |
	| Kaia        | 71.6667 |
	| Ace         | 71.3333 |
	| Alexander   | 71.0000 |
	| Elle        | 71.0000 |
	| Dawson      | 70.6667 |
	| Nyla        | 70.6667 |
	| Orion       | 70.3333 |
	| Rowan       | 69.6667 |
	| Kobe        | 69.6667 |
	| Jesus       | 69.3333 |
	| Daniela     | 69.0000 |
	| Daxton      | 69.0000 |
	| Parker      | 68.3333 |
	| Cayden      | 68.3333 |
	| Jameson     | 68.0000 |
	| Caroline    | 67.6667 |
	| Malachi     | 67.3333 |
	| Asher       | 67.0000 |
	| Skylar      | 67.0000 |
	| Axel        | 67.0000 |
	| Eric        | 67.0000 |
	| Maverick    | 66.6667 |
	| Paige       | 66.6667 |
	| Giselle     | 66.6667 |
	| Madelyn     | 66.3333 |
	| Victor      | 66.0000 |
	| Crew        | 66.0000 |
	| Ruby        | 65.6667 |
	| Jocelyn     | 65.6667 |
	| Elianna     | 65.6667 |
	| Levi        | 64.0000 |
	| Zion        | 64.0000 |
	| Adelaide    | 63.6667 |
	| Lucille     | 63.6667 |
	| Landon      | 63.3333 |
	| Xavier      | 63.3333 |
	| Carlos      | 63.3333 |
	| Millie      | 63.3333 |
	| Nolan       | 63.0000 |
	| Silas       | 63.0000 |
	| London      | 63.0000 |
	| Harlow      | 63.0000 |
	| Eden        | 62.6667 |
	| Esther      | 62.6667 |
	| Hope        | 62.6667 |
	| Weston      | 62.3333 |
	| Tyler       | 62.3333 |
	| Abraham     | 62.3333 |
	| Amina       | 62.3333 |
	| Maximiliano | 62.0000 |
	| Josephine   | 61.6667 |
	| Carson      | 61.6667 |
	| Vivienne    | 61.6667 |
	| Gunner      | 61.6667 |
	| Jonathan    | 61.3333 |
	| Brooke      | 61.3333 |
	| Avery       | 61.0000 |
	| Robert      | 60.6667 |
	| Anastasia   | 60.3333 |
	| Journee     | 60.3333 |
	| Colin       | 60.3333 |
	| Hayden      | 60.0000 |
	| Luna        | 59.6667 |
	| Julia       | 59.6667 |
	| Gia         | 59.6667 |
	| Ashton      | 59.3333 |
	| Reid        | 59.0000 |
	| Ryan        | 58.6667 |
	| Juliana     | 58.6667 |
	| Jayla       | 58.6667 |
	| Briella     | 58.6667 |
	| Ezequiel    | 58.6667 |
	| Maria       | 58.3333 |
	| Dakota      | 58.3333 |
	| Arya        | 58.0000 |
	| Remi        | 58.0000 |
	| Faith       | 58.0000 |
	| Willa       | 58.0000 |
	| Grant       | 57.6667 |
	| Richard     | 57.6667 |
	| Kayla       | 57.6667 |
	| Brooklyn    | 57.3333 |
	| Hazel       | 56.6667 |
	| Kyrie       | 56.6667 |
	| Kash        | 56.6667 |
	| Atticus     | 56.6667 |
	| Cooper      | 56.3333 |
	| Vivian      | 56.3333 |
	| Lincoln     | 56.0000 |
	| Victoria    | 55.3333 |
	| Emery       | 55.3333 |
	| Beau        | 55.3333 |
	| Melody      | 55.3333 |
	| Adalyn      | 55.3333 |
	| Vera        | 55.3333 |
	| Liam        | 55.0000 |
	| Dominic     | 55.0000 |
	| Cruz        | 55.0000 |
	| Makayla     | 55.0000 |
	| Zoe         | 54.6667 |
	| Alice       | 54.6667 |
	| Ellie       | 54.3333 |
	| Wyatt       | 54.3333 |
	| Everly      | 54.3333 |
	| Clara       | 54.3333 |
	| Vincent     | 53.6667 |
	| Connor      | 53.3333 |
	| Kairo       | 53.3333 |
	| Zander      | 53.3333 |
	| Cairo       | 53.3333 |
	| Ayden       | 53.0000 |
	| Bentley     | 53.0000 |
	| Hallie      | 53.0000 |
	| Bella       | 52.6667 |
	| Camila      | 52.3333 |
	| Abigail     | 52.3333 |
	| Stevie      | 52.3333 |
	| Henry       | 52.0000 |
	| Andrew      | 52.0000 |
	| Alayah      | 52.0000 |
	| Eli         | 51.6667 |
	| Niko        | 51.3333 |
	| Aaliyah     | 51.0000 |
	| Roman       | 51.0000 |
	| June        | 51.0000 |
	| Simon       | 51.0000 |
	| Dallas      | 51.0000 |
	| Anderson    | 51.0000 |
	| Melanie     | 50.6667 |
	| Lucia       | 50.6667 |
	| Jacob       | 50.3333 |
	| Edward      | 50.3333 |
	| Andres      | 50.3333 |
	| Elizabeth   | 50.0000 |
	| Theo        | 50.0000 |
	| Lukas       | 50.0000 |
	| Ian         | 49.6667 |
	| Elliott     | 49.6667 |
	| Rafael      | 49.6667 |
	| Saylor      | 49.6667 |
	| Timothy     | 49.3333 |
	| Oaklynn     | 49.3333 |
	| Kimberly    | 49.3333 |
	| Oscar       | 49.0000 |
	| Rachel      | 48.6667 |
	| Jeremy      | 48.6667 |
	| James       | 48.0000 |
	| Elena       | 47.6667 |
	| Jack        | 47.3333 |
	| Aurora      | 47.3333 |
	| Christian   | 47.0000 |
	| Nathaniel   | 47.0000 |
	| Max         | 47.0000 |
	| Preston     | 47.0000 |
	| Aziel       | 47.0000 |
	| Gracelyn    | 47.0000 |
	| Aiden       | 46.3333 |
	| Walker      | 46.0000 |
	| Archer      | 46.0000 |
	| Atlas       | 46.0000 |
	| Patrick     | 46.0000 |
	| Spencer     | 46.0000 |
	| William     | 45.6667 |
	| Lily        | 45.6667 |
	| Easton      | 45.6667 |
	| Emersyn     | 45.6667 |
	| Bailey      | 45.6667 |
	| Ada         | 45.6667 |
	| Morgan      | 45.3333 |
	| Lane        | 45.3333 |
	| Colson      | 45.3333 |
	| Nicholas    | 44.6667 |
	| Chance      | 44.6667 |
	| Reese       | 44.3333 |
	| Rhett       | 44.3333 |
	| Violet      | 44.0000 |
	| Finley      | 44.0000 |
	| Charlotte   | 43.6667 |
	| Jesse       | 43.6667 |
	| Brady       | 43.6667 |
	| Jake        | 43.6667 |
	| Ayla        | 43.3333 |
	| Aniyah      | 43.3333 |
	| Cohen       | 43.0000 |
	| Olivia      | 42.6667 |
	| Trinity     | 42.3333 |
	| Thea        | 42.3333 |
	| Harper      | 41.3333 |
	| Peter       | 41.3333 |
	| Zachary     | 41.0000 |
	| Elliot      | 41.0000 |
	| Gianna      | 40.6667 |
	| Aidan       | 40.6667 |
	| Amari       | 40.6667 |
	| Avianna     | 40.6667 |
	| Waylon      | 40.3333 |
	| Jason       | 40.3333 |
	| Madilyn     | 40.3333 |
	| Lillian     | 40.0000 |
	| Natalia     | 40.0000 |
	| Karter      | 39.6667 |
	| Eduardo     | 39.6667 |
	| Nathan      | 39.3333 |
	| Ivan        | 39.3333 |
	| Joanna      | 39.3333 |
	| Ali         | 39.3333 |
	| Isabel      | 39.0000 |
	| Kane        | 39.0000 |
	| Matteo      | 38.6667 |
	| Lilah       | 38.6667 |
	| Harley      | 38.6667 |
	| Rylan       | 38.6667 |
	| Lorenzo     | 38.3333 |
	| Zayden      | 38.3333 |
	| Everett     | 38.0000 |
	| Jonah       | 38.0000 |
	| Sofia       | 37.6667 |
	| Aaron       | 37.6667 |
	| Brayden     | 37.6667 |
	| Adriel      | 37.3333 |
	| Alejandro   | 37.3333 |
	| Riley       | 37.3333 |
	| George      | 37.0000 |
	| Ariyah      | 37.0000 |
	| Lydia       | 36.6667 |
	| Maxwell     | 36.6667 |
	| Madison     | 36.3333 |
	| Thomas      | 36.3333 |
	| Allson      | 36.3333 |
	| Alaia       | 36.3333 |
	| Luis        | 36.3333 |
	| Jayce       | 36.3333 |
	| Cameron     | 36.0000 |
	| Iris        | 36.0000 |
	| Charlie     | 36.0000 |
	| Nico        | 36.0000 |
	| Mya         | 36.0000 |
	| Khalil      | 36.0000 |
	| Paisley     | 35.6667 |
	| Naomi       | 35.6667 |
	| Angel       | 35.6667 |
	| Kai         | 35.6667 |
	| Alexandra   | 35.6667 |
	| Zane        | 35.3333 |
	| Odin        | 35.3333 |
	| Kalani      | 35.0000 |
	| Arielle     | 34.6667 |
	| Alina       | 34.3333 |
	| Delaney     | 34.3333 |
	| Brian       | 34.3333 |
	| Joel        | 34.0000 |
	| Brantley    | 34.0000 |
	| Jaxson      | 33.6667 |
	| Elijah      | 33.3333 |
	| Tatum       | 33.3333 |
	| Jax         | 33.0000 |
	| Stella      | 32.6667 |
	| Dylan       | 32.3333 |
	| Kyler       | 32.3333 |
	| Kaden       | 32.3333 |
	| Ember       | 32.0000 |
	| Elsie       | 32.0000 |
	| Maximus     | 32.0000 |
	| Benjamin    | 31.6667 |
	| Ariana      | 31.6667 |
	| Emily       | 31.3333 |
	| Juan        | 31.3333 |
	| Selena      | 31.3333 |
	| Jose        | 31.0000 |
	| Kaleb       | 31.0000 |
	| Noah        | 30.6667 |
	| Ryker       | 30.6667 |
	| Lucas       | 30.3333 |
	| Scarlett    | 30.3333 |
	| Lia         | 30.3333 |
	| Braxton     | 30.0000 |
	| Walter      | 30.0000 |
	| Otto        | 29.0000 |
	| Sara        | 28.6667 |
	| Brooks      | 28.3333 |
	| Ruth        | 28.0000 |
	| Kali        | 28.0000 |
	| Adelynn     | 27.6667 |
	| Eleanor     | 27.3333 |
	| Kaiden      | 26.6667 |
	| Dean        | 26.6667 |
	| Aubree      | 26.6667 |
	| Isaiah      | 26.3333 |
	| Phoebe      | 26.0000 |
	| Gracie      | 25.6667 |
	| Avery       | 25.0000 |
	| Aria        | 24.6667 |
	| Theodore    | 24.6667 |
	| Adeline     | 24.6667 |
	| Ximena      | 24.3333 |
	| Prince      | 24.3333 |
	| Joshua      | 24.0000 |
	| Legend      | 24.0000 |
	| Francisco   | 24.0000 |
	| Annie       | 23.6667 |
	| Jett        | 23.3333 |
	| River       | 23.0000 |
	| Quinn       | 22.3333 |
	| Adonis      | 22.0000 |
	| Kenneth     | 22.0000 |
	| Ophelia     | 21.6667 |
	| Amy         | 21.0000 |
	| Jude        | 20.6667 |
	| Myla        | 20.6667 |
	| Joseph      | 20.0000 |
	| Oliver      | 19.6667 |
	| Arabella    | 18.0000 |
	| Presley     | 17.6667 |
	| Raymond     | 17.6667 |
	| Phoenix     | 17.0000 |
	| Ella        | 16.6667 |
	| Maggie      | 16.6667 |
	| Cole        | 16.0000 |
	| Valeria     | 14.0000 |
	| Cristian    | 13.6667 |
	| Elaina      | 13.3333 |
	| Nina        | 13.0000 |
	| Matias      |  5.3333 |
	+-------------+---------+
	364 rows in set (0.00 sec)

	mysql> SELECT name, (maths+science+english)/3 as average from student_marks
		-> WHERE gender = 'F'
		-> ORDER BY average asc;
	+-----------+---------+
	| name      | average |
	+-----------+---------+
	| Nina      | 13.0000 |
	| Elaina    | 13.3333 |
	| Valeria   | 14.0000 |
	| Ella      | 16.6667 |
	| Maggie    | 16.6667 |
	| Presley   | 17.6667 |
	| Arabella  | 18.0000 |
	| Myla      | 20.6667 |
	| Amy       | 21.0000 |
	| Ophelia   | 21.6667 |
	| Quinn     | 22.3333 |
	| River     | 23.0000 |
	| Annie     | 23.6667 |
	| Ximena    | 24.3333 |
	| Aria      | 24.6667 |
	| Adeline   | 24.6667 |
	| Avery     | 25.0000 |
	| Gracie    | 25.6667 |
	| Phoebe    | 26.0000 |
	| Aubree    | 26.6667 |
	| Eleanor   | 27.3333 |
	| Adelynn   | 27.6667 |
	| Ruth      | 28.0000 |
	| Kali      | 28.0000 |
	| Sara      | 28.6667 |
	| Scarlett  | 30.3333 |
	| Lia       | 30.3333 |
	| Emily     | 31.3333 |
	| Selena    | 31.3333 |
	| Ariana    | 31.6667 |
	| Ember     | 32.0000 |
	| Elsie     | 32.0000 |
	| Stella    | 32.6667 |
	| Tatum     | 33.3333 |
	| Alina     | 34.3333 |
	| Delaney   | 34.3333 |
	| Arielle   | 34.6667 |
	| Kalani    | 35.0000 |
	| Paisley   | 35.6667 |
	| Naomi     | 35.6667 |
	| Alexandra | 35.6667 |
	| Iris      | 36.0000 |
	| Charlie   | 36.0000 |
	| Mya       | 36.0000 |
	| Madison   | 36.3333 |
	| Allson    | 36.3333 |
	| Alaia     | 36.3333 |
	| Lydia     | 36.6667 |
	| Ariyah    | 37.0000 |
	| Sofia     | 37.6667 |
	| Lilah     | 38.6667 |
	| Harley    | 38.6667 |
	| Isabel    | 39.0000 |
	| Joanna    | 39.3333 |
	| Lillian   | 40.0000 |
	| Natalia   | 40.0000 |
	| Madilyn   | 40.3333 |
	| Gianna    | 40.6667 |
	| Amari     | 40.6667 |
	| Avianna   | 40.6667 |
	| Harper    | 41.3333 |
	| Trinity   | 42.3333 |
	| Thea      | 42.3333 |
	| Olivia    | 42.6667 |
	| Ayla      | 43.3333 |
	| Aniyah    | 43.3333 |
	| Charlotte | 43.6667 |
	| Violet    | 44.0000 |
	| Finley    | 44.0000 |
	| Reese     | 44.3333 |
	| Morgan    | 45.3333 |
	| Lily      | 45.6667 |
	| Emersyn   | 45.6667 |
	| Bailey    | 45.6667 |
	| Ada       | 45.6667 |
	| Gracelyn  | 47.0000 |
	| Aurora    | 47.3333 |
	| Elena     | 47.6667 |
	| Rachel    | 48.6667 |
	| Oaklynn   | 49.3333 |
	| Kimberly  | 49.3333 |
	| Saylor    | 49.6667 |
	| Elizabeth | 50.0000 |
	| Melanie   | 50.6667 |
	| Lucia     | 50.6667 |
	| Aaliyah   | 51.0000 |
	| June      | 51.0000 |
	| Alayah    | 52.0000 |
	| Camila    | 52.3333 |
	| Abigail   | 52.3333 |
	| Stevie    | 52.3333 |
	| Bella     | 52.6667 |
	| Hallie    | 53.0000 |
	| Ellie     | 54.3333 |
	| Everly    | 54.3333 |
	| Clara     | 54.3333 |
	| Zoe       | 54.6667 |
	| Alice     | 54.6667 |
	| Makayla   | 55.0000 |
	| Victoria  | 55.3333 |
	| Emery     | 55.3333 |
	| Melody    | 55.3333 |
	| Adalyn    | 55.3333 |
	| Vera      | 55.3333 |
	| Vivian    | 56.3333 |
	| Hazel     | 56.6667 |
	| Brooklyn  | 57.3333 |
	| Kayla     | 57.6667 |
	| Arya      | 58.0000 |
	| Remi      | 58.0000 |
	| Faith     | 58.0000 |
	| Willa     | 58.0000 |
	| Maria     | 58.3333 |
	| Dakota    | 58.3333 |
	| Juliana   | 58.6667 |
	| Jayla     | 58.6667 |
	| Briella   | 58.6667 |
	| Luna      | 59.6667 |
	| Julia     | 59.6667 |
	| Gia       | 59.6667 |
	| Hayden    | 60.0000 |
	| Anastasia | 60.3333 |
	| Journee   | 60.3333 |
	| Brooke    | 61.3333 |
	| Josephine | 61.6667 |
	| Vivienne  | 61.6667 |
	| Amina     | 62.3333 |
	| Eden      | 62.6667 |
	| Esther    | 62.6667 |
	| Hope      | 62.6667 |
	| London    | 63.0000 |
	| Harlow    | 63.0000 |
	| Millie    | 63.3333 |
	| Adelaide  | 63.6667 |
	| Lucille   | 63.6667 |
	| Ruby      | 65.6667 |
	| Jocelyn   | 65.6667 |
	| Elianna   | 65.6667 |
	| Madelyn   | 66.3333 |
	| Paige     | 66.6667 |
	| Giselle   | 66.6667 |
	| Skylar    | 67.0000 |
	| Caroline  | 67.6667 |
	| Daniela   | 69.0000 |
	| Rowan     | 69.6667 |
	| Nyla      | 70.6667 |
	| Elle      | 71.0000 |
	| Kaia      | 71.6667 |
	| Amiyah    | 72.0000 |
	| Ivy       | 74.3333 |
	| Eva       | 75.0000 |
	| Olive     | 77.3333 |
	| Leia      | 78.6667 |
	| Emma      | 79.6667 |
	| Adelyn    | 80.3333 |
	| Emilia    | 83.0000 |
	| Nora      | 83.3333 |
	| Octavia   | 84.0000 |
	| Remington | 85.6667 |
	| Celeste   | 86.0000 |
	| Adriana   | 86.6667 |
	| Hannah    | 87.6667 |
	| Phoenix   | 89.0000 |
	| Reign     | 89.6667 |
	| Gabriella | 90.3333 |
	| Malia     | 91.6667 |
	+-----------+---------+
	166 rows in set (0.00 sec)

	mysql> SELECT name, (maths+science+english)/3 as average from student_marks
		-> WHERE gender = 'M'
		-> ORDER BY average asc;
	+-------------+---------+
	| name        | average |
	+-------------+---------+
	| Matias      |  5.3333 |
	| Cristian    | 13.6667 |
	| Cole        | 16.0000 |
	| Phoenix     | 17.0000 |
	| Raymond     | 17.6667 |
	| Oliver      | 19.6667 |
	| Joseph      | 20.0000 |
	| Jude        | 20.6667 |
	| Adonis      | 22.0000 |
	| Kenneth     | 22.0000 |
	| Jett        | 23.3333 |
	| Joshua      | 24.0000 |
	| Legend      | 24.0000 |
	| Francisco   | 24.0000 |
	| Prince      | 24.3333 |
	| Theodore    | 24.6667 |
	| Isaiah      | 26.3333 |
	| Kaiden      | 26.6667 |
	| Dean        | 26.6667 |
	| Brooks      | 28.3333 |
	| Otto        | 29.0000 |
	| Braxton     | 30.0000 |
	| Walter      | 30.0000 |
	| Lucas       | 30.3333 |
	| Noah        | 30.6667 |
	| Ryker       | 30.6667 |
	| Jose        | 31.0000 |
	| Kaleb       | 31.0000 |
	| Juan        | 31.3333 |
	| Benjamin    | 31.6667 |
	| Maximus     | 32.0000 |
	| Dylan       | 32.3333 |
	| Kyler       | 32.3333 |
	| Kaden       | 32.3333 |
	| Jax         | 33.0000 |
	| Elijah      | 33.3333 |
	| Jaxson      | 33.6667 |
	| Joel        | 34.0000 |
	| Brantley    | 34.0000 |
	| Brian       | 34.3333 |
	| Zane        | 35.3333 |
	| Odin        | 35.3333 |
	| Angel       | 35.6667 |
	| Kai         | 35.6667 |
	| Cameron     | 36.0000 |
	| Nico        | 36.0000 |
	| Khalil      | 36.0000 |
	| Thomas      | 36.3333 |
	| Luis        | 36.3333 |
	| Jayce       | 36.3333 |
	| Maxwell     | 36.6667 |
	| George      | 37.0000 |
	| Adriel      | 37.3333 |
	| Alejandro   | 37.3333 |
	| Riley       | 37.3333 |
	| Aaron       | 37.6667 |
	| Brayden     | 37.6667 |
	| Everett     | 38.0000 |
	| Jonah       | 38.0000 |
	| Lorenzo     | 38.3333 |
	| Zayden      | 38.3333 |
	| Matteo      | 38.6667 |
	| Rylan       | 38.6667 |
	| Kane        | 39.0000 |
	| Nathan      | 39.3333 |
	| Ivan        | 39.3333 |
	| Ali         | 39.3333 |
	| Karter      | 39.6667 |
	| Eduardo     | 39.6667 |
	| Waylon      | 40.3333 |
	| Jason       | 40.3333 |
	| Aidan       | 40.6667 |
	| Zachary     | 41.0000 |
	| Elliot      | 41.0000 |
	| Peter       | 41.3333 |
	| Cohen       | 43.0000 |
	| Jesse       | 43.6667 |
	| Brady       | 43.6667 |
	| Jake        | 43.6667 |
	| Rhett       | 44.3333 |
	| Nicholas    | 44.6667 |
	| Chance      | 44.6667 |
	| Lane        | 45.3333 |
	| Colson      | 45.3333 |
	| William     | 45.6667 |
	| Easton      | 45.6667 |
	| Walker      | 46.0000 |
	| Archer      | 46.0000 |
	| Atlas       | 46.0000 |
	| Patrick     | 46.0000 |
	| Spencer     | 46.0000 |
	| Aiden       | 46.3333 |
	| Christian   | 47.0000 |
	| Nathaniel   | 47.0000 |
	| Max         | 47.0000 |
	| Preston     | 47.0000 |
	| Aziel       | 47.0000 |
	| Jack        | 47.3333 |
	| James       | 48.0000 |
	| Jeremy      | 48.6667 |
	| Oscar       | 49.0000 |
	| Timothy     | 49.3333 |
	| Ian         | 49.6667 |
	| Elliott     | 49.6667 |
	| Rafael      | 49.6667 |
	| Theo        | 50.0000 |
	| Lukas       | 50.0000 |
	| Jacob       | 50.3333 |
	| Edward      | 50.3333 |
	| Andres      | 50.3333 |
	| Roman       | 51.0000 |
	| Simon       | 51.0000 |
	| Dallas      | 51.0000 |
	| Anderson    | 51.0000 |
	| Niko        | 51.3333 |
	| Eli         | 51.6667 |
	| Henry       | 52.0000 |
	| Andrew      | 52.0000 |
	| Ayden       | 53.0000 |
	| Bentley     | 53.0000 |
	| Connor      | 53.3333 |
	| Kairo       | 53.3333 |
	| Zander      | 53.3333 |
	| Cairo       | 53.3333 |
	| Vincent     | 53.6667 |
	| Wyatt       | 54.3333 |
	| Liam        | 55.0000 |
	| Dominic     | 55.0000 |
	| Cruz        | 55.0000 |
	| Beau        | 55.3333 |
	| Lincoln     | 56.0000 |
	| Cooper      | 56.3333 |
	| Kyrie       | 56.6667 |
	| Kash        | 56.6667 |
	| Atticus     | 56.6667 |
	| Grant       | 57.6667 |
	| Richard     | 57.6667 |
	| Ryan        | 58.6667 |
	| Ezequiel    | 58.6667 |
	| Reid        | 59.0000 |
	| Ashton      | 59.3333 |
	| Colin       | 60.3333 |
	| Robert      | 60.6667 |
	| Avery       | 61.0000 |
	| Jonathan    | 61.3333 |
	| Carson      | 61.6667 |
	| Gunner      | 61.6667 |
	| Maximiliano | 62.0000 |
	| Weston      | 62.3333 |
	| Tyler       | 62.3333 |
	| Abraham     | 62.3333 |
	| Nolan       | 63.0000 |
	| Silas       | 63.0000 |
	| Landon      | 63.3333 |
	| Xavier      | 63.3333 |
	| Carlos      | 63.3333 |
	| Levi        | 64.0000 |
	| Zion        | 64.0000 |
	| Victor      | 66.0000 |
	| Crew        | 66.0000 |
	| Maverick    | 66.6667 |
	| Asher       | 67.0000 |
	| Axel        | 67.0000 |
	| Eric        | 67.0000 |
	| Malachi     | 67.3333 |
	| Jameson     | 68.0000 |
	| Parker      | 68.3333 |
	| Cayden      | 68.3333 |
	| Daxton      | 69.0000 |
	| Jesus       | 69.3333 |
	| Kobe        | 69.6667 |
	| Orion       | 70.3333 |
	| Dawson      | 70.6667 |
	| Alexander   | 71.0000 |
	| Ace         | 71.3333 |
	| Beckett     | 71.6667 |
	| Blake       | 71.6667 |
	| Austin      | 72.6667 |
	| Enzo        | 72.6667 |
	| Thiago      | 72.6667 |
	| Arthur      | 73.0000 |
	| Colton      | 73.3333 |
	| Finley      | 73.3333 |
	| Amari       | 74.3333 |
	| Wade        | 74.3333 |
	| Tristan     | 75.0000 |
	| Omar        | 75.0000 |
	| Andre       | 75.0000 |
	| Bryan       | 77.0000 |
	| Calvin      | 77.3333 |
	| Bennett     | 78.3333 |
	| Harrison    | 81.0000 |
	| Myles       | 81.3333 |
	| Rory        | 81.6667 |
	| Santiago    | 84.3333 |
	| Graham      | 85.0000 |
	| David       | 85.6667 |
	| Adrian      | 86.3333 |
	+-------------+---------+
	198 rows in set (0.00 sec)

	mysql> SELECT name, (maths+science+english)/3 as average from student_marks
		-> WHERE gender = 'M' AND class = 10
		-> ORDER BY average desc;
	+---------+---------+
	| name    | average |
	+---------+---------+
	| Bennett | 78.3333 |
	| Kobe    | 69.6667 |
	| Asher   | 67.0000 |
	| Landon  | 63.3333 |
	| Robert  | 60.6667 |
	| Edward  | 50.3333 |
	| Elliott | 49.6667 |
	| Jeremy  | 48.6667 |
	| Cohen   | 43.0000 |
	| Ivan    | 39.3333 |
	| Thomas  | 36.3333 |
	| Jayce   | 36.3333 |
	| Dylan   | 32.3333 |
	| Lucas   | 30.3333 |
	+---------+---------+
	14 rows in set (0.00 sec)

	mysql> SELECT name, (maths+science+english)/3 as average from student_marks
		-> WHERE gender = 'F' AND class = 10
		-> ORDER BY average desc;
	+---------+---------+
	| name    | average |
	+---------+---------+
	| Octavia | 84.0000 |
	| Eden    | 62.6667 |
	| Gia     | 59.6667 |
	| Elena   | 47.6667 |
	| Bailey  | 45.6667 |
	| Finley  | 44.0000 |
	| Joanna  | 39.3333 |
	| Isabel  | 39.0000 |
	| Stella  | 32.6667 |
	| Sara    | 28.6667 |
	| Myla    | 20.6667 |
	+---------+---------+
	11 rows in set (0.00 sec)

	mysql> SELECT 4*5;
	+-----+
	| 4*5 |
	+-----+
	|  20 |
	+-----+
	1 row in set (0.00 sec)

	mysql> SELECT 13 % 5;
	+--------+
	| 13 % 5 |
	+--------+
	|      3 |
	+--------+
	1 row in set (0.00 sec)

	mysql> SELECT maths - science as marksdifference
		-> FROM student_marks;
	+-----------------+
	| marksdifference |
	+-----------------+
	|             -14 |
	|               9 |
	|              14 |
	|              -5 |
	|              -8 |
	|              22 |
	|             -30 |
	|              38 |
	|             -72 |
	|             -29 |
	|              -5 |
	|              -3 |
	|             -80 |
	|              31 |
	|              52 |
	|             -52 |
	|              71 |
	|              31 |
	|             -53 |
	|              34 |
	|             -30 |
	|              16 |
	|              -2 |
	|              50 |
	|             -41 |
	|               0 |
	|              43 |
	|              47 |
	|               2 |
	|               0 |
	|             -58 |
	|              57 |
	|             -24 |
	|              32 |
	|             -20 |
	|             -72 |
	|              42 |
	|               9 |
	|             -84 |
	|              17 |
	|              73 |
	|              -6 |
	|              -4 |
	|             -38 |
	|              -9 |
	|              43 |
	|             -19 |
	|             -56 |
	|             -33 |
	|             -71 |
	|              23 |
	|               9 |
	|               0 |
	|              33 |
	|              -7 |
	|              15 |
	|              11 |
	|              11 |
	|               6 |
	|               5 |
	|               7 |
	|             -52 |
	|             -19 |
	|              18 |
	|             -76 |
	|              74 |
	|             -55 |
	|             -67 |
	|              10 |
	|             -55 |
	|              92 |
	|               7 |
	|             -64 |
	|              97 |
	|             -52 |
	|              10 |
	|              54 |
	|             -28 |
	|             -64 |
	|              67 |
	|              -4 |
	|             -23 |
	|              32 |
	|             -49 |
	|             -48 |
	|             -14 |
	|              35 |
	|              18 |
	|              -3 |
	|              12 |
	|             -13 |
	|              -8 |
	|             -39 |
	|              49 |
	|              -5 |
	|             -10 |
	|              -6 |
	|               2 |
	|               9 |
	|              44 |
	|             -41 |
	|              29 |
	|              11 |
	|              -3 |
	|              12 |
	|               0 |
	|               2 |
	|             -50 |
	|             -53 |
	|             -49 |
	|              -7 |
	|              59 |
	|              46 |
	|             -67 |
	|              90 |
	|              49 |
	|              73 |
	|              35 |
	|              61 |
	|              50 |
	|             -51 |
	|              21 |
	|             -23 |
	|              26 |
	|             -18 |
	|             -51 |
	|              10 |
	|              15 |
	|             -19 |
	|             -89 |
	|             -17 |
	|               2 |
	|              39 |
	|              27 |
	|             -55 |
	|             -36 |
	|              61 |
	|              22 |
	|             -68 |
	|              30 |
	|               2 |
	|               7 |
	|             -11 |
	|              29 |
	|             -57 |
	|              36 |
	|              67 |
	|             -37 |
	|              14 |
	|              41 |
	|              84 |
	|              53 |
	|             -75 |
	|               3 |
	|             -57 |
	|              18 |
	|              10 |
	|             -19 |
	|              94 |
	|              -9 |
	|             -67 |
	|               2 |
	|              75 |
	|              52 |
	|             -10 |
	|              -7 |
	|               9 |
	|              54 |
	|               2 |
	|              71 |
	|             -72 |
	|             -31 |
	|               9 |
	|              30 |
	|             -86 |
	|              45 |
	|              -9 |
	|              26 |
	|             -14 |
	|              67 |
	|             -51 |
	|             -40 |
	|              26 |
	|              43 |
	|              -9 |
	|              10 |
	|             -20 |
	|             -77 |
	|             -24 |
	|             -74 |
	|              32 |
	|             -80 |
	|              19 |
	|              64 |
	|               5 |
	|              22 |
	|              35 |
	|               7 |
	|              57 |
	|             -16 |
	|              33 |
	|              92 |
	|              40 |
	|             -26 |
	|             -61 |
	|              82 |
	|             -36 |
	|             -70 |
	|             -68 |
	|             -29 |
	|              10 |
	|              18 |
	|              -6 |
	|             -75 |
	|             -13 |
	|               6 |
	|              26 |
	|              36 |
	|              11 |
	|              -2 |
	|              30 |
	|              26 |
	|             -99 |
	|              41 |
	|               0 |
	|             -71 |
	|               9 |
	|              83 |
	|              72 |
	|             -14 |
	|             -60 |
	|              63 |
	|              -4 |
	|             -51 |
	|              -5 |
	|              -8 |
	|             -77 |
	|             -14 |
	|              54 |
	|              56 |
	|              29 |
	|             -24 |
	|             -32 |
	|              47 |
	|              11 |
	|              49 |
	|             -39 |
	|              51 |
	|             -21 |
	|              16 |
	|             -12 |
	|              69 |
	|               9 |
	|             -24 |
	|             -84 |
	|              -2 |
	|             -38 |
	|              15 |
	|               6 |
	|              -6 |
	|             -64 |
	|             -56 |
	|             -17 |
	|              76 |
	|               3 |
	|              31 |
	|              20 |
	|              12 |
	|             -25 |
	|              35 |
	|             -62 |
	|             -15 |
	|             -24 |
	|             -11 |
	|              38 |
	|               4 |
	|              19 |
	|             -30 |
	|              20 |
	|              16 |
	|               5 |
	|              58 |
	|             -72 |
	|              13 |
	|              23 |
	|              24 |
	|              79 |
	|              -4 |
	|             -87 |
	|             -21 |
	|              36 |
	|              35 |
	|             -90 |
	|             -11 |
	|              17 |
	|              10 |
	|              -9 |
	|              10 |
	|              74 |
	|              16 |
	|              26 |
	|              11 |
	|              26 |
	|               3 |
	|              42 |
	|             -61 |
	|             -55 |
	|              29 |
	|              58 |
	|              75 |
	|             -10 |
	|               8 |
	|              41 |
	|             -56 |
	|               1 |
	|             -83 |
	|             -65 |
	|              38 |
	|             -16 |
	|               3 |
	|               1 |
	|             -36 |
	|              51 |
	|             -14 |
	|               0 |
	|             -44 |
	|              75 |
	|             -19 |
	|              49 |
	|             -11 |
	|             -11 |
	|             -17 |
	|              12 |
	|              64 |
	|              -8 |
	|              -5 |
	|              14 |
	|             -67 |
	|              10 |
	|             -10 |
	|             -19 |
	|             -72 |
	|              53 |
	|               0 |
	|              40 |
	|              -1 |
	|             -33 |
	|             -27 |
	|             -49 |
	|             -35 |
	|              40 |
	|              -2 |
	|             -35 |
	|              27 |
	|             -14 |
	|             -32 |
	|              58 |
	|             -61 |
	|              -6 |
	|              17 |
	|             -26 |
	|              71 |
	|               0 |
	|              51 |
	+-----------------+
	364 rows in set (0.01 sec)

	mysql> SELECT maths - science as marksdifference
		-> FROM student_marks
		-> ORDER BY marksdifference;
	+-----------------+
	| marksdifference |
	+-----------------+
	|             -99 |
	|             -90 |
	|             -89 |
	|             -87 |
	|             -86 |
	|             -84 |
	|             -84 |
	|             -83 |
	|             -80 |
	|             -80 |
	|             -77 |
	|             -77 |
	|             -76 |
	|             -75 |
	|             -75 |
	|             -74 |
	|             -72 |
	|             -72 |
	|             -72 |
	|             -72 |
	|             -72 |
	|             -71 |
	|             -71 |
	|             -70 |
	|             -68 |
	|             -68 |
	|             -67 |
	|             -67 |
	|             -67 |
	|             -67 |
	|             -65 |
	|             -64 |
	|             -64 |
	|             -64 |
	|             -62 |
	|             -61 |
	|             -61 |
	|             -61 |
	|             -60 |
	|             -58 |
	|             -57 |
	|             -57 |
	|             -56 |
	|             -56 |
	|             -56 |
	|             -55 |
	|             -55 |
	|             -55 |
	|             -55 |
	|             -53 |
	|             -53 |
	|             -52 |
	|             -52 |
	|             -52 |
	|             -51 |
	|             -51 |
	|             -51 |
	|             -51 |
	|             -50 |
	|             -49 |
	|             -49 |
	|             -49 |
	|             -48 |
	|             -44 |
	|             -41 |
	|             -41 |
	|             -40 |
	|             -39 |
	|             -39 |
	|             -38 |
	|             -38 |
	|             -37 |
	|             -36 |
	|             -36 |
	|             -36 |
	|             -35 |
	|             -35 |
	|             -33 |
	|             -33 |
	|             -32 |
	|             -32 |
	|             -31 |
	|             -30 |
	|             -30 |
	|             -30 |
	|             -29 |
	|             -29 |
	|             -28 |
	|             -27 |
	|             -26 |
	|             -26 |
	|             -25 |
	|             -24 |
	|             -24 |
	|             -24 |
	|             -24 |
	|             -24 |
	|             -23 |
	|             -23 |
	|             -21 |
	|             -21 |
	|             -20 |
	|             -20 |
	|             -19 |
	|             -19 |
	|             -19 |
	|             -19 |
	|             -19 |
	|             -19 |
	|             -18 |
	|             -17 |
	|             -17 |
	|             -17 |
	|             -16 |
	|             -16 |
	|             -15 |
	|             -14 |
	|             -14 |
	|             -14 |
	|             -14 |
	|             -14 |
	|             -14 |
	|             -14 |
	|             -13 |
	|             -13 |
	|             -12 |
	|             -11 |
	|             -11 |
	|             -11 |
	|             -11 |
	|             -11 |
	|             -10 |
	|             -10 |
	|             -10 |
	|             -10 |
	|              -9 |
	|              -9 |
	|              -9 |
	|              -9 |
	|              -9 |
	|              -8 |
	|              -8 |
	|              -8 |
	|              -8 |
	|              -7 |
	|              -7 |
	|              -7 |
	|              -6 |
	|              -6 |
	|              -6 |
	|              -6 |
	|              -6 |
	|              -5 |
	|              -5 |
	|              -5 |
	|              -5 |
	|              -5 |
	|              -4 |
	|              -4 |
	|              -4 |
	|              -4 |
	|              -3 |
	|              -3 |
	|              -3 |
	|              -2 |
	|              -2 |
	|              -2 |
	|              -2 |
	|              -1 |
	|               0 |
	|               0 |
	|               0 |
	|               0 |
	|               0 |
	|               0 |
	|               0 |
	|               0 |
	|               1 |
	|               1 |
	|               2 |
	|               2 |
	|               2 |
	|               2 |
	|               2 |
	|               2 |
	|               2 |
	|               3 |
	|               3 |
	|               3 |
	|               3 |
	|               4 |
	|               5 |
	|               5 |
	|               5 |
	|               6 |
	|               6 |
	|               6 |
	|               7 |
	|               7 |
	|               7 |
	|               7 |
	|               8 |
	|               9 |
	|               9 |
	|               9 |
	|               9 |
	|               9 |
	|               9 |
	|               9 |
	|               9 |
	|              10 |
	|              10 |
	|              10 |
	|              10 |
	|              10 |
	|              10 |
	|              10 |
	|              10 |
	|              10 |
	|              11 |
	|              11 |
	|              11 |
	|              11 |
	|              11 |
	|              11 |
	|              12 |
	|              12 |
	|              12 |
	|              12 |
	|              13 |
	|              14 |
	|              14 |
	|              14 |
	|              15 |
	|              15 |
	|              15 |
	|              16 |
	|              16 |
	|              16 |
	|              16 |
	|              17 |
	|              17 |
	|              17 |
	|              18 |
	|              18 |
	|              18 |
	|              18 |
	|              19 |
	|              19 |
	|              20 |
	|              20 |
	|              21 |
	|              22 |
	|              22 |
	|              22 |
	|              23 |
	|              23 |
	|              24 |
	|              26 |
	|              26 |
	|              26 |
	|              26 |
	|              26 |
	|              26 |
	|              26 |
	|              27 |
	|              27 |
	|              29 |
	|              29 |
	|              29 |
	|              29 |
	|              30 |
	|              30 |
	|              30 |
	|              31 |
	|              31 |
	|              31 |
	|              32 |
	|              32 |
	|              32 |
	|              33 |
	|              33 |
	|              34 |
	|              35 |
	|              35 |
	|              35 |
	|              35 |
	|              35 |
	|              36 |
	|              36 |
	|              36 |
	|              38 |
	|              38 |
	|              38 |
	|              39 |
	|              40 |
	|              40 |
	|              40 |
	|              41 |
	|              41 |
	|              41 |
	|              42 |
	|              42 |
	|              43 |
	|              43 |
	|              43 |
	|              44 |
	|              45 |
	|              46 |
	|              47 |
	|              47 |
	|              49 |
	|              49 |
	|              49 |
	|              49 |
	|              50 |
	|              50 |
	|              51 |
	|              51 |
	|              51 |
	|              52 |
	|              52 |
	|              53 |
	|              53 |
	|              54 |
	|              54 |
	|              54 |
	|              56 |
	|              57 |
	|              57 |
	|              58 |
	|              58 |
	|              58 |
	|              59 |
	|              61 |
	|              61 |
	|              63 |
	|              64 |
	|              64 |
	|              67 |
	|              67 |
	|              67 |
	|              69 |
	|              71 |
	|              71 |
	|              71 |
	|              72 |
	|              73 |
	|              73 |
	|              74 |
	|              74 |
	|              75 |
	|              75 |
	|              75 |
	|              76 |
	|              79 |
	|              82 |
	|              83 |
	|              84 |
	|              90 |
	|              92 |
	|              92 |
	|              94 |
	|              97 |
	+-----------------+
	364 rows in set (0.00 sec)

	mysql> SELECT * FROM student_marks;
	+-----+-------------+--------+-------+---------+-------+---------+---------+
	| id  | name        | gender | class | section | maths | science | english |
	+-----+-------------+--------+-------+---------+-------+---------+---------+
	|   1 | Olivia      | F      | 9     | C       |    34 |      48 |      46 |
	|   2 | Liam        | M      | 8     | D       |    53 |      44 |      68 |
	|   3 | Noah        | M      | 7     | D       |    20 |       6 |      66 |
	|   4 | Oliver      | M      | 5     | D       |    19 |      24 |      16 |
	|   5 | Emma        | F      | 7     | C       |    76 |      84 |      79 |
	|   6 | Charlotte   | F      | 11    | B       |    35 |      13 |      83 |
	|   7 | Elijah      | M      | 6     | D       |    26 |      56 |      18 |
	|   8 | James       | M      | 7     | B       |    58 |      20 |      66 |
	|   9 | Elizabeth   | F      | 2     | B       |    26 |      98 |      26 |
	|  10 | Eleanor     | F      | 12    | D       |    14 |      43 |      25 |
	|  11 | Ella        | F      | 5     | D       |     9 |      14 |      27 |
	|  12 | William     | M      | 11    | C       |    53 |      56 |      28 |
	|  13 | Harper      | F      | 1     | D       |    20 |     100 |       4 |
	|  14 | Luna        | F      | 7     | A       |    64 |      33 |      82 |
	|  15 | Camila      | F      | 6     | D       |    91 |      39 |      27 |
	|  16 | Gianna      | F      | 4     | C       |    28 |      80 |      14 |
	|  17 | Benjamin    | M      | 6     | A       |    82 |      11 |       2 |
	|  18 | Lucas       | M      | 10    | B       |    43 |      12 |      36 |
	|  19 | Henry       | M      | 3     | C       |    32 |      85 |      39 |
	|  20 | Abigail     | F      | 8     | B       |    80 |      46 |      31 |
	|  21 | Sofia       | F      | 9     | C       |    40 |      70 |       3 |
	|  22 | Avery       | F      | 2     | A       |    38 |      22 |      15 |
	|  23 | Scarlett    | F      | 6     | B       |    17 |      19 |      55 |
	|  24 | Emily       | F      | 3     | C       |    53 |       3 |      38 |
	|  25 | Aria        | F      | 5     | C       |     8 |      49 |      17 |
	|  26 | Theodore    | M      | 12    | A       |     0 |       0 |      74 |
	|  27 | Jack        | M      | 8     | D       |    89 |      46 |       7 |
	|  28 | Levi        | M      | 7     | B       |    71 |      24 |      97 |
	|  29 | Alexander   | M      | 6     | C       |    81 |      79 |      53 |
	|  30 | Nora        | F      | 12    | C       |    81 |      81 |      88 |
	|  31 | Hazel       | F      | 7     | C       |    39 |      97 |      34 |
	|  32 | Madison     | F      | 7     | D       |    81 |      24 |       4 |
	|  33 | Ellie       | F      | 9     | D       |    43 |      67 |      53 |
	|  34 | Lily        | F      | 4     | B       |    53 |      21 |      63 |
	|  35 | Jacob       | M      | 2     | B       |    65 |      85 |       1 |
	|  36 | Asher       | M      | 10    | D       |    19 |      91 |      91 |
	|  37 | Aiden       | M      | 2     | B       |    89 |      47 |       3 |
	|  38 | Violet      | F      | 4     | D       |    33 |      24 |      75 |
	|  39 | Aurora      | F      | 3     | A       |     6 |      90 |      46 |
	|  40 | Joseph      | M      | 4     | B       |    37 |      20 |       3 |
	|  41 | Wyatt       | M      | 8     | A       |    97 |      24 |      42 |
	|  42 | David       | M      | 9     | D       |    93 |      99 |      65 |
	|  43 | Emilia      | F      | 9     | B       |    87 |      91 |      71 |
	|  44 | Stella      | F      | 10    | B       |    17 |      55 |      26 |
	|  45 | Zoe         | F      | 4     | A       |    61 |      70 |      33 |
	|  46 | Victoria    | F      | 5     | A       |    90 |      47 |      29 |
	|  47 | Hannah      | F      | 7     | D       |    77 |      96 |      90 |
	|  48 | Dylan       | M      | 10    | C       |     0 |      56 |      41 |
	|  49 | Lincoln     | M      | 4     | D       |    62 |      95 |      11 |
	|  50 | Thomas      | M      | 10    | C       |     8 |      79 |      22 |
	|  51 | Maverick    | M      | 3     | A       |    94 |      71 |      35 |
	|  52 | Ivy         | F      | 5     | B       |    87 |      78 |      58 |
	|  53 | Everly      | F      | 11    | B       |    64 |      64 |      35 |
	|  54 | Lillian     | F      | 5     | B       |    62 |      29 |      29 |
	|  55 | Paisley     | F      | 12    | A       |     0 |       7 |     100 |
	|  56 | Elena       | F      | 10    | C       |    55 |      40 |      48 |
	|  57 | Naomi       | F      | 5     | B       |    31 |      20 |      56 |
	|  58 | Isaiah      | M      | 1     | B       |    25 |      14 |      40 |
	|  59 | Andrew      | M      | 5     | B       |    46 |      40 |      70 |
	|  60 | Joshua      | M      | 7     | D       |    38 |      33 |       1 |
	|  61 | Nathan      | M      | 1     | D       |    60 |      53 |       5 |
	|  62 | Nolan       | M      | 11    | A       |    27 |      79 |      83 |
	|  63 | Adrian      | M      | 12    | A       |    77 |      96 |      86 |
	|  64 | Aaliyah     | F      | 9     | A       |    58 |      40 |      55 |
	|  65 | Ruby        | F      | 12    | A       |    21 |      97 |      79 |
	|  66 | Brooklyn    | F      | 3     | D       |    87 |      13 |      72 |
	|  67 | Alice       | F      | 11    | C       |     7 |      62 |      95 |
	|  68 | Cameron     | M      | 8     | D       |    14 |      81 |      13 |
	|  69 | Santiago    | M      | 11    | C       |   100 |      90 |      63 |
	|  70 | Eli         | M      | 3     | A       |    38 |      93 |      24 |
	|  71 | Aaron       | M      | 9     | C       |    99 |       7 |       7 |
	|  72 | Ryan        | M      | 11    | A       |    74 |      67 |      35 |
	|  73 | Angel       | M      | 2     | B       |    17 |      81 |       9 |
	|  74 | Madelyn     | F      | 8     | A       |   100 |       3 |      96 |
	|  75 | Josephine   | F      | 8     | A       |    46 |      98 |      41 |
	|  76 | Bella       | F      | 1     | A       |    84 |      74 |       0 |
	|  77 | Skylar      | F      | 11    | B       |    87 |      33 |      81 |
	|  78 | Cooper      | M      | 8     | B       |    33 |      61 |      75 |
	|  79 | Waylon      | M      | 11    | B       |    25 |      89 |       7 |
	|  80 | Easton      | M      | 9     | D       |    92 |      25 |      20 |
	|  81 | Kai         | M      | 1     | A       |    33 |      37 |      37 |
	|  82 | Natalia     | F      | 1     | B       |    27 |      50 |      43 |
	|  83 | Quinn       | F      | 6     | D       |    44 |      12 |      11 |
	|  84 | Caroline    | F      | 8     | D       |    39 |      88 |      76 |
	|  85 | Allson      | F      | 3     | D       |    16 |      64 |      29 |
	|  86 | Gabriella   | F      | 2     | C       |    85 |      99 |      87 |
	|  87 | Christian   | M      | 4     | A       |    52 |      17 |      72 |
	|  88 | Landon      | M      | 10    | A       |    63 |      45 |      82 |
	|  89 | Colton      | M      | 3     | D       |    87 |      90 |      43 |
	|  90 | Roman       | M      | 6     | B       |    34 |      22 |      97 |
	|  91 | Ariana      | F      | 2     | C       |    20 |      33 |      42 |
	|  92 | Emery       | F      | 1     | A       |    61 |      69 |      36 |
	|  93 | Lydia       | F      | 7     | A       |    20 |      59 |      31 |
	|  94 | Axel        | M      | 4     | A       |    88 |      39 |      74 |
	|  95 | Brooks      | M      | 9     | C       |    36 |      41 |       8 |
	|  96 | Eva         | F      | 5     | C       |    83 |      93 |      49 |
	|  97 | Adeline     | F      | 2     | C       |    11 |      17 |      46 |
	|  98 | Jose        | M      | 8     | A       |    39 |      37 |      17 |
	|  99 | Bennett     | M      | 10    | A       |    81 |      72 |      82 |
	| 100 | Silas       | M      | 2     | D       |    72 |      28 |      89 |
	| 101 | Nicholas    | M      | 3     | B       |    38 |      79 |      17 |
	| 102 | Parker      | M      | 2     | A       |    70 |      41 |      94 |
	| 103 | Beau        | M      | 9     | B       |    63 |      52 |      51 |
	| 104 | Vivian      | F      | 11    | D       |    79 |      82 |       8 |
	| 105 | Clara       | F      | 3     | A       |    71 |      59 |      33 |
	| 106 | Weston      | M      | 8     | B       |    80 |      80 |      27 |
	| 107 | Austin      | M      | 7     | A       |    84 |      82 |      52 |
	| 108 | Connor      | M      | 5     | C       |    22 |      72 |      66 |
	| 109 | Maria       | F      | 5     | B       |    15 |      68 |      92 |
	| 110 | Iris        | F      | 9     | B       |     9 |      58 |      41 |
	| 111 | Ayla        | F      | 7     | B       |    18 |      25 |      87 |
	| 112 | Carson      | M      | 4     | D       |    97 |      38 |      50 |
	| 113 | Dominic     | M      | 3     | A       |    87 |      41 |      37 |
	| 114 | Xavier      | M      | 12    | C       |    33 |     100 |      57 |
	| 115 | Jaxson      | M      | 2     | C       |    93 |       3 |       5 |
	| 116 | Melody      | F      | 8     | B       |    84 |      35 |      47 |
	| 117 | Julia       | F      | 12    | D       |    89 |      16 |      74 |
	| 118 | Jonathan    | M      | 5     | D       |    98 |      63 |      23 |
	| 119 | Robert      | M      | 10    | A       |    85 |      24 |      73 |
	| 120 | Jameson     | M      | 2     | C       |    97 |      47 |      60 |
	| 121 | Ian         | M      | 11    | A       |    42 |      93 |      14 |
	| 122 | Everett     | M      | 11    | C       |    65 |      44 |       5 |
	| 123 | Arya        | F      | 3     | D       |    28 |      51 |      95 |
	| 124 | Eden        | F      | 10    | A       |    64 |      38 |      86 |
	| 125 | Remi        | F      | 7     | C       |    62 |      80 |      32 |
	| 126 | Vincent     | M      | 11    | B       |    38 |      89 |      34 |
	| 127 | Legend      | M      | 3     | B       |    32 |      22 |      18 |
	| 128 | Myles       | M      | 4     | B       |    81 |      66 |      97 |
	| 129 | Harrison    | M      | 9     | C       |    67 |      86 |      90 |
	| 130 | Charlie     | F      | 2     | D       |     5 |      94 |       9 |
	| 131 | Alaia       | F      | 8     | B       |    24 |      41 |      44 |
	| 132 | Melanie     | F      | 12    | A       |    59 |      57 |      36 |
	| 133 | Walker      | M      | 11    | B       |    45 |       6 |      87 |
	| 134 | Jason       | M      | 9     | C       |    35 |       8 |      78 |
	| 135 | Brayden     | M      | 11    | B       |     7 |      62 |      44 |
	| 136 | Cole        | M      | 12    | D       |     5 |      41 |       2 |
	| 137 | Nathaniel   | M      | 1     | A       |    81 |      20 |      40 |
	| 138 | Alina       | F      | 6     | C       |    37 |      15 |      51 |
	| 139 | Lucia       | F      | 3     | C       |    11 |      79 |      62 |
	| 140 | Ximena      | F      | 5     | D       |    33 |       3 |      37 |
	| 141 | George      | M      | 9     | B       |    48 |      46 |      17 |
	| 142 | Lorenzo     | M      | 12    | C       |    52 |      45 |      18 |
	| 143 | Zion        | M      | 4     | C       |    53 |      64 |      75 |
	| 144 | Luis        | M      | 11    | A       |    37 |       8 |      64 |
	| 145 | Adalyn      | F      | 5     | D       |    42 |      99 |      25 |
	| 146 | Archer      | M      | 4     | C       |    40 |       4 |      94 |
	| 147 | Enzo        | M      | 8     | D       |    95 |      28 |      95 |
	| 148 | Jonah       | M      | 4     | C       |    27 |      64 |      23 |
	| 149 | Isabel      | F      | 10    | B       |    22 |       8 |      87 |
	| 150 | Reese       | F      | 6     | D       |    54 |      13 |      66 |
	| 151 | Emersyn     | F      | 12    | C       |    96 |      12 |      29 |
	| 152 | Thiago      | M      | 1     | A       |    92 |      39 |      87 |
	| 153 | Theo        | M      | 11    | A       |    18 |      93 |      39 |
	| 154 | River       | F      | 5     | B       |    17 |      14 |      38 |
	| 155 | Ayden       | M      | 12    | D       |    21 |      78 |      60 |
	| 156 | Zachary     | M      | 1     | D       |    62 |      44 |      17 |
	| 157 | Calvin      | M      | 8     | D       |    77 |      67 |      88 |
	| 158 | Braxton     | M      | 6     | D       |    25 |      44 |      21 |
	| 159 | Esther      | F      | 12    | B       |    94 |       0 |      94 |
	| 160 | Valeria     | F      | 3     | B       |     8 |      17 |      17 |
	| 161 | Ashton      | M      | 4     | A       |    12 |      79 |      87 |
	| 162 | Rhett       | M      | 11    | D       |    56 |      54 |      23 |
	| 163 | Atlas       | M      | 2     | B       |   100 |      25 |      13 |
	| 164 | Jude        | M      | 4     | C       |    54 |       2 |       6 |
	| 165 | Bailey      | F      | 10    | B       |    29 |      39 |      69 |
	| 166 | Ember       | F      | 6     | D       |     1 |       8 |      87 |
	| 167 | Bentley     | M      | 1     | A       |    63 |      54 |      42 |
	| 168 | Carlos      | M      | 7     | D       |    72 |      18 |     100 |
	| 169 | Ryker       | M      | 4     | A       |    16 |      14 |      62 |
	| 170 | Adriel      | M      | 7     | C       |    91 |      20 |       1 |
	| 171 | Alexandra   | F      | 2     | B       |     7 |      79 |      21 |
	| 172 | Faith       | F      | 7     | D       |    27 |      58 |      89 |
	| 173 | Arthur      | M      | 12    | B       |    66 |      57 |      96 |
	| 174 | Ace         | M      | 12    | B       |    72 |      42 |     100 |
	| 175 | Tyler       | M      | 7     | D       |    13 |      99 |      75 |
	| 176 | Jayce       | M      | 10    | C       |    56 |      11 |      42 |
	| 177 | Millie      | F      | 11    | B       |    53 |      62 |      75 |
	| 178 | June        | F      | 7     | C       |    88 |      62 |       3 |
	| 179 | Kaiden      | M      | 2     | B       |     8 |      22 |      50 |
	| 180 | Maxwell     | M      | 11    | B       |    78 |      11 |      21 |
	| 181 | Juan        | M      | 6     | A       |    20 |      71 |       3 |
	| 182 | Dean        | M      | 11    | A       |     0 |      40 |      40 |
	| 183 | Ada         | F      | 6     | D       |    80 |      54 |       3 |
	| 184 | Anastasia   | F      | 9     | B       |    68 |      25 |      88 |
	| 185 | Olive       | F      | 11    | D       |    62 |      71 |      99 |
	| 186 | Matteo      | M      | 8     | B       |    59 |      49 |       8 |
	| 187 | Malachi     | M      | 3     | A       |    48 |      68 |      86 |
	| 188 | Ivan        | M      | 10    | A       |    19 |      96 |       3 |
	| 189 | Elliott     | M      | 10    | A       |    47 |      71 |      31 |
	| 190 | Jesus       | M      | 3     | D       |    22 |      96 |      90 |
	| 191 | Amy         | F      | 7     | C       |    41 |       9 |      13 |
	| 192 | Ruth        | F      | 11    | A       |     1 |      81 |       2 |
	| 193 | Aubree      | F      | 2     | D       |    40 |      21 |      19 |
	| 194 | Max         | M      | 7     | D       |    75 |      11 |      55 |
	| 195 | Elliot      | M      | 12    | D       |    20 |      15 |      88 |
	| 196 | Graham      | M      | 9     | A       |    93 |      71 |      91 |
	| 197 | Arabella    | F      | 2     | A       |    40 |       5 |       9 |
	| 198 | Sara        | F      | 10    | C       |    45 |      38 |       3 |
	| 199 | Journee     | F      | 7     | D       |   100 |      43 |      38 |
	| 200 | Beckett     | M      | 12    | D       |    82 |      98 |      35 |
	| 201 | Amari       | M      | 8     | D       |    81 |      48 |      94 |
	| 202 | Karter      | M      | 8     | D       |    93 |       1 |      25 |
	| 203 | Timothy     | M      | 6     | C       |    51 |      11 |      86 |
	| 204 | Abraham     | M      | 6     | D       |    44 |      70 |      73 |
	| 205 | Jesse       | M      | 1     | D       |     3 |      64 |      64 |
	| 206 | Selena      | F      | 5     | B       |    86 |       4 |       4 |
	| 207 | Oaklynn     | F      | 5     | B       |    23 |      59 |      66 |
	| 208 | Morgan      | F      | 3     | D       |    28 |      98 |      10 |
	| 209 | Zayden      | M      | 9     | D       |     7 |      75 |      33 |
	| 210 | Blake       | M      | 5     | D       |    59 |      88 |      68 |
	| 211 | Alejandro   | M      | 3     | B       |    43 |      33 |      36 |
	| 212 | Dawson      | M      | 3     | D       |    68 |      50 |      94 |
	| 213 | Juliana     | F      | 5     | A       |    59 |      65 |      52 |
	| 214 | Finley      | F      | 10    | C       |    16 |      91 |      25 |
	| 215 | Presley     | F      | 1     | C       |     4 |      17 |      32 |
	| 216 | Tristan     | M      | 1     | C       |    95 |      89 |      41 |
	| 217 | Victor      | M      | 1     | B       |    94 |      68 |      36 |
	| 218 | Avery       | M      | 4     | C       |    94 |      58 |      31 |
	| 219 | Joel        | M      | 6     | B       |    14 |       3 |      85 |
	| 220 | Grant       | M      | 5     | A       |    48 |      50 |      75 |
	| 221 | Eric        | M      | 8     | B       |    78 |      48 |      75 |
	| 222 | London      | F      | 8     | D       |    59 |      33 |      97 |
	| 223 | Kimberly    | F      | 1     | A       |     0 |      99 |      49 |
	| 224 | Elsie       | F      | 6     | A       |    55 |      14 |      27 |
	| 225 | Patrick     | M      | 7     | B       |    51 |      51 |      36 |
	| 226 | Peter       | M      | 11    | B       |     4 |      75 |      45 |
	| 227 | Richard     | M      | 7     | A       |    81 |      72 |      20 |
	| 228 | Edward      | M      | 10    | A       |    89 |       6 |      56 |
	| 229 | Andres      | M      | 4     | A       |    94 |      22 |      35 |
	| 230 | Nyla        | F      | 11    | A       |    70 |      84 |      58 |
	| 231 | Vera        | F      | 5     | A       |    31 |      91 |      44 |
	| 232 | Hope        | F      | 1     | A       |    87 |      24 |      77 |
	| 233 | Annie       | F      | 2     | B       |    32 |      36 |       3 |
	| 234 | Kaia        | F      | 4     | A       |    35 |      86 |      94 |
	| 235 | Myla        | F      | 10    | C       |    18 |      23 |      21 |
	| 236 | Adonis      | M      | 9     | C       |     9 |      17 |      40 |
	| 237 | Kyrie       | M      | 7     | D       |    13 |      90 |      67 |
	| 238 | Matias      | M      | 4     | A       |     1 |      15 |       0 |
	| 239 | Oscar       | M      | 11    | C       |    86 |      32 |      29 |
	| 240 | Lukas       | M      | 11    | B       |    70 |      14 |      66 |
	| 241 | Harlow      | F      | 9     | A       |    60 |      31 |      98 |
	| 242 | Rachel      | F      | 8     | A       |    11 |      35 |     100 |
	| 243 | Gracie      | F      | 6     | C       |     9 |      41 |      27 |
	| 244 | Rowan       | F      | 8     | D       |    89 |      42 |      78 |
	| 245 | Rafael      | M      | 4     | B       |    70 |      59 |      20 |
	| 246 | Zane        | M      | 5     | C       |    52 |       3 |      51 |
	| 247 | Jeremy      | M      | 10    | C       |    46 |      85 |      15 |
	| 248 | Lilah       | F      | 7     | D       |    58 |       7 |      51 |
	| 249 | Adelyn      | F      | 6     | A       |    71 |      92 |      78 |
	| 250 | Phoebe      | F      | 7     | B       |    46 |      30 |       2 |
	| 251 | Octavia     | F      | 10    | A       |    72 |      84 |      96 |
	| 252 | Kash        | M      | 6     | D       |    83 |      14 |      73 |
	| 253 | Preston     | M      | 11    | B       |    41 |      32 |      68 |
	| 254 | Kyler       | M      | 9     | A       |    15 |      39 |      43 |
	| 255 | Jax         | M      | 4     | B       |     0 |      84 |      15 |
	| 256 | Jett        | M      | 1     | B       |    30 |      32 |       8 |
	| 257 | Kaleb       | M      | 1     | B       |    23 |      61 |       9 |
	| 258 | Kayla       | F      | 1     | A       |    58 |      43 |      72 |
	| 259 | Malia       | F      | 12    | A       |    97 |      91 |      87 |
	| 260 | Elaina      | F      | 6     | A       |    16 |      22 |       2 |
	| 261 | Saylor      | F      | 5     | B       |    34 |      98 |      17 |
	| 262 | Brooke      | F      | 9     | B       |    32 |      88 |      64 |
	| 263 | Riley       | M      | 4     | C       |    41 |      58 |      13 |
	| 264 | Simon       | M      | 12    | A       |    81 |       5 |      67 |
	| 265 | Phoenix     | M      | 12    | C       |    25 |      22 |       4 |
	| 266 | Adelaide    | F      | 9     | D       |    74 |      43 |      74 |
	| 267 | Daniela     | F      | 12    | A       |    69 |      49 |      89 |
	| 268 | Kenneth     | M      | 3     | A       |    14 |       2 |      50 |
	| 269 | Nico        | M      | 12    | A       |     2 |      27 |      79 |
	| 270 | Kaden       | M      | 8     | D       |    38 |       3 |      56 |
	| 271 | Lane        | M      | 9     | A       |    20 |      82 |      34 |
	| 272 | Delaney     | F      | 9     | D       |     0 |      15 |      88 |
	| 273 | Dakota      | F      | 4     | A       |    51 |      75 |      49 |
	| 274 | Mya         | F      | 9     | D       |    34 |      45 |      29 |
	| 275 | Kairo       | M      | 3     | B       |    64 |      26 |      70 |
	| 276 | Maximus     | M      | 11    | C       |    14 |      10 |      72 |
	| 277 | Omar        | M      | 11    | D       |    73 |      54 |      98 |
	| 278 | Finley      | M      | 3     | C       |    53 |      83 |      84 |
	| 279 | Lucille     | F      | 2     | C       |    58 |      38 |      95 |
	| 280 | Trinity     | F      | 1     | B       |    38 |      22 |      67 |
	| 281 | Gia         | F      | 10    | A       |    57 |      52 |      70 |
	| 282 | Tatum       | F      | 11    | A       |    76 |      18 |       6 |
	| 283 | Atticus     | M      | 6     | C       |     1 |      73 |      96 |
	| 284 | Crew        | M      | 11    | C       |    92 |      79 |      27 |
	| 285 | Brantley    | M      | 9     | B       |    60 |      37 |       5 |
	| 286 | Kali        | F      | 4     | B       |    28 |       4 |      52 |
	| 287 | Stevie      | F      | 11    | B       |    86 |       7 |      64 |
	| 288 | Maggie      | F      | 4     | A       |    21 |      25 |       4 |
	| 289 | Colin       | M      | 4     | B       |     1 |      88 |      92 |
	| 290 | Dallas      | M      | 9     | A       |    56 |      77 |      20 |
	| 291 | Walter      | M      | 3     | B       |    38 |       2 |      50 |
	| 292 | Brady       | M      | 3     | C       |    36 |       1 |      94 |
	| 293 | Hayden      | F      | 11    | C       |     1 |      91 |      88 |
	| 294 | Joanna      | F      | 10    | C       |     6 |      17 |      95 |
	| 295 | Jocelyn     | F      | 9     | B       |    91 |      74 |      32 |
	| 296 | Bryan       | M      | 4     | A       |    91 |      81 |      59 |
	| 297 | Aidan       | M      | 3     | C       |    48 |      57 |      17 |
	| 298 | Cohen       | M      | 10    | B       |    65 |      55 |       9 |
	| 299 | Brian       | M      | 4     | A       |    75 |       1 |      27 |
	| 300 | Cayden      | M      | 8     | A       |    61 |      45 |      99 |
	| 301 | Andre       | M      | 6     | C       |    76 |      50 |      99 |
	| 302 | Leia        | F      | 12    | A       |    76 |      65 |      95 |
	| 303 | Paige       | F      | 8     | C       |    68 |      42 |      90 |
	| 304 | Niko        | M      | 2     | B       |    58 |      55 |      41 |
	| 305 | Maximiliano | M      | 9     | D       |    81 |      39 |      66 |
	| 306 | Zander      | M      | 4     | A       |    22 |      83 |      55 |
	| 307 | Khalil      | M      | 6     | C       |    25 |      80 |       3 |
	| 308 | Rory        | M      | 3     | A       |    96 |      67 |      82 |
	| 309 | Harley      | F      | 12    | A       |    78 |      20 |      18 |
	| 310 | Lia         | F      | 2     | A       |    78 |       3 |      10 |
	| 311 | Phoenix     | F      | 2     | B       |    83 |      93 |      91 |
	| 312 | Francisco   | M      | 4     | B       |    11 |       3 |      58 |
	| 313 | Cruz        | M      | 9     | B       |    59 |      18 |      88 |
	| 314 | Kobe        | M      | 10    | D       |    40 |      96 |      73 |
	| 315 | Thea        | F      | 2     | C       |    50 |      49 |      28 |
	| 316 | Jayla       | F      | 11    | C       |     6 |      89 |      81 |
	| 317 | Reid        | M      | 4     | A       |    30 |      95 |      52 |
	| 318 | Daxton      | M      | 4     | D       |    92 |      54 |      61 |
	| 319 | Vivienne    | F      | 8     | B       |    78 |      94 |      13 |
	| 320 | Hallie      | F      | 8     | D       |    44 |      41 |      74 |
	| 321 | Madilyn     | F      | 6     | D       |    17 |      16 |      88 |
	| 322 | Orion       | M      | 6     | A       |    52 |      88 |      71 |
	| 323 | Spencer     | M      | 8     | D       |    55 |       4 |      79 |
	| 324 | Ophelia     | F      | 3     | D       |     1 |      15 |      49 |
	| 325 | Celeste     | F      | 5     | C       |    94 |      94 |      70 |
	| 326 | Alayah      | F      | 5     | D       |    54 |      98 |       4 |
	| 327 | Colson      | M      | 8     | D       |    80 |       5 |      51 |
	| 328 | Cairo       | M      | 7     | B       |    42 |      61 |      57 |
	| 329 | Gunner      | M      | 5     | B       |    81 |      32 |      72 |
	| 330 | Nina        | F      | 4     | A       |     6 |      17 |      16 |
	| 331 | Briella     | F      | 12    | A       |    79 |      90 |       7 |
	| 332 | Wade        | M      | 7     | A       |    68 |      85 |      70 |
	| 333 | Chance      | M      | 5     | A       |    70 |      58 |       6 |
	| 334 | Odin        | M      | 2     | A       |    81 |      17 |       8 |
	| 335 | Anderson    | M      | 11    | D       |    30 |      38 |      85 |
	| 336 | Amari       | F      | 2     | C       |    52 |      57 |      13 |
	| 337 | Adriana     | F      | 7     | D       |    95 |      81 |      84 |
	| 338 | Kane        | M      | 5     | B       |    21 |      88 |       8 |
	| 339 | Raymond     | M      | 2     | D       |    29 |      19 |       5 |
	| 340 | Cristian    | M      | 1     | C       |     3 |      13 |      25 |
	| 341 | Kalani      | F      | 8     | C       |    32 |      51 |      22 |
	| 342 | Aniyah      | F      | 12    | A       |    25 |      97 |       8 |
	| 343 | Aziel       | M      | 6     | A       |    70 |      17 |      54 |
	| 344 | Prince      | M      | 7     | D       |    33 |      33 |       7 |
	| 345 | Ezequiel    | M      | 5     | C       |    58 |      18 |     100 |
	| 346 | Jake        | M      | 1     | C       |    32 |      33 |      66 |
	| 347 | Otto        | M      | 2     | A       |    13 |      46 |      28 |
	| 348 | Amina       | F      | 9     | A       |    45 |      72 |      70 |
	| 349 | Ariyah      | F      | 1     | A       |    20 |      69 |      22 |
	| 350 | Adelynn     | F      | 1     | A       |     2 |      37 |      44 |
	| 351 | Remington   | F      | 4     | A       |    99 |      59 |      99 |
	| 352 | Reign       | F      | 8     | C       |    85 |      87 |      97 |
	| 353 | Eduardo     | M      | 8     | B       |    29 |      64 |      26 |
	| 354 | Rylan       | M      | 5     | A       |    71 |      44 |       1 |
	| 355 | Ali         | M      | 7     | A       |    22 |      36 |      60 |
	| 356 | Willa       | F      | 12    | D       |    25 |      57 |      92 |
	| 357 | Avianna     | F      | 12    | B       |    72 |      14 |      36 |
	| 358 | Makayla     | F      | 9     | B       |    32 |      93 |      40 |
	| 359 | Gracelyn    | F      | 1     | D       |    36 |      42 |      63 |
	| 360 | Elle        | F      | 8     | A       |    67 |      50 |      96 |
	| 361 | Amiyah      | F      | 5     | D       |    55 |      81 |      80 |
	| 362 | Arielle     | F      | 11    | B       |    84 |      13 |       7 |
	| 363 | Elianna     | F      | 1     | C       |    97 |      97 |       3 |
	| 364 | Giselle     | F      | 7     | A       |    82 |      31 |      87 |
	+-----+-------------+--------+-------+---------+-------+---------+---------+
	364 rows in set (0.00 sec)

	mysql> SELECT MIN(maths) from student_marks;
	+------------+
	| MIN(maths) |
	+------------+
	|          0 |
	+------------+
	1 row in set (0.01 sec)

	mysql> SELECT MAX(maths) from student_marks;
	+------------+
	| MAX(maths) |
	+------------+
	|        100 |
	+------------+
	1 row in set (0.00 sec)

	mysql> SELECT * FROM student_marks
		-> WHERE maths = 100;
	+-----+----------+--------+-------+---------+-------+---------+---------+
	| id  | name     | gender | class | section | maths | science | english |
	+-----+----------+--------+-------+---------+-------+---------+---------+
	|  69 | Santiago | M      | 11    | C       |   100 |      90 |      63 |
	|  74 | Madelyn  | F      | 8     | A       |   100 |       3 |      96 |
	| 163 | Atlas    | M      | 2     | B       |   100 |      25 |      13 |
	| 199 | Journee  | F      | 7     | D       |   100 |      43 |      38 |
	+-----+----------+--------+-------+---------+-------+---------+---------+
	4 rows in set (0.00 sec)

	mysql> SELECT * FROM student_marks
		-> WHERE maths = 100 and gender = 'M';
	+-----+----------+--------+-------+---------+-------+---------+---------+
	| id  | name     | gender | class | section | maths | science | english |
	+-----+----------+--------+-------+---------+-------+---------+---------+
	|  69 | Santiago | M      | 11    | C       |   100 |      90 |      63 |
	| 163 | Atlas    | M      | 2     | B       |   100 |      25 |      13 |
	+-----+----------+--------+-------+---------+-------+---------+---------+
	2 rows in set (0.00 sec)

	mysql> SELECT * FROM student_marks
		-> WHERE maths = 100 and gender = 'F';
	+-----+---------+--------+-------+---------+-------+---------+---------+
	| id  | name    | gender | class | section | maths | science | english |
	+-----+---------+--------+-------+---------+-------+---------+---------+
	|  74 | Madelyn | F      | 8     | A       |   100 |       3 |      96 |
	| 199 | Journee | F      | 7     | D       |   100 |      43 |      38 |
	+-----+---------+--------+-------+---------+-------+---------+---------+
	2 rows in set (0.00 sec)

	mysql> SELECT MIN(maths) FROM student_marks
		-> WHERE gender = 'F';
	+------------+
	| MIN(maths) |
	+------------+
	|          0 |
	+------------+
	1 row in set (0.00 sec)

	mysql>
	mysql> SELECT MAX(maths + science)
		-> FROM student_marks
		-> WHERE gender = 'M' AND Class = 6;
	+----------------------+
	| MAX(maths + science) |
	+----------------------+
	|                  160 |
	+----------------------+
	1 row in set (0.00 sec)

	mysql> SELECT COUNT(*) FROM student_marks
		-> GROUP BY gender;
	+----------+
	| COUNT(*) |
	+----------+
	|      166 |
	|      198 |
	+----------+
	2 rows in set (0.01 sec)

	mysql> SELECT class, COUNT(*) FROM student_marks
		-> GROUP BY class;
	+-------+----------+
	| class | COUNT(*) |
	+-------+----------+
	| 9     |       32 |
	| 8     |       33 |
	| 7     |       32 |
	| 5     |       31 |
	| 11    |       37 |
	| 6     |       27 |
	| 2     |       28 |
	| 12    |       29 |
	| 1     |       27 |
	| 4     |       35 |
	| 10    |       25 |
	| 3     |       28 |
	+-------+----------+
	12 rows in set (0.00 sec)

	mysql> SELECT class, COUNT(*) FROM student_marks
		-> GROUP BY class
		-> ORDER BY class;
	+-------+----------+
	| class | COUNT(*) |
	+-------+----------+
	| 1     |       27 |
	| 10    |       25 |
	| 11    |       37 |
	| 12    |       29 |
	| 2     |       28 |
	| 3     |       28 |
	| 4     |       35 |
	| 5     |       31 |
	| 6     |       27 |
	| 7     |       32 |
	| 8     |       33 |
	| 9     |       32 |
	+-------+----------+
	12 rows in set (0.00 sec)

	mysql> SELECT class, COUNT(*) FROM student_marks
		-> GROUP BY class
		-> ORDER BY class;
	+-------+----------+
	| class | COUNT(*) |
	+-------+----------+
	| 1     |       27 |
	| 10    |       25 |
	| 11    |       37 |
	| 12    |       29 |
	| 2     |       28 |
	| 3     |       28 |
	| 4     |       35 |
	| 5     |       31 |
	| 6     |       27 |
	| 7     |       32 |
	| 8     |       33 |
	| 9     |       32 |
	+-------+----------+
	12 rows in set (0.00 sec)

	mysql> SELECT class, COUNT(*) FROM student_marks
		-> GROUP BY section
		-> ORDER BY class;
	ERROR 1055 (42000): Expression #1 of SELECT list is not in GROUP BY clause and contains nonaggregated column 'revision_practice.student_marks.class' which is not functionally dependent on columns in GROUP BY clause; this is incompatible with sql_mode=only_full_group_by
	mysql> SELECT class, COUNT(*) FROM student_marks
		-> GROUP BY class;
	+-------+----------+
	| class | COUNT(*) |
	+-------+----------+
	| 9     |       32 |
	| 8     |       33 |
	| 7     |       32 |
	| 5     |       31 |
	| 11    |       37 |
	| 6     |       27 |
	| 2     |       28 |
	| 12    |       29 |
	| 1     |       27 |
	| 4     |       35 |
	| 10    |       25 |
	| 3     |       28 |
	+-------+----------+
	12 rows in set (0.00 sec)

	mysql> SELECT class, COUNT(*) FROM student_marks
		-> GROUP BY section;
	ERROR 1055 (42000): Expression #1 of SELECT list is not in GROUP BY clause and contains nonaggregated column 'revision_practice.student_marks.class' which is not functionally dependent on columns in GROUP BY clause; this is incompatible with sql_mode=only_full_group_by
	mysql> SELECT section, COUNT(*) FROM student_marks
		-> GROUP BY section;
	+---------+----------+
	| section | COUNT(*) |
	+---------+----------+
	| C       |       78 |
	| D       |       88 |
	| B       |       92 |
	| A       |      106 |
	+---------+----------+
	4 rows in set (0.00 sec)

	mysql> SELECT class, COUNT(*) as count
		-> FROM student_marks
		-> GROUP BY class
		-> ORDER BY count;
	+-------+-------+
	| class | count |
	+-------+-------+
	| 10    |    25 |
	| 6     |    27 |
	| 1     |    27 |
	| 2     |    28 |
	| 3     |    28 |
	| 12    |    29 |
	| 5     |    31 |
	| 9     |    32 |
	| 7     |    32 |
	| 8     |    33 |
	| 4     |    35 |
	| 11    |    37 |
	+-------+-------+
	12 rows in set (0.00 sec)

	mysql> SELECT class, section, COUNT(*) as count
		-> FROM student_marks
		-> GROUP BY class, section;
	+-------+---------+-------+
	| class | section | count |
	+-------+---------+-------+
	| 9     | C       |     7 |
	| 8     | D       |    14 |
	| 7     | D       |    13 |
	| 5     | D       |     8 |
	| 7     | C       |     6 |
	| 11    | B       |    14 |
	| 6     | D       |    10 |
	| 7     | B       |     6 |
	| 2     | B       |    10 |
	| 12    | D       |     7 |
	| 11    | C       |     9 |
	| 1     | D       |     5 |
	| 7     | A       |     7 |
	| 4     | C       |     7 |
	| 6     | A       |     7 |
	| 10    | B       |     5 |
	| 3     | C       |     6 |
	| 8     | B       |     9 |
	| 2     | A       |     6 |
	| 6     | B       |     3 |
	| 5     | C       |     6 |
	| 12    | A       |    13 |
	| 6     | C       |     7 |
	| 12    | C       |     5 |
	| 9     | D       |     8 |
	| 4     | B       |     8 |
	| 10    | D       |     2 |
	| 4     | D       |     4 |
	| 3     | A       |     8 |
	| 8     | A       |     7 |
	| 9     | B       |    10 |
	| 4     | A       |    16 |
	| 5     | A       |     6 |
	| 10    | C       |     9 |
	| 5     | B       |    11 |
	| 1     | B       |     6 |
	| 11    | A       |     9 |
	| 9     | A       |     7 |
	| 3     | D       |     8 |
	| 1     | A       |    11 |
	| 2     | C       |     8 |
	| 10    | A       |     9 |
	| 2     | D       |     4 |
	| 3     | B       |     6 |
	| 11    | D       |     5 |
	| 12    | B       |     4 |
	| 1     | C       |     5 |
	| 8     | C       |     3 |
	+-------+---------+-------+
	48 rows in set (0.00 sec)

	mysql> SELECT class, section, COUNT(*) as count
		-> FROM student_marks
		-> GROUP BY class, section
		-> ORDER BY class, section;
	+-------+---------+-------+
	| class | section | count |
	+-------+---------+-------+
	| 1     | A       |    11 |
	| 1     | B       |     6 |
	| 1     | C       |     5 |
	| 1     | D       |     5 |
	| 10    | A       |     9 |
	| 10    | B       |     5 |
	| 10    | C       |     9 |
	| 10    | D       |     2 |
	| 11    | A       |     9 |
	| 11    | B       |    14 |
	| 11    | C       |     9 |
	| 11    | D       |     5 |
	| 12    | A       |    13 |
	| 12    | B       |     4 |
	| 12    | C       |     5 |
	| 12    | D       |     7 |
	| 2     | A       |     6 |
	| 2     | B       |    10 |
	| 2     | C       |     8 |
	| 2     | D       |     4 |
	| 3     | A       |     8 |
	| 3     | B       |     6 |
	| 3     | C       |     6 |
	| 3     | D       |     8 |
	| 4     | A       |    16 |
	| 4     | B       |     8 |
	| 4     | C       |     7 |
	| 4     | D       |     4 |
	| 5     | A       |     6 |
	| 5     | B       |    11 |
	| 5     | C       |     6 |
	| 5     | D       |     8 |
	| 6     | A       |     7 |
	| 6     | B       |     3 |
	| 6     | C       |     7 |
	| 6     | D       |    10 |
	| 7     | A       |     7 |
	| 7     | B       |     6 |
	| 7     | C       |     6 |
	| 7     | D       |    13 |
	| 8     | A       |     7 |
	| 8     | B       |     9 |
	| 8     | C       |     3 |
	| 8     | D       |    14 |
	| 9     | A       |     7 |
	| 9     | B       |    10 |
	| 9     | C       |     7 |
	| 9     | D       |     8 |
	+-------+---------+-------+
	48 rows in set (0.00 sec)

	mysql> SELECT MAX(maths) as max_maths, class, section
		-> FROM student_marks
		-> GROUP BY class, section
		-> ORDER BY Class, Section;
	+-----------+-------+---------+
	| max_maths | class | section |
	+-----------+-------+---------+
	|        92 | 1     | A       |
	|        94 | 1     | B       |
	|        97 | 1     | C       |
	|        62 | 1     | D       |
	|        89 | 10    | A       |
	|        65 | 10    | B       |
	|        56 | 10    | C       |
	|        40 | 10    | D       |
	|        76 | 11    | A       |
	|        87 | 11    | B       |
	|       100 | 11    | C       |
	|        79 | 11    | D       |
	|        97 | 12    | A       |
	|        94 | 12    | B       |
	|        96 | 12    | C       |
	|        89 | 12    | D       |
	|        81 | 2     | A       |
	|       100 | 2     | B       |
	|        97 | 2     | C       |
	|        72 | 2     | D       |
	|        96 | 3     | A       |
	|        64 | 3     | B       |
	|        53 | 3     | C       |
	|        87 | 3     | D       |
	|        99 | 4     | A       |
	|        81 | 4     | B       |
	|        94 | 4     | C       |
	|        97 | 4     | D       |
	|        90 | 5     | A       |
	|        87 | 5     | B       |
	|        94 | 5     | C       |
	|        98 | 5     | D       |
	|        82 | 6     | A       |
	|        34 | 6     | B       |
	|        81 | 6     | C       |
	|        91 | 6     | D       |
	|        84 | 7     | A       |
	|        71 | 7     | B       |
	|        91 | 7     | C       |
	|       100 | 7     | D       |
	|       100 | 8     | A       |
	|        84 | 8     | B       |
	|        85 | 8     | C       |
	|        95 | 8     | D       |
	|        93 | 9     | A       |
	|        91 | 9     | B       |
	|        99 | 9     | C       |
	|        93 | 9     | D       |
	+-----------+-------+---------+
	48 rows in set (0.01 sec)

	mysql> SELECT MIN(science) as min_science, class, section
		-> FROM student_marks
		-> GROUP BY class, section
		-> ORDER BY Class, Section;
	+-------------+-------+---------+
	| min_science | class | section |
	+-------------+-------+---------+
	|          20 | 1     | A       |
	|          14 | 1     | B       |
	|          13 | 1     | C       |
	|          42 | 1     | D       |
	|           6 | 10    | A       |
	|           8 | 10    | B       |
	|          11 | 10    | C       |
	|          91 | 10    | D       |
	|           8 | 11    | A       |
	|           6 | 11    | B       |
	|          10 | 11    | C       |
	|          38 | 11    | D       |
	|           0 | 12    | A       |
	|           0 | 12    | B       |
	|          12 | 12    | C       |
	|          15 | 12    | D       |
	|           3 | 2     | A       |
	|          22 | 2     | B       |
	|           3 | 2     | C       |
	|          19 | 2     | D       |
	|           2 | 3     | A       |
	|           2 | 3     | B       |
	|           1 | 3     | C       |
	|          13 | 3     | D       |
	|           1 | 4     | A       |
	|           3 | 4     | B       |
	|           2 | 4     | C       |
	|          24 | 4     | D       |
	|          44 | 5     | A       |
	|           4 | 5     | B       |
	|           3 | 5     | C       |
	|           3 | 5     | D       |
	|          11 | 6     | A       |
	|           3 | 6     | B       |
	|          11 | 6     | C       |
	|           8 | 6     | D       |
	|          31 | 7     | A       |
	|          20 | 7     | B       |
	|           9 | 7     | C       |
	|           6 | 7     | D       |
	|           3 | 8     | A       |
	|          35 | 8     | B       |
	|          42 | 8     | C       |
	|           1 | 8     | D       |
	|          31 | 9     | A       |
	|          18 | 9     | B       |
	|           7 | 9     | C       |
	|          15 | 9     | D       |
	+-------------+-------+---------+
	48 rows in set (0.00 sec)

	mysql> SELECT MIN(science) as min_science, class, section
		-> FROM student_marks
		-> GROUP BY class, section
		-> ORDER BY Class, Section;
	+-------------+-------+---------+
	| min_science | class | section |
	+-------------+-------+---------+
	|          20 | 1     | A       |
	|          14 | 1     | B       |
	|          13 | 1     | C       |
	|          42 | 1     | D       |
	|           6 | 10    | A       |
	|           8 | 10    | B       |
	|          11 | 10    | C       |
	|          91 | 10    | D       |
	|           8 | 11    | A       |
	|           6 | 11    | B       |
	|          10 | 11    | C       |
	|          38 | 11    | D       |
	|           0 | 12    | A       |
	|           0 | 12    | B       |
	|          12 | 12    | C       |
	|          15 | 12    | D       |
	|           3 | 2     | A       |
	|          22 | 2     | B       |
	|           3 | 2     | C       |
	|          19 | 2     | D       |
	|           2 | 3     | A       |
	|           2 | 3     | B       |
	|           1 | 3     | C       |
	|          13 | 3     | D       |
	|           1 | 4     | A       |
	|           3 | 4     | B       |
	|           2 | 4     | C       |
	|          24 | 4     | D       |
	|          44 | 5     | A       |
	|           4 | 5     | B       |
	|           3 | 5     | C       |
	|           3 | 5     | D       |
	|          11 | 6     | A       |
	|           3 | 6     | B       |
	|          11 | 6     | C       |
	|           8 | 6     | D       |
	|          31 | 7     | A       |
	|          20 | 7     | B       |
	|           9 | 7     | C       |
	|           6 | 7     | D       |
	|           3 | 8     | A       |
	|          35 | 8     | B       |
	|          42 | 8     | C       |
	|           1 | 8     | D       |
	|          31 | 9     | A       |
	|          18 | 9     | B       |
	|           7 | 9     | C       |
	|          15 | 9     | D       |
	+-------------+-------+---------+
	48 rows in set (0.00 sec)

	mysql> SELECT MAX(science) as min_science, class, section
		-> GROUP BY class, section
		-> ORDER BY Class, Section;
	ERROR 1054 (42S22): Unknown column 'science' in 'field list'
	mysql> SELECT MIN(science) as min_science, class, section
		-> FROM student_marks
		-> GROUP BY class, section
		-> ORDER BY Class, Section;
	+-------------+-------+---------+
	| min_science | class | section |
	+-------------+-------+---------+
	|          20 | 1     | A       |
	|          14 | 1     | B       |
	|          13 | 1     | C       |
	|          42 | 1     | D       |
	|           6 | 10    | A       |
	|           8 | 10    | B       |
	|          11 | 10    | C       |
	|          91 | 10    | D       |
	|           8 | 11    | A       |
	|           6 | 11    | B       |
	|          10 | 11    | C       |
	|          38 | 11    | D       |
	|           0 | 12    | A       |
	|           0 | 12    | B       |
	|          12 | 12    | C       |
	|          15 | 12    | D       |
	|           3 | 2     | A       |
	|          22 | 2     | B       |
	|           3 | 2     | C       |
	|          19 | 2     | D       |
	|           2 | 3     | A       |
	|           2 | 3     | B       |
	|           1 | 3     | C       |
	|          13 | 3     | D       |
	|           1 | 4     | A       |
	|           3 | 4     | B       |
	|           2 | 4     | C       |
	|          24 | 4     | D       |
	|          44 | 5     | A       |
	|           4 | 5     | B       |
	|           3 | 5     | C       |
	|           3 | 5     | D       |
	|          11 | 6     | A       |
	|           3 | 6     | B       |
	|          11 | 6     | C       |
	|           8 | 6     | D       |
	|          31 | 7     | A       |
	|          20 | 7     | B       |
	|           9 | 7     | C       |
	|           6 | 7     | D       |
	|           3 | 8     | A       |
	|          35 | 8     | B       |
	|          42 | 8     | C       |
	|           1 | 8     | D       |
	|          31 | 9     | A       |
	|          18 | 9     | B       |
	|           7 | 9     | C       |
	|          15 | 9     | D       |
	+-------------+-------+---------+
	48 rows in set (0.00 sec)

	mysql> SELECT MAX(science) as max_science, class, section
		-> FROM student_marks
		-> GROUP BY class, section
		-> ORDER BY Class, Section;
	+-------------+-------+---------+
	| max_science | class | section |
	+-------------+-------+---------+
	|          99 | 1     | A       |
	|          68 | 1     | B       |
	|          97 | 1     | C       |
	|         100 | 1     | D       |
	|          96 | 10    | A       |
	|          55 | 10    | B       |
	|          91 | 10    | C       |
	|          96 | 10    | D       |
	|          93 | 11    | A       |
	|          89 | 11    | B       |
	|          91 | 11    | C       |
	|          82 | 11    | D       |
	|          97 | 12    | A       |
	|          57 | 12    | B       |
	|         100 | 12    | C       |
	|          98 | 12    | D       |
	|          46 | 2     | A       |
	|          98 | 2     | B       |
	|          99 | 2     | C       |
	|          94 | 2     | D       |
	|          93 | 3     | A       |
	|          79 | 3     | B       |
	|          85 | 3     | C       |
	|          98 | 3     | D       |
	|          95 | 4     | A       |
	|          88 | 4     | B       |
	|          80 | 4     | C       |
	|          95 | 4     | D       |
	|          91 | 5     | A       |
	|          98 | 5     | B       |
	|          94 | 5     | C       |
	|          99 | 5     | D       |
	|          92 | 6     | A       |
	|          22 | 6     | B       |
	|          80 | 6     | C       |
	|          70 | 6     | D       |
	|          85 | 7     | A       |
	|          61 | 7     | B       |
	|          97 | 7     | C       |
	|          99 | 7     | D       |
	|          98 | 8     | A       |
	|          94 | 8     | B       |
	|          87 | 8     | C       |
	|          88 | 8     | D       |
	|          82 | 9     | A       |
	|          93 | 9     | B       |
	|          86 | 9     | C       |
	|          99 | 9     | D       |
	+-------------+-------+---------+
	48 rows in set (0.00 sec)

	mysql> SELECT COUNT(*) as count, class, section
		-> FROM student_marks
		-> GROUP BY class, section
		-> WHERE count > 30
		-> ORDER BY class, section;
	ERROR 1064 (42000): You have an error in your SQL syntax; check the manual that corresponds to your MySQL server version for the right syntax to use near 'WHERE count > 30
	ORDER BY class, section' at line 4
	mysql> SELECT COUNT(*) as count, class, section
		-> FROM student_marks
		-> GROUP BY class, section
		-> HAVING count > 10
		-> ORDER BY class, section;
	+-------+-------+---------+
	| count | class | section |
	+-------+-------+---------+
	|    11 | 1     | A       |
	|    14 | 11    | B       |
	|    13 | 12    | A       |
	|    16 | 4     | A       |
	|    11 | 5     | B       |
	|    13 | 7     | D       |
	|    14 | 8     | D       |
	+-------+-------+---------+
	7 rows in set (0.06 sec)

	mysql> SELECT AVG(maths + science + english) as avg, class, section FROM student_marks
		-> GROUP BY class, section
		-> HAVING AVG(maths + science + english) > 52
		-> ORDER BY Class, Section;
	+----------+-------+---------+
	| avg      | class | section |
	+----------+-------+---------+
	| 150.1818 | 1     | A       |
	| 114.5000 | 1     | B       |
	| 129.4000 | 1     | C       |
	| 127.4000 | 1     | D       |
	| 182.6667 | 10    | A       |
	| 114.4000 | 10    | B       |
	| 111.3333 | 10    | C       |
	| 205.0000 | 10    | D       |
	| 138.7778 | 11    | A       |
	| 143.1429 | 11    | B       |
	| 162.7778 | 11    | C       |
	| 182.4000 | 11    | D       |
	| 168.4615 | 12    | A       |
	| 185.7500 | 12    | B       |
	| 148.6000 | 12    | C       |
	| 140.0000 | 12    | D       |
	| 103.0000 | 2     | A       |
	| 136.4000 | 2     | B       |
	| 148.1250 | 2     | C       |
	| 107.5000 | 2     | D       |
	| 167.2500 | 3     | A       |
	| 101.6667 | 3     | B       |
	| 145.8333 | 3     | C       |
	| 162.0000 | 3     | D       |
	| 146.8750 | 4     | A       |
	| 128.2500 | 4     | B       |
	| 131.8571 | 4     | C       |
	| 173.0000 | 4     | D       |
	| 155.1667 | 5     | A       |
	| 140.2727 | 5     | B       |
	| 166.5000 | 5     | C       |
	| 139.8750 | 5     | D       |
	| 131.1429 | 6     | A       |
	| 115.3333 | 6     | B       |
	| 149.1429 | 6     | C       |
	| 125.8000 | 6     | D       |
	| 174.4286 | 7     | A       |
	| 140.3333 | 7     | B       |
	| 151.8333 | 7     | C       |
	| 156.0000 | 7     | D       |
	| 172.0000 | 8     | A       |
	| 156.5556 | 8     | B       |
	| 191.3333 | 8     | C       |
	| 167.0000 | 8     | D       |
	| 167.1429 | 9     | A       |
	| 162.8000 | 9     | B       |
	| 124.1429 | 9     | C       |
	| 157.5000 | 9     | D       |
	+----------+-------+---------+
	48 rows in set (0.01 sec)

	mysql> SELECT AVG(maths + science + english) as avg, class, section FROM student_marks
		-> GROUP BY class, section
		-> HAVING AVG(maths + science + english) < 150
		-> ORDER BY Class, Section;
	+----------+-------+---------+
	| avg      | class | section |
	+----------+-------+---------+
	| 114.5000 | 1     | B       |
	| 129.4000 | 1     | C       |
	| 127.4000 | 1     | D       |
	| 114.4000 | 10    | B       |
	| 111.3333 | 10    | C       |
	| 138.7778 | 11    | A       |
	| 143.1429 | 11    | B       |
	| 148.6000 | 12    | C       |
	| 140.0000 | 12    | D       |
	| 103.0000 | 2     | A       |
	| 136.4000 | 2     | B       |
	| 148.1250 | 2     | C       |
	| 107.5000 | 2     | D       |
	| 101.6667 | 3     | B       |
	| 145.8333 | 3     | C       |
	| 146.8750 | 4     | A       |
	| 128.2500 | 4     | B       |
	| 131.8571 | 4     | C       |
	| 140.2727 | 5     | B       |
	| 139.8750 | 5     | D       |
	| 131.1429 | 6     | A       |
	| 115.3333 | 6     | B       |
	| 149.1429 | 6     | C       |
	| 125.8000 | 6     | D       |
	| 140.3333 | 7     | B       |
	| 124.1429 | 9     | C       |
	+----------+-------+---------+
	26 rows in set (0.01 sec)

	mysql> SELECT MAX(maths + science + english) as max_total, class, section FROM student_marks
		-> GROUP BY class, section
		-> ORDER BY Class, Section;
	+-----------+-------+---------+
	| max_total | class | section |
	+-----------+-------+---------+
	|       218 | 1     | A       |
	|       198 | 1     | B       |
	|       225 | 1     | C       |
	|       141 | 1     | D       |
	|       252 | 10    | A       |
	|       137 | 10    | B       |
	|       146 | 10    | C       |
	|       209 | 10    | D       |
	|       212 | 11    | A       |
	|       201 | 11    | B       |
	|       253 | 11    | C       |
	|       232 | 11    | D       |
	|       275 | 12    | A       |
	|       219 | 12    | B       |
	|       250 | 12    | C       |
	|       215 | 12    | D       |
	|       205 | 2     | A       |
	|       267 | 2     | B       |
	|       271 | 2     | C       |
	|       189 | 2     | D       |
	|       245 | 3     | A       |
	|       160 | 3     | B       |
	|       220 | 3     | C       |
	|       220 | 3     | D       |
	|       257 | 4     | A       |
	|       244 | 4     | B       |
	|       192 | 4     | C       |
	|       207 | 4     | D       |
	|       176 | 5     | A       |
	|       223 | 5     | B       |
	|       258 | 5     | C       |
	|       216 | 5     | D       |
	|       241 | 6     | A       |
	|       153 | 6     | B       |
	|       225 | 6     | C       |
	|       187 | 6     | D       |
	|       223 | 7     | A       |
	|       192 | 7     | B       |
	|       239 | 7     | C       |
	|       263 | 7     | D       |
	|       213 | 8     | A       |
	|       201 | 8     | B       |
	|       269 | 8     | C       |
	|       232 | 8     | D       |
	|       255 | 9     | A       |
	|       249 | 9     | B       |
	|       243 | 9     | C       |
	|       257 | 9     | D       |
	+-----------+-------+---------+
	48 rows in set (0.00 sec)

	mysql> SELECT MAX(maths + science + english) as max_total, class, section FROM student_marks
		-> GROUP BY class, section
		-> HAVING MAX(maths + science + english)  > 220
		-> ORDER BY Class, Section;
	+-----------+-------+---------+
	| max_total | class | section |
	+-----------+-------+---------+
	|       225 | 1     | C       |
	|       252 | 10    | A       |
	|       253 | 11    | C       |
	|       232 | 11    | D       |
	|       275 | 12    | A       |
	|       250 | 12    | C       |
	|       267 | 2     | B       |
	|       271 | 2     | C       |
	|       245 | 3     | A       |
	|       257 | 4     | A       |
	|       244 | 4     | B       |
	|       223 | 5     | B       |
	|       258 | 5     | C       |
	|       241 | 6     | A       |
	|       225 | 6     | C       |
	|       223 | 7     | A       |
	|       239 | 7     | C       |
	|       263 | 7     | D       |
	|       269 | 8     | C       |
	|       232 | 8     | D       |
	|       255 | 9     | A       |
	|       249 | 9     | B       |
	|       243 | 9     | C       |
	|       257 | 9     | D       |
	+-----------+-------+---------+
	24 rows in set (0.00 sec)

	mysql> SELECT MAX(maths + science + english) as max_total, class, section FROM student_marks
		-> GROUP BY class, section
		-> HAVING MAX(maths + science + english)  < 150
		-> ORDER BY Class, Section;
	+-----------+-------+---------+
	| max_total | class | section |
	+-----------+-------+---------+
	|       141 | 1     | D       |
	|       137 | 10    | B       |
	|       146 | 10    | C       |
	+-----------+-------+---------+
	3 rows in set (0.00 sec)

	Enter password: *************
	Welcome to the MySQL monitor.  Commands end with ; or \g.
	Your MySQL connection id is 8
	Server version: 8.0.32 MySQL Community Server - GPL

	Copyright (c) 2000, 2023, Oracle and/or its affiliates.

	Oracle is a registered trademark of Oracle Corporation and/or its
	affiliates. Other names may be trademarks of their respective
	owners.

	Type 'help;' or '\h' for help. Type '\c' to clear the current input statement.

	mysql> use revision_Practice;
	Database changed
	mysql> show tables;
	+-----------------------------+
	| Tables_in_revision_practice |
	+-----------------------------+
	| student_marks               |
	+-----------------------------+
	1 row in set (0.24 sec)

	mysql> select * from student_marks;
	+-----+-------------+--------+-------+---------+-------+---------+---------+
	| id  | name        | gender | class | section | maths | science | english |
	+-----+-------------+--------+-------+---------+-------+---------+---------+
	|   1 | Olivia      | F      | 9     | C       |    34 |      48 |      46 |
	|   2 | Liam        | M      | 8     | D       |    53 |      44 |      68 |
	|   3 | Noah        | M      | 7     | D       |    20 |       6 |      66 |
	|   4 | Oliver      | M      | 5     | D       |    19 |      24 |      16 |
	|   5 | Emma        | F      | 7     | C       |    76 |      84 |      79 |
	|   6 | Charlotte   | F      | 11    | B       |    35 |      13 |      83 |
	|   7 | Elijah      | M      | 6     | D       |    26 |      56 |      18 |
	|   8 | James       | M      | 7     | B       |    58 |      20 |      66 |
	|   9 | Elizabeth   | F      | 2     | B       |    26 |      98 |      26 |
	|  10 | Eleanor     | F      | 12    | D       |    14 |      43 |      25 |
	|  11 | Ella        | F      | 5     | D       |     9 |      14 |      27 |
	|  12 | William     | M      | 11    | C       |    53 |      56 |      28 |
	|  13 | Harper      | F      | 1     | D       |    20 |     100 |       4 |
	|  14 | Luna        | F      | 7     | A       |    64 |      33 |      82 |
	|  15 | Camila      | F      | 6     | D       |    91 |      39 |      27 |
	|  16 | Gianna      | F      | 4     | C       |    28 |      80 |      14 |
	|  17 | Benjamin    | M      | 6     | A       |    82 |      11 |       2 |
	|  18 | Lucas       | M      | 10    | B       |    43 |      12 |      36 |
	|  19 | Henry       | M      | 3     | C       |    32 |      85 |      39 |
	|  20 | Abigail     | F      | 8     | B       |    80 |      46 |      31 |
	|  21 | Sofia       | F      | 9     | C       |    40 |      70 |       3 |
	|  22 | Avery       | F      | 2     | A       |    38 |      22 |      15 |
	|  23 | Scarlett    | F      | 6     | B       |    17 |      19 |      55 |
	|  24 | Emily       | F      | 3     | C       |    53 |       3 |      38 |
	|  25 | Aria        | F      | 5     | C       |     8 |      49 |      17 |
	|  26 | Theodore    | M      | 12    | A       |     0 |       0 |      74 |
	|  27 | Jack        | M      | 8     | D       |    89 |      46 |       7 |
	|  28 | Levi        | M      | 7     | B       |    71 |      24 |      97 |
	|  29 | Alexander   | M      | 6     | C       |    81 |      79 |      53 |
	|  30 | Nora        | F      | 12    | C       |    81 |      81 |      88 |
	|  31 | Hazel       | F      | 7     | C       |    39 |      97 |      34 |
	|  32 | Madison     | F      | 7     | D       |    81 |      24 |       4 |
	|  33 | Ellie       | F      | 9     | D       |    43 |      67 |      53 |
	|  34 | Lily        | F      | 4     | B       |    53 |      21 |      63 |
	|  35 | Jacob       | M      | 2     | B       |    65 |      85 |       1 |
	|  36 | Asher       | M      | 10    | D       |    19 |      91 |      91 |
	|  37 | Aiden       | M      | 2     | B       |    89 |      47 |       3 |
	|  38 | Violet      | F      | 4     | D       |    33 |      24 |      75 |
	|  39 | Aurora      | F      | 3     | A       |     6 |      90 |      46 |
	|  40 | Joseph      | M      | 4     | B       |    37 |      20 |       3 |
	|  41 | Wyatt       | M      | 8     | A       |    97 |      24 |      42 |
	|  42 | David       | M      | 9     | D       |    93 |      99 |      65 |
	|  43 | Emilia      | F      | 9     | B       |    87 |      91 |      71 |
	|  44 | Stella      | F      | 10    | B       |    17 |      55 |      26 |
	|  45 | Zoe         | F      | 4     | A       |    61 |      70 |      33 |
	|  46 | Victoria    | F      | 5     | A       |    90 |      47 |      29 |
	|  47 | Hannah      | F      | 7     | D       |    77 |      96 |      90 |
	|  48 | Dylan       | M      | 10    | C       |     0 |      56 |      41 |
	|  49 | Lincoln     | M      | 4     | D       |    62 |      95 |      11 |
	|  50 | Thomas      | M      | 10    | C       |     8 |      79 |      22 |
	|  51 | Maverick    | M      | 3     | A       |    94 |      71 |      35 |
	|  52 | Ivy         | F      | 5     | B       |    87 |      78 |      58 |
	|  53 | Everly      | F      | 11    | B       |    64 |      64 |      35 |
	|  54 | Lillian     | F      | 5     | B       |    62 |      29 |      29 |
	|  55 | Paisley     | F      | 12    | A       |     0 |       7 |     100 |
	|  56 | Elena       | F      | 10    | C       |    55 |      40 |      48 |
	|  57 | Naomi       | F      | 5     | B       |    31 |      20 |      56 |
	|  58 | Isaiah      | M      | 1     | B       |    25 |      14 |      40 |
	|  59 | Andrew      | M      | 5     | B       |    46 |      40 |      70 |
	|  60 | Joshua      | M      | 7     | D       |    38 |      33 |       1 |
	|  61 | Nathan      | M      | 1     | D       |    60 |      53 |       5 |
	|  62 | Nolan       | M      | 11    | A       |    27 |      79 |      83 |
	|  63 | Adrian      | M      | 12    | A       |    77 |      96 |      86 |
	|  64 | Aaliyah     | F      | 9     | A       |    58 |      40 |      55 |
	|  65 | Ruby        | F      | 12    | A       |    21 |      97 |      79 |
	|  66 | Brooklyn    | F      | 3     | D       |    87 |      13 |      72 |
	|  67 | Alice       | F      | 11    | C       |     7 |      62 |      95 |
	|  68 | Cameron     | M      | 8     | D       |    14 |      81 |      13 |
	|  69 | Santiago    | M      | 11    | C       |   100 |      90 |      63 |
	|  70 | Eli         | M      | 3     | A       |    38 |      93 |      24 |
	|  71 | Aaron       | M      | 9     | C       |    99 |       7 |       7 |
	|  72 | Ryan        | M      | 11    | A       |    74 |      67 |      35 |
	|  73 | Angel       | M      | 2     | B       |    17 |      81 |       9 |
	|  74 | Madelyn     | F      | 8     | A       |   100 |       3 |      96 |
	|  75 | Josephine   | F      | 8     | A       |    46 |      98 |      41 |
	|  76 | Bella       | F      | 1     | A       |    84 |      74 |       0 |
	|  77 | Skylar      | F      | 11    | B       |    87 |      33 |      81 |
	|  78 | Cooper      | M      | 8     | B       |    33 |      61 |      75 |
	|  79 | Waylon      | M      | 11    | B       |    25 |      89 |       7 |
	|  80 | Easton      | M      | 9     | D       |    92 |      25 |      20 |
	|  81 | Kai         | M      | 1     | A       |    33 |      37 |      37 |
	|  82 | Natalia     | F      | 1     | B       |    27 |      50 |      43 |
	|  83 | Quinn       | F      | 6     | D       |    44 |      12 |      11 |
	|  84 | Caroline    | F      | 8     | D       |    39 |      88 |      76 |
	|  85 | Allson      | F      | 3     | D       |    16 |      64 |      29 |
	|  86 | Gabriella   | F      | 2     | C       |    85 |      99 |      87 |
	|  87 | Christian   | M      | 4     | A       |    52 |      17 |      72 |
	|  88 | Landon      | M      | 10    | A       |    63 |      45 |      82 |
	|  89 | Colton      | M      | 3     | D       |    87 |      90 |      43 |
	|  90 | Roman       | M      | 6     | B       |    34 |      22 |      97 |
	|  91 | Ariana      | F      | 2     | C       |    20 |      33 |      42 |
	|  92 | Emery       | F      | 1     | A       |    61 |      69 |      36 |
	|  93 | Lydia       | F      | 7     | A       |    20 |      59 |      31 |
	|  94 | Axel        | M      | 4     | A       |    88 |      39 |      74 |
	|  95 | Brooks      | M      | 9     | C       |    36 |      41 |       8 |
	|  96 | Eva         | F      | 5     | C       |    83 |      93 |      49 |
	|  97 | Adeline     | F      | 2     | C       |    11 |      17 |      46 |
	|  98 | Jose        | M      | 8     | A       |    39 |      37 |      17 |
	|  99 | Bennett     | M      | 10    | A       |    81 |      72 |      82 |
	| 100 | Silas       | M      | 2     | D       |    72 |      28 |      89 |
	| 101 | Nicholas    | M      | 3     | B       |    38 |      79 |      17 |
	| 102 | Parker      | M      | 2     | A       |    70 |      41 |      94 |
	| 103 | Beau        | M      | 9     | B       |    63 |      52 |      51 |
	| 104 | Vivian      | F      | 11    | D       |    79 |      82 |       8 |
	| 105 | Clara       | F      | 3     | A       |    71 |      59 |      33 |
	| 106 | Weston      | M      | 8     | B       |    80 |      80 |      27 |
	| 107 | Austin      | M      | 7     | A       |    84 |      82 |      52 |
	| 108 | Connor      | M      | 5     | C       |    22 |      72 |      66 |
	| 109 | Maria       | F      | 5     | B       |    15 |      68 |      92 |
	| 110 | Iris        | F      | 9     | B       |     9 |      58 |      41 |
	| 111 | Ayla        | F      | 7     | B       |    18 |      25 |      87 |
	| 112 | Carson      | M      | 4     | D       |    97 |      38 |      50 |
	| 113 | Dominic     | M      | 3     | A       |    87 |      41 |      37 |
	| 114 | Xavier      | M      | 12    | C       |    33 |     100 |      57 |
	| 115 | Jaxson      | M      | 2     | C       |    93 |       3 |       5 |
	| 116 | Melody      | F      | 8     | B       |    84 |      35 |      47 |
	| 117 | Julia       | F      | 12    | D       |    89 |      16 |      74 |
	| 118 | Jonathan    | M      | 5     | D       |    98 |      63 |      23 |
	| 119 | Robert      | M      | 10    | A       |    85 |      24 |      73 |
	| 120 | Jameson     | M      | 2     | C       |    97 |      47 |      60 |
	| 121 | Ian         | M      | 11    | A       |    42 |      93 |      14 |
	| 122 | Everett     | M      | 11    | C       |    65 |      44 |       5 |
	| 123 | Arya        | F      | 3     | D       |    28 |      51 |      95 |
	| 124 | Eden        | F      | 10    | A       |    64 |      38 |      86 |
	| 125 | Remi        | F      | 7     | C       |    62 |      80 |      32 |
	| 126 | Vincent     | M      | 11    | B       |    38 |      89 |      34 |
	| 127 | Legend      | M      | 3     | B       |    32 |      22 |      18 |
	| 128 | Myles       | M      | 4     | B       |    81 |      66 |      97 |
	| 129 | Harrison    | M      | 9     | C       |    67 |      86 |      90 |
	| 130 | Charlie     | F      | 2     | D       |     5 |      94 |       9 |
	| 131 | Alaia       | F      | 8     | B       |    24 |      41 |      44 |
	| 132 | Melanie     | F      | 12    | A       |    59 |      57 |      36 |
	| 133 | Walker      | M      | 11    | B       |    45 |       6 |      87 |
	| 134 | Jason       | M      | 9     | C       |    35 |       8 |      78 |
	| 135 | Brayden     | M      | 11    | B       |     7 |      62 |      44 |
	| 136 | Cole        | M      | 12    | D       |     5 |      41 |       2 |
	| 137 | Nathaniel   | M      | 1     | A       |    81 |      20 |      40 |
	| 138 | Alina       | F      | 6     | C       |    37 |      15 |      51 |
	| 139 | Lucia       | F      | 3     | C       |    11 |      79 |      62 |
	| 140 | Ximena      | F      | 5     | D       |    33 |       3 |      37 |
	| 141 | George      | M      | 9     | B       |    48 |      46 |      17 |
	| 142 | Lorenzo     | M      | 12    | C       |    52 |      45 |      18 |
	| 143 | Zion        | M      | 4     | C       |    53 |      64 |      75 |
	| 144 | Luis        | M      | 11    | A       |    37 |       8 |      64 |
	| 145 | Adalyn      | F      | 5     | D       |    42 |      99 |      25 |
	| 146 | Archer      | M      | 4     | C       |    40 |       4 |      94 |
	| 147 | Enzo        | M      | 8     | D       |    95 |      28 |      95 |
	| 148 | Jonah       | M      | 4     | C       |    27 |      64 |      23 |
	| 149 | Isabel      | F      | 10    | B       |    22 |       8 |      87 |
	| 150 | Reese       | F      | 6     | D       |    54 |      13 |      66 |
	| 151 | Emersyn     | F      | 12    | C       |    96 |      12 |      29 |
	| 152 | Thiago      | M      | 1     | A       |    92 |      39 |      87 |
	| 153 | Theo        | M      | 11    | A       |    18 |      93 |      39 |
	| 154 | River       | F      | 5     | B       |    17 |      14 |      38 |
	| 155 | Ayden       | M      | 12    | D       |    21 |      78 |      60 |
	| 156 | Zachary     | M      | 1     | D       |    62 |      44 |      17 |
	| 157 | Calvin      | M      | 8     | D       |    77 |      67 |      88 |
	| 158 | Braxton     | M      | 6     | D       |    25 |      44 |      21 |
	| 159 | Esther      | F      | 12    | B       |    94 |       0 |      94 |
	| 160 | Valeria     | F      | 3     | B       |     8 |      17 |      17 |
	| 161 | Ashton      | M      | 4     | A       |    12 |      79 |      87 |
	| 162 | Rhett       | M      | 11    | D       |    56 |      54 |      23 |
	| 163 | Atlas       | M      | 2     | B       |   100 |      25 |      13 |
	| 164 | Jude        | M      | 4     | C       |    54 |       2 |       6 |
	| 165 | Bailey      | F      | 10    | B       |    29 |      39 |      69 |
	| 166 | Ember       | F      | 6     | D       |     1 |       8 |      87 |
	| 167 | Bentley     | M      | 1     | A       |    63 |      54 |      42 |
	| 168 | Carlos      | M      | 7     | D       |    72 |      18 |     100 |
	| 169 | Ryker       | M      | 4     | A       |    16 |      14 |      62 |
	| 170 | Adriel      | M      | 7     | C       |    91 |      20 |       1 |
	| 171 | Alexandra   | F      | 2     | B       |     7 |      79 |      21 |
	| 172 | Faith       | F      | 7     | D       |    27 |      58 |      89 |
	| 173 | Arthur      | M      | 12    | B       |    66 |      57 |      96 |
	| 174 | Ace         | M      | 12    | B       |    72 |      42 |     100 |
	| 175 | Tyler       | M      | 7     | D       |    13 |      99 |      75 |
	| 176 | Jayce       | M      | 10    | C       |    56 |      11 |      42 |
	| 177 | Millie      | F      | 11    | B       |    53 |      62 |      75 |
	| 178 | June        | F      | 7     | C       |    88 |      62 |       3 |
	| 179 | Kaiden      | M      | 2     | B       |     8 |      22 |      50 |
	| 180 | Maxwell     | M      | 11    | B       |    78 |      11 |      21 |
	| 181 | Juan        | M      | 6     | A       |    20 |      71 |       3 |
	| 182 | Dean        | M      | 11    | A       |     0 |      40 |      40 |
	| 183 | Ada         | F      | 6     | D       |    80 |      54 |       3 |
	| 184 | Anastasia   | F      | 9     | B       |    68 |      25 |      88 |
	| 185 | Olive       | F      | 11    | D       |    62 |      71 |      99 |
	| 186 | Matteo      | M      | 8     | B       |    59 |      49 |       8 |
	| 187 | Malachi     | M      | 3     | A       |    48 |      68 |      86 |
	| 188 | Ivan        | M      | 10    | A       |    19 |      96 |       3 |
	| 189 | Elliott     | M      | 10    | A       |    47 |      71 |      31 |
	| 190 | Jesus       | M      | 3     | D       |    22 |      96 |      90 |
	| 191 | Amy         | F      | 7     | C       |    41 |       9 |      13 |
	| 192 | Ruth        | F      | 11    | A       |     1 |      81 |       2 |
	| 193 | Aubree      | F      | 2     | D       |    40 |      21 |      19 |
	| 194 | Max         | M      | 7     | D       |    75 |      11 |      55 |
	| 195 | Elliot      | M      | 12    | D       |    20 |      15 |      88 |
	| 196 | Graham      | M      | 9     | A       |    93 |      71 |      91 |
	| 197 | Arabella    | F      | 2     | A       |    40 |       5 |       9 |
	| 198 | Sara        | F      | 10    | C       |    45 |      38 |       3 |
	| 199 | Journee     | F      | 7     | D       |   100 |      43 |      38 |
	| 200 | Beckett     | M      | 12    | D       |    82 |      98 |      35 |
	| 201 | Amari       | M      | 8     | D       |    81 |      48 |      94 |
	| 202 | Karter      | M      | 8     | D       |    93 |       1 |      25 |
	| 203 | Timothy     | M      | 6     | C       |    51 |      11 |      86 |
	| 204 | Abraham     | M      | 6     | D       |    44 |      70 |      73 |
	| 205 | Jesse       | M      | 1     | D       |     3 |      64 |      64 |
	| 206 | Selena      | F      | 5     | B       |    86 |       4 |       4 |
	| 207 | Oaklynn     | F      | 5     | B       |    23 |      59 |      66 |
	| 208 | Morgan      | F      | 3     | D       |    28 |      98 |      10 |
	| 209 | Zayden      | M      | 9     | D       |     7 |      75 |      33 |
	| 210 | Blake       | M      | 5     | D       |    59 |      88 |      68 |
	| 211 | Alejandro   | M      | 3     | B       |    43 |      33 |      36 |
	| 212 | Dawson      | M      | 3     | D       |    68 |      50 |      94 |
	| 213 | Juliana     | F      | 5     | A       |    59 |      65 |      52 |
	| 214 | Finley      | F      | 10    | C       |    16 |      91 |      25 |
	| 215 | Presley     | F      | 1     | C       |     4 |      17 |      32 |
	| 216 | Tristan     | M      | 1     | C       |    95 |      89 |      41 |
	| 217 | Victor      | M      | 1     | B       |    94 |      68 |      36 |
	| 218 | Avery       | M      | 4     | C       |    94 |      58 |      31 |
	| 219 | Joel        | M      | 6     | B       |    14 |       3 |      85 |
	| 220 | Grant       | M      | 5     | A       |    48 |      50 |      75 |
	| 221 | Eric        | M      | 8     | B       |    78 |      48 |      75 |
	| 222 | London      | F      | 8     | D       |    59 |      33 |      97 |
	| 223 | Kimberly    | F      | 1     | A       |     0 |      99 |      49 |
	| 224 | Elsie       | F      | 6     | A       |    55 |      14 |      27 |
	| 225 | Patrick     | M      | 7     | B       |    51 |      51 |      36 |
	| 226 | Peter       | M      | 11    | B       |     4 |      75 |      45 |
	| 227 | Richard     | M      | 7     | A       |    81 |      72 |      20 |
	| 228 | Edward      | M      | 10    | A       |    89 |       6 |      56 |
	| 229 | Andres      | M      | 4     | A       |    94 |      22 |      35 |
	| 230 | Nyla        | F      | 11    | A       |    70 |      84 |      58 |
	| 231 | Vera        | F      | 5     | A       |    31 |      91 |      44 |
	| 232 | Hope        | F      | 1     | A       |    87 |      24 |      77 |
	| 233 | Annie       | F      | 2     | B       |    32 |      36 |       3 |
	| 234 | Kaia        | F      | 4     | A       |    35 |      86 |      94 |
	| 235 | Myla        | F      | 10    | C       |    18 |      23 |      21 |
	| 236 | Adonis      | M      | 9     | C       |     9 |      17 |      40 |
	| 237 | Kyrie       | M      | 7     | D       |    13 |      90 |      67 |
	| 238 | Matias      | M      | 4     | A       |     1 |      15 |       0 |
	| 239 | Oscar       | M      | 11    | C       |    86 |      32 |      29 |
	| 240 | Lukas       | M      | 11    | B       |    70 |      14 |      66 |
	| 241 | Harlow      | F      | 9     | A       |    60 |      31 |      98 |
	| 242 | Rachel      | F      | 8     | A       |    11 |      35 |     100 |
	| 243 | Gracie      | F      | 6     | C       |     9 |      41 |      27 |
	| 244 | Rowan       | F      | 8     | D       |    89 |      42 |      78 |
	| 245 | Rafael      | M      | 4     | B       |    70 |      59 |      20 |
	| 246 | Zane        | M      | 5     | C       |    52 |       3 |      51 |
	| 247 | Jeremy      | M      | 10    | C       |    46 |      85 |      15 |
	| 248 | Lilah       | F      | 7     | D       |    58 |       7 |      51 |
	| 249 | Adelyn      | F      | 6     | A       |    71 |      92 |      78 |
	| 250 | Phoebe      | F      | 7     | B       |    46 |      30 |       2 |
	| 251 | Octavia     | F      | 10    | A       |    72 |      84 |      96 |
	| 252 | Kash        | M      | 6     | D       |    83 |      14 |      73 |
	| 253 | Preston     | M      | 11    | B       |    41 |      32 |      68 |
	| 254 | Kyler       | M      | 9     | A       |    15 |      39 |      43 |
	| 255 | Jax         | M      | 4     | B       |     0 |      84 |      15 |
	| 256 | Jett        | M      | 1     | B       |    30 |      32 |       8 |
	| 257 | Kaleb       | M      | 1     | B       |    23 |      61 |       9 |
	| 258 | Kayla       | F      | 1     | A       |    58 |      43 |      72 |
	| 259 | Malia       | F      | 12    | A       |    97 |      91 |      87 |
	| 260 | Elaina      | F      | 6     | A       |    16 |      22 |       2 |
	| 261 | Saylor      | F      | 5     | B       |    34 |      98 |      17 |
	| 262 | Brooke      | F      | 9     | B       |    32 |      88 |      64 |
	| 263 | Riley       | M      | 4     | C       |    41 |      58 |      13 |
	| 264 | Simon       | M      | 12    | A       |    81 |       5 |      67 |
	| 265 | Phoenix     | M      | 12    | C       |    25 |      22 |       4 |
	| 266 | Adelaide    | F      | 9     | D       |    74 |      43 |      74 |
	| 267 | Daniela     | F      | 12    | A       |    69 |      49 |      89 |
	| 268 | Kenneth     | M      | 3     | A       |    14 |       2 |      50 |
	| 269 | Nico        | M      | 12    | A       |     2 |      27 |      79 |
	| 270 | Kaden       | M      | 8     | D       |    38 |       3 |      56 |
	| 271 | Lane        | M      | 9     | A       |    20 |      82 |      34 |
	| 272 | Delaney     | F      | 9     | D       |     0 |      15 |      88 |
	| 273 | Dakota      | F      | 4     | A       |    51 |      75 |      49 |
	| 274 | Mya         | F      | 9     | D       |    34 |      45 |      29 |
	| 275 | Kairo       | M      | 3     | B       |    64 |      26 |      70 |
	| 276 | Maximus     | M      | 11    | C       |    14 |      10 |      72 |
	| 277 | Omar        | M      | 11    | D       |    73 |      54 |      98 |
	| 278 | Finley      | M      | 3     | C       |    53 |      83 |      84 |
	| 279 | Lucille     | F      | 2     | C       |    58 |      38 |      95 |
	| 280 | Trinity     | F      | 1     | B       |    38 |      22 |      67 |
	| 281 | Gia         | F      | 10    | A       |    57 |      52 |      70 |
	| 282 | Tatum       | F      | 11    | A       |    76 |      18 |       6 |
	| 283 | Atticus     | M      | 6     | C       |     1 |      73 |      96 |
	| 284 | Crew        | M      | 11    | C       |    92 |      79 |      27 |
	| 285 | Brantley    | M      | 9     | B       |    60 |      37 |       5 |
	| 286 | Kali        | F      | 4     | B       |    28 |       4 |      52 |
	| 287 | Stevie      | F      | 11    | B       |    86 |       7 |      64 |
	| 288 | Maggie      | F      | 4     | A       |    21 |      25 |       4 |
	| 289 | Colin       | M      | 4     | B       |     1 |      88 |      92 |
	| 290 | Dallas      | M      | 9     | A       |    56 |      77 |      20 |
	| 291 | Walter      | M      | 3     | B       |    38 |       2 |      50 |
	| 292 | Brady       | M      | 3     | C       |    36 |       1 |      94 |
	| 293 | Hayden      | F      | 11    | C       |     1 |      91 |      88 |
	| 294 | Joanna      | F      | 10    | C       |     6 |      17 |      95 |
	| 295 | Jocelyn     | F      | 9     | B       |    91 |      74 |      32 |
	| 296 | Bryan       | M      | 4     | A       |    91 |      81 |      59 |
	| 297 | Aidan       | M      | 3     | C       |    48 |      57 |      17 |
	| 298 | Cohen       | M      | 10    | B       |    65 |      55 |       9 |
	| 299 | Brian       | M      | 4     | A       |    75 |       1 |      27 |
	| 300 | Cayden      | M      | 8     | A       |    61 |      45 |      99 |
	| 301 | Andre       | M      | 6     | C       |    76 |      50 |      99 |
	| 302 | Leia        | F      | 12    | A       |    76 |      65 |      95 |
	| 303 | Paige       | F      | 8     | C       |    68 |      42 |      90 |
	| 304 | Niko        | M      | 2     | B       |    58 |      55 |      41 |
	| 305 | Maximiliano | M      | 9     | D       |    81 |      39 |      66 |
	| 306 | Zander      | M      | 4     | A       |    22 |      83 |      55 |
	| 307 | Khalil      | M      | 6     | C       |    25 |      80 |       3 |
	| 308 | Rory        | M      | 3     | A       |    96 |      67 |      82 |
	| 309 | Harley      | F      | 12    | A       |    78 |      20 |      18 |
	| 310 | Lia         | F      | 2     | A       |    78 |       3 |      10 |
	| 311 | Phoenix     | F      | 2     | B       |    83 |      93 |      91 |
	| 312 | Francisco   | M      | 4     | B       |    11 |       3 |      58 |
	| 313 | Cruz        | M      | 9     | B       |    59 |      18 |      88 |
	| 314 | Kobe        | M      | 10    | D       |    40 |      96 |      73 |
	| 315 | Thea        | F      | 2     | C       |    50 |      49 |      28 |
	| 316 | Jayla       | F      | 11    | C       |     6 |      89 |      81 |
	| 317 | Reid        | M      | 4     | A       |    30 |      95 |      52 |
	| 318 | Daxton      | M      | 4     | D       |    92 |      54 |      61 |
	| 319 | Vivienne    | F      | 8     | B       |    78 |      94 |      13 |
	| 320 | Hallie      | F      | 8     | D       |    44 |      41 |      74 |
	| 321 | Madilyn     | F      | 6     | D       |    17 |      16 |      88 |
	| 322 | Orion       | M      | 6     | A       |    52 |      88 |      71 |
	| 323 | Spencer     | M      | 8     | D       |    55 |       4 |      79 |
	| 324 | Ophelia     | F      | 3     | D       |     1 |      15 |      49 |
	| 325 | Celeste     | F      | 5     | C       |    94 |      94 |      70 |
	| 326 | Alayah      | F      | 5     | D       |    54 |      98 |       4 |
	| 327 | Colson      | M      | 8     | D       |    80 |       5 |      51 |
	| 328 | Cairo       | M      | 7     | B       |    42 |      61 |      57 |
	| 329 | Gunner      | M      | 5     | B       |    81 |      32 |      72 |
	| 330 | Nina        | F      | 4     | A       |     6 |      17 |      16 |
	| 331 | Briella     | F      | 12    | A       |    79 |      90 |       7 |
	| 332 | Wade        | M      | 7     | A       |    68 |      85 |      70 |
	| 333 | Chance      | M      | 5     | A       |    70 |      58 |       6 |
	| 334 | Odin        | M      | 2     | A       |    81 |      17 |       8 |
	| 335 | Anderson    | M      | 11    | D       |    30 |      38 |      85 |
	| 336 | Amari       | F      | 2     | C       |    52 |      57 |      13 |
	| 337 | Adriana     | F      | 7     | D       |    95 |      81 |      84 |
	| 338 | Kane        | M      | 5     | B       |    21 |      88 |       8 |
	| 339 | Raymond     | M      | 2     | D       |    29 |      19 |       5 |
	| 340 | Cristian    | M      | 1     | C       |     3 |      13 |      25 |
	| 341 | Kalani      | F      | 8     | C       |    32 |      51 |      22 |
	| 342 | Aniyah      | F      | 12    | A       |    25 |      97 |       8 |
	| 343 | Aziel       | M      | 6     | A       |    70 |      17 |      54 |
	| 344 | Prince      | M      | 7     | D       |    33 |      33 |       7 |
	| 345 | Ezequiel    | M      | 5     | C       |    58 |      18 |     100 |
	| 346 | Jake        | M      | 1     | C       |    32 |      33 |      66 |
	| 347 | Otto        | M      | 2     | A       |    13 |      46 |      28 |
	| 348 | Amina       | F      | 9     | A       |    45 |      72 |      70 |
	| 349 | Ariyah      | F      | 1     | A       |    20 |      69 |      22 |
	| 350 | Adelynn     | F      | 1     | A       |     2 |      37 |      44 |
	| 351 | Remington   | F      | 4     | A       |    99 |      59 |      99 |
	| 352 | Reign       | F      | 8     | C       |    85 |      87 |      97 |
	| 353 | Eduardo     | M      | 8     | B       |    29 |      64 |      26 |
	| 354 | Rylan       | M      | 5     | A       |    71 |      44 |       1 |
	| 355 | Ali         | M      | 7     | A       |    22 |      36 |      60 |
	| 356 | Willa       | F      | 12    | D       |    25 |      57 |      92 |
	| 357 | Avianna     | F      | 12    | B       |    72 |      14 |      36 |
	| 358 | Makayla     | F      | 9     | B       |    32 |      93 |      40 |
	| 359 | Gracelyn    | F      | 1     | D       |    36 |      42 |      63 |
	| 360 | Elle        | F      | 8     | A       |    67 |      50 |      96 |
	| 361 | Amiyah      | F      | 5     | D       |    55 |      81 |      80 |
	| 362 | Arielle     | F      | 11    | B       |    84 |      13 |       7 |
	| 363 | Elianna     | F      | 1     | C       |    97 |      97 |       3 |
	| 364 | Giselle     | F      | 7     | A       |    82 |      31 |      87 |
	+-----+-------------+--------+-------+---------+-------+---------+---------+
	364 rows in set (0.07 sec)

	mysql> select count(*) from student_marks;
	+----------+
	| count(*) |
	+----------+
	|      364 |
	+----------+
	1 row in set (0.02 sec)

	mysql> select class, scction, Max(maths) from student group by class, section order by class, section;
	ERROR 1146 (42S02): Table 'revision_practice.student' doesn't exist
	mysql> select class, scction, Max(maths) from student_marks group by class, section order by class, section;
	ERROR 1054 (42S22): Unknown column 'scction' in 'field list'
	mysql> select class, section, Max(maths) from student_marks group by class, section order by class, section;
	+-------+---------+------------+
	| class | section | Max(maths) |
	+-------+---------+------------+
	| 1     | A       |         92 |
	| 1     | B       |         94 |
	| 1     | C       |         97 |
	| 1     | D       |         62 |
	| 10    | A       |         89 |
	| 10    | B       |         65 |
	| 10    | C       |         56 |
	| 10    | D       |         40 |
	| 11    | A       |         76 |
	| 11    | B       |         87 |
	| 11    | C       |        100 |
	| 11    | D       |         79 |
	| 12    | A       |         97 |
	| 12    | B       |         94 |
	| 12    | C       |         96 |
	| 12    | D       |         89 |
	| 2     | A       |         81 |
	| 2     | B       |        100 |
	| 2     | C       |         97 |
	| 2     | D       |         72 |
	| 3     | A       |         96 |
	| 3     | B       |         64 |
	| 3     | C       |         53 |
	| 3     | D       |         87 |
	| 4     | A       |         99 |
	| 4     | B       |         81 |
	| 4     | C       |         94 |
	| 4     | D       |         97 |
	| 5     | A       |         90 |
	| 5     | B       |         87 |
	| 5     | C       |         94 |
	| 5     | D       |         98 |
	| 6     | A       |         82 |
	| 6     | B       |         34 |
	| 6     | C       |         81 |
	| 6     | D       |         91 |
	| 7     | A       |         84 |
	| 7     | B       |         71 |
	| 7     | C       |         91 |
	| 7     | D       |        100 |
	| 8     | A       |        100 |
	| 8     | B       |         84 |
	| 8     | C       |         85 |
	| 8     | D       |         95 |
	| 9     | A       |         93 |
	| 9     | B       |         91 |
	| 9     | C       |         99 |
	| 9     | D       |         93 |
	+-------+---------+------------+
	48 rows in set (0.04 sec)

	mysql> select class, section, Max(maths) as max_in_maths from student_marks having Max(maths)>70 group by class, section order by class, section;
	ERROR 1064 (42000): You have an error in your SQL syntax; check the manual that corresponds to your MySQL server version for the right syntax to use near 'group by class, section order by class, section' at line 1
	mysql> select class, section, Max(maths) as max_in_maths from student_marks group by class, section having max_in_maths > 70  order by class, section;
	+-------+---------+--------------+
	| class | section | max_in_maths |
	+-------+---------+--------------+
	| 1     | A       |           92 |
	| 1     | B       |           94 |
	| 1     | C       |           97 |
	| 10    | A       |           89 |
	| 11    | A       |           76 |
	| 11    | B       |           87 |
	| 11    | C       |          100 |
	| 11    | D       |           79 |
	| 12    | A       |           97 |
	| 12    | B       |           94 |
	| 12    | C       |           96 |
	| 12    | D       |           89 |
	| 2     | A       |           81 |
	| 2     | B       |          100 |
	| 2     | C       |           97 |
	| 2     | D       |           72 |
	| 3     | A       |           96 |
	| 3     | D       |           87 |
	| 4     | A       |           99 |
	| 4     | B       |           81 |
	| 4     | C       |           94 |
	| 4     | D       |           97 |
	| 5     | A       |           90 |
	| 5     | B       |           87 |
	| 5     | C       |           94 |
	| 5     | D       |           98 |
	| 6     | A       |           82 |
	| 6     | C       |           81 |
	| 6     | D       |           91 |
	| 7     | A       |           84 |
	| 7     | B       |           71 |
	| 7     | C       |           91 |
	| 7     | D       |          100 |
	| 8     | A       |          100 |
	| 8     | B       |           84 |
	| 8     | C       |           85 |
	| 8     | D       |           95 |
	| 9     | A       |           93 |
	| 9     | B       |           91 |
	| 9     | C       |           99 |
	| 9     | D       |           93 |
	+-------+---------+--------------+
	41 rows in set (0.02 sec)

	mysql> select class, section, Min(maths) as min_in_maths from student_marks group by class, section having min_in_maths > 70  order by class, section;
	Empty set (0.00 sec)

	mysql> select class, section, Min(maths) as max_in_maths from student_marks group by class, section order by class, section;
	+-------+---------+--------------+
	| class | section | max_in_maths |
	+-------+---------+--------------+
	| 1     | A       |            0 |
	| 1     | B       |           23 |
	| 1     | C       |            3 |
	| 1     | D       |            3 |
	| 10    | A       |           19 |
	| 10    | B       |           17 |
	| 10    | C       |            0 |
	| 10    | D       |           19 |
	| 11    | A       |            0 |
	| 11    | B       |            4 |
	| 11    | C       |            1 |
	| 11    | D       |           30 |
	| 12    | A       |            0 |
	| 12    | B       |           66 |
	| 12    | C       |           25 |
	| 12    | D       |            5 |
	| 2     | A       |           13 |
	| 2     | B       |            7 |
	| 2     | C       |           11 |
	| 2     | D       |            5 |
	| 3     | A       |            6 |
	| 3     | B       |            8 |
	| 3     | C       |           11 |
	| 3     | D       |            1 |
	| 4     | A       |            1 |
	| 4     | B       |            0 |
	| 4     | C       |           27 |
	| 4     | D       |           33 |
	| 5     | A       |           31 |
	| 5     | B       |           15 |
	| 5     | C       |            8 |
	| 5     | D       |            9 |
	| 6     | A       |           16 |
	| 6     | B       |           14 |
	| 6     | C       |            1 |
	| 6     | D       |            1 |
	| 7     | A       |           20 |
	| 7     | B       |           18 |
	| 7     | C       |           39 |
	| 7     | D       |           13 |
	| 8     | A       |           11 |
	| 8     | B       |           24 |
	| 8     | C       |           32 |
	| 8     | D       |           14 |
	| 9     | A       |           15 |
	| 9     | B       |            9 |
	| 9     | C       |            9 |
	| 9     | D       |            0 |
	+-------+---------+--------------+
	48 rows in set (0.01 sec)

	mysql> select class, section, Min(maths) as min_in_maths from student_marks group by class, section having min_in_maths > 30  order by class, section;
	+-------+---------+--------------+
	| class | section | min_in_maths |
	+-------+---------+--------------+
	| 12    | B       |           66 |
	| 4     | D       |           33 |
	| 5     | A       |           31 |
	| 7     | C       |           39 |
	| 8     | C       |           32 |
	+-------+---------+--------------+
	5 rows in set (0.00 sec)

	mysql> select class, section, Min(maths) as min_in_maths from student_marks group by class, section having min_in_maths > 35 order by class, section;
	+-------+---------+--------------+
	| class | section | min_in_maths |
	+-------+---------+--------------+
	| 12    | B       |           66 |
	| 7     | C       |           39 |
	+-------+---------+--------------+
	2 rows in set (0.00 sec)

	mysql> select class, section, max(maths) as max_in_maths_with_condition from student_marks group by class, section having max(maths) group by class desc, section;
	ERROR 1064 (42000): You have an error in your SQL syntax; check the manual that corresponds to your MySQL server version for the right syntax to use near 'group by class desc, section' at line 1
	mysql> select class, section, max(maths) as max_in_maths_with_condition from student_marks group by class, section having max(maths) < 80 group by class desc, section; 
	ERROR 1064 (42000): You have an error in your SQL syntax; check the manual that corresponds to your MySQL server version for the right syntax to use near 'group by class desc, section' at line 1
	mysql> select class, section, max(maths) as max_in_maths_with_condition from student_marks group by class, section having max(maths) < 80 group by class, section;
	ERROR 1064 (42000): You have an error in your SQL syntax; check the manual that corresponds to your MySQL server version for the right syntax to use near 'group by class, section' at line 1
	mysql> select class, section, max(maths) as max_in_maths_with_condition from student_marks group by class, section having max(maths) < 80 order by class desc, section; 
	+-------+---------+-----------------------------+
	| class | section | max_in_maths_with_condition |
	+-------+---------+-----------------------------+
	| 7     | B       |                          71 |
	| 6     | B       |                          34 |
	| 3     | B       |                          64 |
	| 3     | C       |                          53 |
	| 2     | D       |                          72 |
	| 11    | A       |                          76 |
	| 11    | D       |                          79 |
	| 10    | B       |                          65 |
	| 10    | C       |                          56 |
	| 10    | D       |                          40 |
	| 1     | D       |                          62 |
	+-------+---------+-----------------------------+
	11 rows in set (0.24 sec)

	mysql> select class, section, max(maths) as max_in_maths_with_condition from student_marks group by class, section having max(maths) < 80 order by class desc, section; 
	+-------+---------+-----------------------------+
	| class | section | max_in_maths_with_condition |
	+-------+---------+-----------------------------+
	| 7     | B       |                          71 |
	| 6     | B       |                          34 |
	| 3     | B       |                          64 |
	| 3     | C       |                          53 |
	| 2     | D       |                          72 |
	| 11    | A       |                          76 |
	| 11    | D       |                          79 |
	| 10    | B       |                          65 |
	| 10    | C       |                          56 |
	| 10    | D       |                          40 |
	| 1     | D       |                          62 |
	+-------+---------+-----------------------------+
	11 rows in set (0.01 sec)

	mysql> select class, section, max(maths) as max_in_maths_with_condition from student_marks group by class, section having max(maths) > 80 order by class desc, section; 
	+-------+---------+-----------------------------+
	| class | section | max_in_maths_with_condition |
	+-------+---------+-----------------------------+
	| 9     | A       |                          93 |
	| 9     | B       |                          91 |
	| 9     | C       |                          99 |
	| 9     | D       |                          93 |
	| 8     | A       |                         100 |
	| 8     | B       |                          84 |
	| 8     | C       |                          85 |
	| 8     | D       |                          95 |
	| 7     | A       |                          84 |
	| 7     | C       |                          91 |
	| 7     | D       |                         100 |
	| 6     | A       |                          82 |
	| 6     | C       |                          81 |
	| 6     | D       |                          91 |
	| 5     | A       |                          90 |
	| 5     | B       |                          87 |
	| 5     | C       |                          94 |
	| 5     | D       |                          98 |
	| 4     | A       |                          99 |
	| 4     | B       |                          81 |
	| 4     | C       |                          94 |
	| 4     | D       |                          97 |
	| 3     | A       |                          96 |
	| 3     | D       |                          87 |
	| 2     | A       |                          81 |
	| 2     | B       |                         100 |
	| 2     | C       |                          97 |
	| 12    | A       |                          97 |
	| 12    | B       |                          94 |
	| 12    | C       |                          96 |
	| 12    | D       |                          89 |
	| 11    | B       |                          87 |
	| 11    | C       |                         100 |
	| 10    | A       |                          89 |
	| 1     | A       |                          92 |
	| 1     | B       |                          94 |
	| 1     | C       |                          97 |
	+-------+---------+-----------------------------+
	37 rows in set (0.00 sec)

	mysql> select class, section, max(maths) as max_in_maths_with_condition from student_marks group by class, section having max(maths) = 80 order by class desc, section; 
	Empty set (0.00 sec)

	mysql> select class, section, max(maths) as max_in_maths_with_condition from student_marks group by class, section having max(maths) = 100 order by class desc, section;
	+-------+---------+-----------------------------+
	| class | section | max_in_maths_with_condition |
	+-------+---------+-----------------------------+
	| 8     | A       |                         100 |
	| 7     | D       |                         100 |
	| 2     | B       |                         100 |
	| 11    | C       |                         100 |
	+-------+---------+-----------------------------+
	4 rows in set (0.00 sec)

	mysql> select class, section, max(maths) as max_in_maths_with_condition from student_marks having max(maths) = 100 order by class desc, section;
	ERROR 1140 (42000): In aggregated query without GROUP BY, expression #1 of SELECT list contains nonaggregated column 'revision_practice.student_marks.class'; this is incompatible with sql_mode=only_full_group_by
	mysql> select class, section, count(*) as number_of_student from student_marks group by calss, section having number_of_student < 10 order by class,section;
	ERROR 1054 (42S22): Unknown column 'calss' in 'group statement'
	mysql> select class, section, count(*) as number_of_student from student_marks group by class, section having number_of_student < 10 order by class,section;
	+-------+---------+-------------------+
	| class | section | number_of_student |
	+-------+---------+-------------------+
	| 1     | B       |                 6 |
	| 1     | C       |                 5 |
	| 1     | D       |                 5 |
	| 10    | A       |                 9 |
	| 10    | B       |                 5 |
	| 10    | C       |                 9 |
	| 10    | D       |                 2 |
	| 11    | A       |                 9 |
	| 11    | C       |                 9 |
	| 11    | D       |                 5 |
	| 12    | B       |                 4 |
	| 12    | C       |                 5 |
	| 12    | D       |                 7 |
	| 2     | A       |                 6 |
	| 2     | C       |                 8 |
	| 2     | D       |                 4 |
	| 3     | A       |                 8 |
	| 3     | B       |                 6 |
	| 3     | C       |                 6 |
	| 3     | D       |                 8 |
	| 4     | B       |                 8 |
	| 4     | C       |                 7 |
	| 4     | D       |                 4 |
	| 5     | A       |                 6 |
	| 5     | C       |                 6 |
	| 5     | D       |                 8 |
	| 6     | A       |                 7 |
	| 6     | B       |                 3 |
	| 6     | C       |                 7 |
	| 7     | A       |                 7 |
	| 7     | B       |                 6 |
	| 7     | C       |                 6 |
	| 8     | A       |                 7 |
	| 8     | B       |                 9 |
	| 8     | C       |                 3 |
	| 9     | A       |                 7 |
	| 9     | C       |                 7 |
	| 9     | D       |                 8 |
	+-------+---------+-------------------+
	38 rows in set (0.01 sec)

	mysql> select class, section, count(*) as number_of_student from student_marks group by class, section having number_of_student > 10 order by class,section;
	+-------+---------+-------------------+
	| class | section | number_of_student |
	+-------+---------+-------------------+
	| 1     | A       |                11 |
	| 11    | B       |                14 |
	| 12    | A       |                13 |
	| 4     | A       |                16 |
	| 5     | B       |                11 |
	| 7     | D       |                13 |
	| 8     | D       |                14 |
	+-------+---------+-------------------+
	7 rows in set (0.00 sec)

	mysql> select class, section, count(id) as number_of_student from student_marks group by class, section having number_of_student > 10 order by class,section;
	+-------+---------+-------------------+
	| class | section | number_of_student |
	+-------+---------+-------------------+
	| 1     | A       |                11 |
	| 11    | B       |                14 |
	| 12    | A       |                13 |
	| 4     | A       |                16 |
	| 5     | B       |                11 |
	| 7     | D       |                13 |
	| 8     | D       |                14 |
	+-------+---------+-------------------+
	7 rows in set (0.01 sec)

	mysql> select count(id) as number_of_student from student_marks group by class, section having number_of_student > 10 order by class,section;
	+-------------------+
	| number_of_student |
	+-------------------+
	|                11 |
	|                14 |
	|                13 |
	|                16 |
	|                11 |
	|                13 |
	|                14 |
	+-------------------+
	7 rows in set (0.00 sec)

	mysql> select count(id) as number_of_student from student_marks group by class, section having order by class,section;
	ERROR 1064 (42000): You have an error in your SQL syntax; check the manual that corresponds to your MySQL server version for the right syntax to use near 'order by class,section' at line 1
	mysql> select count(id) as number_of_student from student_marks group by class, section order by class,section;
	+-------------------+
	| number_of_student |
	+-------------------+
	|                11 |
	|                 6 |
	|                 5 |
	|                 5 |
	|                 9 |
	|                 5 |
	|                 9 |
	|                 2 |
	|                 9 |
	|                14 |
	|                 9 |
	|                 5 |
	|                13 |
	|                 4 |
	|                 5 |
	|                 7 |
	|                 6 |
	|                10 |
	|                 8 |
	|                 4 |
	|                 8 |
	|                 6 |
	|                 6 |
	|                 8 |
	|                16 |
	|                 8 |
	|                 7 |
	|                 4 |
	|                 6 |
	|                11 |
	|                 6 |
	|                 8 |
	|                 7 |
	|                 3 |
	|                 7 |
	|                10 |
	|                 7 |
	|                 6 |
	|                 6 |
	|                13 |
	|                 7 |
	|                 9 |
	|                 3 |
	|                14 |
	|                 7 |
	|                10 |
	|                 7 |
	|                 8 |
	+-------------------+
	48 rows in set (0.00 sec)

	mysql> select count(id) as number_of_student from student_marks group by class order by class;
	+-------------------+
	| number_of_student |
	+-------------------+
	|                27 |
	|                25 |
	|                37 |
	|                29 |
	|                28 |
	|                28 |
	|                35 |
	|                31 |
	|                27 |
	|                32 |
	|                33 |
	|                32 |
	+-------------------+
	12 rows in set (0.00 sec)

	mysql> select class, section, AVG(maths + science + english) as average_of_3_subject
		-> from student_marks group by class, section order by class, section;
	+-------+---------+----------------------+
	| class | section | average_of_3_subject |
	+-------+---------+----------------------+
	| 1     | A       |             150.1818 |
	| 1     | B       |             114.5000 |
	| 1     | C       |             129.4000 |
	| 1     | D       |             127.4000 |
	| 10    | A       |             182.6667 |
	| 10    | B       |             114.4000 |
	| 10    | C       |             111.3333 |
	| 10    | D       |             205.0000 |
	| 11    | A       |             138.7778 |
	| 11    | B       |             143.1429 |
	| 11    | C       |             162.7778 |
	| 11    | D       |             182.4000 |
	| 12    | A       |             168.4615 |
	| 12    | B       |             185.7500 |
	| 12    | C       |             148.6000 |
	| 12    | D       |             140.0000 |
	| 2     | A       |             103.0000 |
	| 2     | B       |             136.4000 |
	| 2     | C       |             148.1250 |
	| 2     | D       |             107.5000 |
	| 3     | A       |             167.2500 |
	| 3     | B       |             101.6667 |
	| 3     | C       |             145.8333 |
	| 3     | D       |             162.0000 |
	| 4     | A       |             146.8750 |
	| 4     | B       |             128.2500 |
	| 4     | C       |             131.8571 |
	| 4     | D       |             173.0000 |
	| 5     | A       |             155.1667 |
	| 5     | B       |             140.2727 |
	| 5     | C       |             166.5000 |
	| 5     | D       |             139.8750 |
	| 6     | A       |             131.1429 |
	| 6     | B       |             115.3333 |
	| 6     | C       |             149.1429 |
	| 6     | D       |             125.8000 |
	| 7     | A       |             174.4286 |
	| 7     | B       |             140.3333 |
	| 7     | C       |             151.8333 |
	| 7     | D       |             156.0000 |
	| 8     | A       |             172.0000 |
	| 8     | B       |             156.5556 |
	| 8     | C       |             191.3333 |
	| 8     | D       |             167.0000 |
	| 9     | A       |             167.1429 |
	| 9     | B       |             162.8000 |
	| 9     | C       |             124.1429 |
	| 9     | D       |             157.5000 |
	+-------+---------+----------------------+
	48 rows in set (0.05 sec)

	mysql>  select class, section, AVG(maths + science + english) as average_of_3_subject group by class, section having average_of_3_subject < 150 order by class,section;
	ERROR 1054 (42S22): Unknown column 'class' in 'field list'
	mysql>  select class, section, AVG(maths + science + english) as average_of_3_subject from student_marks group by class, section having average_of_3_subject < 150 order by class,section;
	+-------+---------+----------------------+
	| class | section | average_of_3_subject |
	+-------+---------+----------------------+
	| 1     | B       |             114.5000 |
	| 1     | C       |             129.4000 |
	| 1     | D       |             127.4000 |
	| 10    | B       |             114.4000 |
	| 10    | C       |             111.3333 |
	| 11    | A       |             138.7778 |
	| 11    | B       |             143.1429 |
	| 12    | C       |             148.6000 |
	| 12    | D       |             140.0000 |
	| 2     | A       |             103.0000 |
	| 2     | B       |             136.4000 |
	| 2     | C       |             148.1250 |
	| 2     | D       |             107.5000 |
	| 3     | B       |             101.6667 |
	| 3     | C       |             145.8333 |
	| 4     | A       |             146.8750 |
	| 4     | B       |             128.2500 |
	| 4     | C       |             131.8571 |
	| 5     | B       |             140.2727 |
	| 5     | D       |             139.8750 |
	| 6     | A       |             131.1429 |
	| 6     | B       |             115.3333 |
	| 6     | C       |             149.1429 |
	| 6     | D       |             125.8000 |
	| 7     | B       |             140.3333 |
	| 9     | C       |             124.1429 |
	+-------+---------+----------------------+
	26 rows in set (0.01 sec)

	mysql>  select class, section, AVG(maths + science + english) as average_of_3_subject from student_marks group by class, section having average_of_3_subject > 150 order by class,section;
	+-------+---------+----------------------+
	| class | section | average_of_3_subject |
	+-------+---------+----------------------+
	| 1     | A       |             150.1818 |
	| 10    | A       |             182.6667 |
	| 10    | D       |             205.0000 |
	| 11    | C       |             162.7778 |
	| 11    | D       |             182.4000 |
	| 12    | A       |             168.4615 |
	| 12    | B       |             185.7500 |
	| 3     | A       |             167.2500 |
	| 3     | D       |             162.0000 |
	| 4     | D       |             173.0000 |
	| 5     | A       |             155.1667 |
	| 5     | C       |             166.5000 |
	| 7     | A       |             174.4286 |
	| 7     | C       |             151.8333 |
	| 7     | D       |             156.0000 |
	| 8     | A       |             172.0000 |
	| 8     | B       |             156.5556 |
	| 8     | C       |             191.3333 |
	| 8     | D       |             167.0000 |
	| 9     | A       |             167.1429 |
	| 9     | B       |             162.8000 |
	| 9     | D       |             157.5000 |
	+-------+---------+----------------------+
	22 rows in set (0.00 sec)

	mysql>  select class, section, max(maths + science + english) as max_of_3_subject from student_marks group by class, section having max_of_3_subject > 220 order by class,section;
	+-------+---------+------------------+
	| class | section | max_of_3_subject |
	+-------+---------+------------------+
	| 1     | C       |              225 |
	| 10    | A       |              252 |
	| 11    | C       |              253 |
	| 11    | D       |              232 |
	| 12    | A       |              275 |
	| 12    | C       |              250 |
	| 2     | B       |              267 |
	| 2     | C       |              271 |
	| 3     | A       |              245 |
	| 4     | A       |              257 |
	| 4     | B       |              244 |
	| 5     | B       |              223 |
	| 5     | C       |              258 |
	| 6     | A       |              241 |
	| 6     | C       |              225 |
	| 7     | A       |              223 |
	| 7     | C       |              239 |
	| 7     | D       |              263 |
	| 8     | C       |              269 |
	| 8     | D       |              232 |
	| 9     | A       |              255 |
	| 9     | B       |              249 |
	| 9     | C       |              243 |
	| 9     | D       |              257 |
	+-------+---------+------------------+
	24 rows in set (0.01 sec)

	mysql>  select class, section, max(maths + science + english) as max_of_3_subject from student_marks group by class, section having max_of_3_subject > 250 order by class,section;
	+-------+---------+------------------+
	| class | section | max_of_3_subject |
	+-------+---------+------------------+
	| 10    | A       |              252 |
	| 11    | C       |              253 |
	| 12    | A       |              275 |
	| 2     | B       |              267 |
	| 2     | C       |              271 |
	| 4     | A       |              257 |
	| 5     | C       |              258 |
	| 7     | D       |              263 |
	| 8     | C       |              269 |
	| 9     | A       |              255 |
	| 9     | D       |              257 |
	+-------+---------+------------------+
	11 rows in set (0.00 sec)

	mysql>  select class, section, min(maths + science + english) as min_of_3_subject from student_marks group by class, section having min_of_3_subject < 100 order by class,section;
	+-------+---------+------------------+
	| class | section | min_of_3_subject |
	+-------+---------+------------------+
	| 1     | A       |               83 |
	| 1     | B       |               70 |
	| 1     | C       |               41 |
	| 10    | B       |               91 |
	| 10    | C       |               62 |
	| 11    | A       |               80 |
	| 11    | C       |               96 |
	| 12    | A       |               74 |
	| 12    | C       |               51 |
	| 12    | D       |               48 |
	| 2     | A       |               54 |
	| 2     | B       |               71 |
	| 2     | C       |               74 |
	| 2     | D       |               53 |
	| 3     | A       |               66 |
	| 3     | B       |               42 |
	| 3     | C       |               94 |
	| 3     | D       |               65 |
	| 4     | A       |               16 |
	| 4     | B       |               60 |
	| 4     | C       |               62 |
	| 5     | B       |               69 |
	| 5     | C       |               74 |
	| 5     | D       |               50 |
	| 6     | A       |               40 |
	| 6     | B       |               91 |
	| 6     | C       |               77 |
	| 6     | D       |               67 |
	| 7     | B       |               78 |
	| 7     | C       |               63 |
	| 7     | D       |               72 |
	| 8     | A       |               93 |
	| 8     | D       |               97 |
	| 9     | A       |               97 |
	| 9     | C       |               66 |
	+-------+---------+------------------+
	35 rows in set (0.00 sec)

	mysql>  select class, section, min(maths + science + english) as min_of_3_subject from student_marks group by class, section having min_of_3_subject > 100 order by class,section;
	+-------+---------+------------------+
	| class | section | min_of_3_subject |
	+-------+---------+------------------+
	| 1     | D       |              118 |
	| 10    | A       |              118 |
	| 10    | D       |              201 |
	| 11    | B       |              104 |
	| 11    | D       |              133 |
	| 12    | B       |              122 |
	| 4     | D       |              132 |
	| 5     | A       |              116 |
	| 7     | A       |              110 |
	| 8     | B       |              109 |
	| 8     | C       |              105 |
	| 9     | B       |              102 |
	| 9     | D       |              103 |
	+-------+---------+------------------+
	13 rows in set (0.00 sec)

	mysql>  select class, section, max(maths + science + english) as max_of_3_subject from student_marks group by class, section having max_of_3_subject < 150 order by class,section;
	+-------+---------+------------------+
	| class | section | max_of_3_subject |
	+-------+---------+------------------+
	| 1     | D       |              141 |
	| 10    | B       |              137 |
	| 10    | C       |              146 |
	+-------+---------+------------------+
	3 rows in set (0.00 sec)

	mysql>  select class, section, max(maths + science + english) as max_of_3_subject from student_marks where class in(1,2,3,4,5) group by class, section having max_of_3_subject < 150 order by class,section;
	+-------+---------+------------------+
	| class | section | max_of_3_subject |
	+-------+---------+------------------+
	| 1     | D       |              141 |
	+-------+---------+------------------+
	1 row in set (0.03 sec)

	mysql>  select class, section, max(maths + science + english) as max_of_3_subject from student_marks where class in(6,7,8,9,10) group by class, section having max_of_3_subject < 150 order by class,section
		->  select class, section, min(maths + science + english) as min_of_3_subject from student_marks where class in(6,7,8,9,10) group by class, section having min_of_3_subject > 100 order by class,section;
	ERROR 1064 (42000): You have an error in your SQL syntax; check the manual that corresponds to your MySQL server version for the right syntax to use near 'select class, section, min(maths + science + english) as min_of_3_subject from s' at line 2
	mysql>  select class, section, max(maths + science + english) as max_of_3_subject from student_marks where class in(6,7,8,9,10) group by class, section having max_of_3_subject < 150 order by class,section
		-> union
		->  select class, section, min(maths + science + english) as min_of_3_subject from student_marks where class in(6,7,8,9,10) group by class, section having min_of_3_subject > 100 order by class,section;
	ERROR 1064 (42000): You have an error in your SQL syntax; check the manual that corresponds to your MySQL server version for the right syntax to use near 'union
	 select class, section, min(maths + science + english) as min_of_3_subject' at line 2
	mysql>  select class, section, max(maths + science + english) as max_of_3_subject from student_marks where class in(6,7,8,9,10) group by class, section having max_of_3_subject < 150 order by class,section
		-> union
		->  select class, section, max(maths + science + english) as max_of_3_subject from student_marks where class in(11,12) group by class, section having max_of_3_subject < 150 order by class,section;
	ERROR 1064 (42000): You have an error in your SQL syntax; check the manual that corresponds to your MySQL server version for the right syntax to use near 'union
	 select class, section, max(maths + science + english) as max_of_3_subject' at line 2
	mysql>  select class, section, max(maths + science + english) as max_of_3_subject from student_marks where class in(11,12) group by class, section having max_of_3_subject < 150 order by class,section;
	Empty set (0.01 sec)

	mysql>  select class, section, max(maths + science + english) as max_of_3_subject from student_marks where class in(6,7,8,9,10) group by class, section having max_of_3_subject < 150 order by class,section;
	+-------+---------+------------------+
	| class | section | max_of_3_subject |
	+-------+---------+------------------+
	| 10    | B       |              137 |
	| 10    | C       |              146 |
	+-------+---------+------------------+
	2 rows in set (0.00 sec)

	mysql>  select class, section, max(maths + science + english) as max_of_3_subject from student_marks where class in(6,7,8,9,10) group by class, section having max_of_3_subject < 100 order by class,section;
	Empty set (0.00 sec)

	mysql>  select class, section, max(maths + science + english) as max_of_3_subject from student_marks where class in(6,7,8,9,10) group by class, section having max_of_3_subject > 100 order by class,section;
	+-------+---------+------------------+
	| class | section | max_of_3_subject |
	+-------+---------+------------------+
	| 10    | A       |              252 |
	| 10    | B       |              137 |
	| 10    | C       |              146 |
	| 10    | D       |              209 |
	| 6     | A       |              241 |
	| 6     | B       |              153 |
	| 6     | C       |              225 |
	| 6     | D       |              187 |
	| 7     | A       |              223 |
	| 7     | B       |              192 |
	| 7     | C       |              239 |
	| 7     | D       |              263 |
	| 8     | A       |              213 |
	| 8     | B       |              201 |
	| 8     | C       |              269 |
	| 8     | D       |              232 |
	| 9     | A       |              255 |
	| 9     | B       |              249 |
	| 9     | C       |              243 |
	| 9     | D       |              257 |
	+-------+---------+------------------+
	20 rows in set (0.00 sec)

	mysql> select class, section, max(maths + science + english) as max_of_3_subjects from student_marks where class <=6 group by class, section having max_of_3_subjects < 250 order by class, section;
	+-------+---------+-------------------+
	| class | section | max_of_3_subjects |
	+-------+---------+-------------------+
	| 1     | A       |               218 |
	| 1     | B       |               198 |
	| 1     | C       |               225 |
	| 1     | D       |               141 |
	| 2     | A       |               205 |
	| 2     | D       |               189 |
	| 3     | A       |               245 |
	| 3     | B       |               160 |
	| 3     | C       |               220 |
	| 3     | D       |               220 |
	| 4     | B       |               244 |
	| 4     | C       |               192 |
	| 4     | D       |               207 |
	| 5     | A       |               176 |
	| 5     | B       |               223 |
	| 5     | D       |               216 |
	| 6     | A       |               241 |
	| 6     | B       |               153 |
	| 6     | C       |               225 |
	| 6     | D       |               187 |
	+-------+---------+-------------------+
	20 rows in set (0.01 sec)
	 
	364 rows in set (0.00 sec)

	mysql> select count(*) from persons;
	+----------+
	| count(*) |
	+----------+
	|      364 |
	+----------+
	1 row in set (0.03 sec)

	mysql> SELECT COUNT(*) as count, class, section
		-> FROM student_marks
		-> GROUP BY class, section
		-> HAVING count > 10
		-> ORDER BY class, section;
	+-------+-------+---------+
	| count | class | section |
	+-------+-------+---------+
	|    11 | 1     | A       |
	|    14 | 11    | B       |
	|    13 | 12    | A       |
	|    16 | 4     | A       |
	|    11 | 5     | B       |
	|    13 | 7     | D       |
	|    14 | 8     | D       |
	+-------+-------+---------+
	7 rows in set (0.61 sec)

	mysql> SELECT AVG(maths + science + english) as avg, class, section FROM student_marks
		-> GROUP BY class, section
		-> HAVING AVG(maths + science + english) > 52
		-> ORDER BY Class, Section;
	+----------+-------+---------+
	| avg      | class | section |
	+----------+-------+---------+
	| 150.1818 | 1     | A       |
	| 114.5000 | 1     | B       |
	| 129.4000 | 1     | C       |
	| 127.4000 | 1     | D       |
	| 182.6667 | 10    | A       |
	| 114.4000 | 10    | B       |
	| 111.3333 | 10    | C       |
	| 205.0000 | 10    | D       |
	| 138.7778 | 11    | A       |
	| 143.1429 | 11    | B       |
	| 162.7778 | 11    | C       |
	| 182.4000 | 11    | D       |
	| 168.4615 | 12    | A       |
	| 185.7500 | 12    | B       |
	| 148.6000 | 12    | C       |
	| 140.0000 | 12    | D       |
	| 103.0000 | 2     | A       |
	| 136.4000 | 2     | B       |
	| 148.1250 | 2     | C       |
	| 107.5000 | 2     | D       |
	| 167.2500 | 3     | A       |
	| 101.6667 | 3     | B       |
	| 145.8333 | 3     | C       |
	| 162.0000 | 3     | D       |
	| 146.8750 | 4     | A       |
	| 128.2500 | 4     | B       |
	| 131.8571 | 4     | C       |
	| 173.0000 | 4     | D       |
	| 155.1667 | 5     | A       |
	| 140.2727 | 5     | B       |
	| 166.5000 | 5     | C       |
	| 139.8750 | 5     | D       |
	| 131.1429 | 6     | A       |
	| 115.3333 | 6     | B       |
	| 149.1429 | 6     | C       |
	| 125.8000 | 6     | D       |
	| 174.4286 | 7     | A       |
	| 140.3333 | 7     | B       |
	| 151.8333 | 7     | C       |
	| 156.0000 | 7     | D       |
	| 172.0000 | 8     | A       |
	| 156.5556 | 8     | B       |
	| 191.3333 | 8     | C       |
	| 167.0000 | 8     | D       |
	| 167.1429 | 9     | A       |
	| 162.8000 | 9     | B       |
	| 124.1429 | 9     | C       |
	| 157.5000 | 9     | D       |
	+----------+-------+---------+
	48 rows in set (0.04 sec)

	mysql> SELECT AVG(maths + science + english) as avg, class, section FROM student_marks
		-> GROUP BY class, section
		-> HAVING AVG(maths + science + english) > 52
		-> ORDER BY Class, Section;
	+----------+-------+---------+
	| avg      | class | section |
	+----------+-------+---------+
	| 150.1818 | 1     | A       |
	| 114.5000 | 1     | B       |
	| 129.4000 | 1     | C       |
	| 127.4000 | 1     | D       |
	| 182.6667 | 10    | A       |
	| 114.4000 | 10    | B       |
	| 111.3333 | 10    | C       |
	| 205.0000 | 10    | D       |
	| 138.7778 | 11    | A       |
	| 143.1429 | 11    | B       |
	| 162.7778 | 11    | C       |
	| 182.4000 | 11    | D       |
	| 168.4615 | 12    | A       |
	| 185.7500 | 12    | B       |
	| 148.6000 | 12    | C       |
	| 140.0000 | 12    | D       |
	| 103.0000 | 2     | A       |
	| 136.4000 | 2     | B       |
	| 148.1250 | 2     | C       |
	| 107.5000 | 2     | D       |
	| 167.2500 | 3     | A       |
	| 101.6667 | 3     | B       |
	| 145.8333 | 3     | C       |
	| 162.0000 | 3     | D       |
	| 146.8750 | 4     | A       |
	| 128.2500 | 4     | B       |
	| 131.8571 | 4     | C       |
	| 173.0000 | 4     | D       |
	| 155.1667 | 5     | A       |
	| 140.2727 | 5     | B       |
	| 166.5000 | 5     | C       |
	| 139.8750 | 5     | D       |
	| 131.1429 | 6     | A       |
	| 115.3333 | 6     | B       |
	| 149.1429 | 6     | C       |
	| 125.8000 | 6     | D       |
	| 174.4286 | 7     | A       |
	| 140.3333 | 7     | B       |
	| 151.8333 | 7     | C       |
	| 156.0000 | 7     | D       |
	| 172.0000 | 8     | A       |
	| 156.5556 | 8     | B       |
	| 191.3333 | 8     | C       |
	| 167.0000 | 8     | D       |
	| 167.1429 | 9     | A       |
	| 162.8000 | 9     | B       |
	| 124.1429 | 9     | C       |
	| 157.5000 | 9     | D       |
	+----------+-------+---------+
	48 rows in set (0.00 sec)

	mysql> SELECT AVG(maths + science + english) as avg, class, section FROM student_marks
		-> GROUP BY class, section
		-> HAVING AVG(maths + science + english) < 52
		-> ORDER BY Class, Section;
	Empty set (0.01 sec)

	mysql> SELECT AVG(maths + science + english) as avg, class, section FROM student_marks
		-> GROUP BY class, section
		-> HAVING AVG(maths + science + english) < 92
		-> ORDER BY Class, Section;
	Empty set (0.00 sec)

	mysql> SELECT COUNT(*) as count, class, section
		-> FROM student_marks
		-> GROUP BY class, section
		-> WHERE count > 30
		-> ORDER BY class, section;
	ERROR 1064 (42000): You have an error in your SQL syntax; check the manual that corresponds to your MySQL server version for the right syntax to use near 'WHERE count > 30
	ORDER BY class, section' at line 4
	mysql> SELECT COUNT(*) as count, class, section
		-> FROM student_marks
		-> GROUP BY class, section
		-> HAVING count > 10
		-> ORDER BY class, section;
	+-------+-------+---------+
	| count | class | section |
	+-------+-------+---------+
	|    11 | 1     | A       |
	|    14 | 11    | B       |
	|    13 | 12    | A       |
	|    16 | 4     | A       |
	|    11 | 5     | B       |
	|    13 | 7     | D       |
	|    14 | 8     | D       |
	+-------+-------+---------+
	7 rows in set (0.00 sec)

	mysql> SELECT SUM(maths + science + english) as avg, class, section FROM student_marks
		-> GROUP BY class, section
		-> ORDER BY Class, Section;
	+------+-------+---------+
	| avg  | class | section |
	+------+-------+---------+
	| 1652 | 1     | A       |
	|  687 | 1     | B       |
	|  647 | 1     | C       |
	|  637 | 1     | D       |
	| 1644 | 10    | A       |
	|  572 | 10    | B       |
	| 1002 | 10    | C       |
	|  410 | 10    | D       |
	| 1249 | 11    | A       |
	| 2004 | 11    | B       |
	| 1465 | 11    | C       |
	|  912 | 11    | D       |
	| 2190 | 12    | A       |
	|  743 | 12    | B       |
	|  743 | 12    | C       |
	|  980 | 12    | D       |
	|  618 | 2     | A       |
	| 1364 | 2     | B       |
	| 1185 | 2     | C       |
	|  430 | 2     | D       |
	| 1338 | 3     | A       |
	|  610 | 3     | B       |
	|  875 | 3     | C       |
	| 1296 | 3     | D       |
	| 2350 | 4     | A       |
	| 1026 | 4     | B       |
	|  923 | 4     | C       |
	|  692 | 4     | D       |
	|  931 | 5     | A       |
	| 1543 | 5     | B       |
	|  999 | 5     | C       |
	| 1119 | 5     | D       |
	|  918 | 6     | A       |
	|  346 | 6     | B       |
	| 1044 | 6     | C       |
	| 1258 | 6     | D       |
	| 1221 | 7     | A       |
	|  842 | 7     | B       |
	|  911 | 7     | C       |
	| 2028 | 7     | D       |
	| 1204 | 8     | A       |
	| 1409 | 8     | B       |
	|  574 | 8     | C       |
	| 2338 | 8     | D       |
	| 1170 | 9     | A       |
	| 1628 | 9     | B       |
	|  869 | 9     | C       |
	| 1260 | 9     | D       |
	+------+-------+---------+
	48 rows in set (0.01 sec)

	mysql> SELECT SUM(maths + science + english) as avg, class, section FROM student_marks
		-> GROUP BY class, section
		-> having avg > 1000
		-> order by class, section;
	+------+-------+---------+
	| avg  | class | section |
	+------+-------+---------+
	| 1652 | 1     | A       |
	| 1644 | 10    | A       |
	| 1002 | 10    | C       |
	| 1249 | 11    | A       |
	| 2004 | 11    | B       |
	| 1465 | 11    | C       |
	| 2190 | 12    | A       |
	| 1364 | 2     | B       |
	| 1185 | 2     | C       |
	| 1338 | 3     | A       |
	| 1296 | 3     | D       |
	| 2350 | 4     | A       |
	| 1026 | 4     | B       |
	| 1543 | 5     | B       |
	| 1119 | 5     | D       |
	| 1044 | 6     | C       |
	| 1258 | 6     | D       |
	| 1221 | 7     | A       |
	| 2028 | 7     | D       |
	| 1204 | 8     | A       |
	| 1409 | 8     | B       |
	| 2338 | 8     | D       |
	| 1170 | 9     | A       |
	| 1628 | 9     | B       |
	| 1260 | 9     | D       |
	+------+-------+---------+
	25 rows in set (0.00 sec)

	mysql> SELECT name, (maths+science+english)/3 as average from student_marks
		-> ORDER BY average desc;
	+-------------+---------+
	| name        | average |
	+-------------+---------+
	| Malia       | 91.6667 |
	| Gabriella   | 90.3333 |
	| Reign       | 89.6667 |
	| Phoenix     | 89.0000 |
	| Hannah      | 87.6667 |
	| Adriana     | 86.6667 |
	| Adrian      | 86.3333 |
	| Celeste     | 86.0000 |
	| David       | 85.6667 |
	| Remington   | 85.6667 |
	| Graham      | 85.0000 |
	| Santiago    | 84.3333 |
	| Octavia     | 84.0000 |
	| Nora        | 83.3333 |
	| Emilia      | 83.0000 |
	| Rory        | 81.6667 |
	| Myles       | 81.3333 |
	| Harrison    | 81.0000 |
	| Adelyn      | 80.3333 |
	| Emma        | 79.6667 |
	| Leia        | 78.6667 |
	| Bennett     | 78.3333 |
	| Calvin      | 77.3333 |
	| Olive       | 77.3333 |
	| Bryan       | 77.0000 |
	| Eva         | 75.0000 |
	| Tristan     | 75.0000 |
	| Omar        | 75.0000 |
	| Andre       | 75.0000 |
	| Ivy         | 74.3333 |
	| Amari       | 74.3333 |
	| Wade        | 74.3333 |
	| Colton      | 73.3333 |
	| Finley      | 73.3333 |
	| Arthur      | 73.0000 |
	| Austin      | 72.6667 |
	| Enzo        | 72.6667 |
	| Thiago      | 72.6667 |
	| Amiyah      | 72.0000 |
	| Beckett     | 71.6667 |
	| Blake       | 71.6667 |
	| Kaia        | 71.6667 |
	| Ace         | 71.3333 |
	| Alexander   | 71.0000 |
	| Elle        | 71.0000 |
	| Dawson      | 70.6667 |
	| Nyla        | 70.6667 |
	| Orion       | 70.3333 |
	| Rowan       | 69.6667 |
	| Kobe        | 69.6667 |
	| Jesus       | 69.3333 |
	| Daniela     | 69.0000 |
	| Daxton      | 69.0000 |
	| Parker      | 68.3333 |
	| Cayden      | 68.3333 |
	| Jameson     | 68.0000 |
	| Caroline    | 67.6667 |
	| Malachi     | 67.3333 |
	| Asher       | 67.0000 |
	| Skylar      | 67.0000 |
	| Axel        | 67.0000 |
	| Eric        | 67.0000 |
	| Maverick    | 66.6667 |
	| Paige       | 66.6667 |
	| Giselle     | 66.6667 |
	| Madelyn     | 66.3333 |
	| Victor      | 66.0000 |
	| Crew        | 66.0000 |
	| Ruby        | 65.6667 |
	| Jocelyn     | 65.6667 |
	| Elianna     | 65.6667 |
	| Levi        | 64.0000 |
	| Zion        | 64.0000 |
	| Adelaide    | 63.6667 |
	| Lucille     | 63.6667 |
	| Landon      | 63.3333 |
	| Xavier      | 63.3333 |
	| Carlos      | 63.3333 |
	| Millie      | 63.3333 |
	| Nolan       | 63.0000 |
	| Silas       | 63.0000 |
	| London      | 63.0000 |
	| Harlow      | 63.0000 |
	| Eden        | 62.6667 |
	| Esther      | 62.6667 |
	| Hope        | 62.6667 |
	| Weston      | 62.3333 |
	| Tyler       | 62.3333 |
	| Abraham     | 62.3333 |
	| Amina       | 62.3333 |
	| Maximiliano | 62.0000 |
	| Josephine   | 61.6667 |
	| Carson      | 61.6667 |
	| Vivienne    | 61.6667 |
	| Gunner      | 61.6667 |
	| Jonathan    | 61.3333 |
	| Brooke      | 61.3333 |
	| Avery       | 61.0000 |
	| Robert      | 60.6667 |
	| Anastasia   | 60.3333 |
	| Journee     | 60.3333 |
	| Colin       | 60.3333 |
	| Hayden      | 60.0000 |
	| Luna        | 59.6667 |
	| Julia       | 59.6667 |
	| Gia         | 59.6667 |
	| Ashton      | 59.3333 |
	| Reid        | 59.0000 |
	| Ryan        | 58.6667 |
	| Juliana     | 58.6667 |
	| Jayla       | 58.6667 |
	| Briella     | 58.6667 |
	| Ezequiel    | 58.6667 |
	| Maria       | 58.3333 |
	| Dakota      | 58.3333 |
	| Arya        | 58.0000 |
	| Remi        | 58.0000 |
	| Faith       | 58.0000 |
	| Willa       | 58.0000 |
	| Grant       | 57.6667 |
	| Richard     | 57.6667 |
	| Kayla       | 57.6667 |
	| Brooklyn    | 57.3333 |
	| Hazel       | 56.6667 |
	| Kyrie       | 56.6667 |
	| Kash        | 56.6667 |
	| Atticus     | 56.6667 |
	| Cooper      | 56.3333 |
	| Vivian      | 56.3333 |
	| Lincoln     | 56.0000 |
	| Victoria    | 55.3333 |
	| Emery       | 55.3333 |
	| Beau        | 55.3333 |
	| Melody      | 55.3333 |
	| Adalyn      | 55.3333 |
	| Vera        | 55.3333 |
	| Liam        | 55.0000 |
	| Dominic     | 55.0000 |
	| Cruz        | 55.0000 |
	| Makayla     | 55.0000 |
	| Zoe         | 54.6667 |
	| Alice       | 54.6667 |
	| Ellie       | 54.3333 |
	| Wyatt       | 54.3333 |
	| Everly      | 54.3333 |
	| Clara       | 54.3333 |
	| Vincent     | 53.6667 |
	| Connor      | 53.3333 |
	| Kairo       | 53.3333 |
	| Zander      | 53.3333 |
	| Cairo       | 53.3333 |
	| Ayden       | 53.0000 |
	| Bentley     | 53.0000 |
	| Hallie      | 53.0000 |
	| Bella       | 52.6667 |
	| Camila      | 52.3333 |
	| Abigail     | 52.3333 |
	| Stevie      | 52.3333 |
	| Henry       | 52.0000 |
	| Andrew      | 52.0000 |
	| Alayah      | 52.0000 |
	| Eli         | 51.6667 |
	| Niko        | 51.3333 |
	| Aaliyah     | 51.0000 |
	| Roman       | 51.0000 |
	| June        | 51.0000 |
	| Simon       | 51.0000 |
	| Dallas      | 51.0000 |
	| Anderson    | 51.0000 |
	| Melanie     | 50.6667 |
	| Lucia       | 50.6667 |
	| Jacob       | 50.3333 |
	| Edward      | 50.3333 |
	| Andres      | 50.3333 |
	| Elizabeth   | 50.0000 |
	| Theo        | 50.0000 |
	| Lukas       | 50.0000 |
	| Ian         | 49.6667 |
	| Elliott     | 49.6667 |
	| Rafael      | 49.6667 |
	| Saylor      | 49.6667 |
	| Timothy     | 49.3333 |
	| Oaklynn     | 49.3333 |
	| Kimberly    | 49.3333 |
	| Oscar       | 49.0000 |
	| Rachel      | 48.6667 |
	| Jeremy      | 48.6667 |
	| James       | 48.0000 |
	| Elena       | 47.6667 |
	| Jack        | 47.3333 |
	| Aurora      | 47.3333 |
	| Christian   | 47.0000 |
	| Nathaniel   | 47.0000 |
	| Max         | 47.0000 |
	| Preston     | 47.0000 |
	| Aziel       | 47.0000 |
	| Gracelyn    | 47.0000 |
	| Aiden       | 46.3333 |
	| Walker      | 46.0000 |
	| Archer      | 46.0000 |
	| Atlas       | 46.0000 |
	| Patrick     | 46.0000 |
	| Spencer     | 46.0000 |
	| William     | 45.6667 |
	| Lily        | 45.6667 |
	| Easton      | 45.6667 |
	| Emersyn     | 45.6667 |
	| Bailey      | 45.6667 |
	| Ada         | 45.6667 |
	| Morgan      | 45.3333 |
	| Lane        | 45.3333 |
	| Colson      | 45.3333 |
	| Nicholas    | 44.6667 |
	| Chance      | 44.6667 |
	| Reese       | 44.3333 |
	| Rhett       | 44.3333 |
	| Violet      | 44.0000 |
	| Finley      | 44.0000 |
	| Charlotte   | 43.6667 |
	| Jesse       | 43.6667 |
	| Brady       | 43.6667 |
	| Jake        | 43.6667 |
	| Ayla        | 43.3333 |
	| Aniyah      | 43.3333 |
	| Cohen       | 43.0000 |
	| Olivia      | 42.6667 |
	| Trinity     | 42.3333 |
	| Thea        | 42.3333 |
	| Harper      | 41.3333 |
	| Peter       | 41.3333 |
	| Zachary     | 41.0000 |
	| Elliot      | 41.0000 |
	| Gianna      | 40.6667 |
	| Aidan       | 40.6667 |
	| Amari       | 40.6667 |
	| Avianna     | 40.6667 |
	| Waylon      | 40.3333 |
	| Jason       | 40.3333 |
	| Madilyn     | 40.3333 |
	| Lillian     | 40.0000 |
	| Natalia     | 40.0000 |
	| Karter      | 39.6667 |
	| Eduardo     | 39.6667 |
	| Nathan      | 39.3333 |
	| Ivan        | 39.3333 |
	| Joanna      | 39.3333 |
	| Ali         | 39.3333 |
	| Isabel      | 39.0000 |
	| Kane        | 39.0000 |
	| Matteo      | 38.6667 |
	| Lilah       | 38.6667 |
	| Harley      | 38.6667 |
	| Rylan       | 38.6667 |
	| Lorenzo     | 38.3333 |
	| Zayden      | 38.3333 |
	| Everett     | 38.0000 |
	| Jonah       | 38.0000 |
	| Sofia       | 37.6667 |
	| Aaron       | 37.6667 |
	| Brayden     | 37.6667 |
	| Adriel      | 37.3333 |
	| Alejandro   | 37.3333 |
	| Riley       | 37.3333 |
	| George      | 37.0000 |
	| Ariyah      | 37.0000 |
	| Lydia       | 36.6667 |
	| Maxwell     | 36.6667 |
	| Madison     | 36.3333 |
	| Thomas      | 36.3333 |
	| Allson      | 36.3333 |
	| Alaia       | 36.3333 |
	| Luis        | 36.3333 |
	| Jayce       | 36.3333 |
	| Cameron     | 36.0000 |
	| Iris        | 36.0000 |
	| Charlie     | 36.0000 |
	| Nico        | 36.0000 |
	| Mya         | 36.0000 |
	| Khalil      | 36.0000 |
	| Paisley     | 35.6667 |
	| Naomi       | 35.6667 |
	| Angel       | 35.6667 |
	| Kai         | 35.6667 |
	| Alexandra   | 35.6667 |
	| Zane        | 35.3333 |
	| Odin        | 35.3333 |
	| Kalani      | 35.0000 |
	| Arielle     | 34.6667 |
	| Alina       | 34.3333 |
	| Delaney     | 34.3333 |
	| Brian       | 34.3333 |
	| Joel        | 34.0000 |
	| Brantley    | 34.0000 |
	| Jaxson      | 33.6667 |
	| Elijah      | 33.3333 |
	| Tatum       | 33.3333 |
	| Jax         | 33.0000 |
	| Stella      | 32.6667 |
	| Dylan       | 32.3333 |
	| Kyler       | 32.3333 |
	| Kaden       | 32.3333 |
	| Ember       | 32.0000 |
	| Elsie       | 32.0000 |
	| Maximus     | 32.0000 |
	| Benjamin    | 31.6667 |
	| Ariana      | 31.6667 |
	| Emily       | 31.3333 |
	| Juan        | 31.3333 |
	| Selena      | 31.3333 |
	| Jose        | 31.0000 |
	| Kaleb       | 31.0000 |
	| Noah        | 30.6667 |
	| Ryker       | 30.6667 |
	| Lucas       | 30.3333 |
	| Scarlett    | 30.3333 |
	| Lia         | 30.3333 |
	| Braxton     | 30.0000 |
	| Walter      | 30.0000 |
	| Otto        | 29.0000 |
	| Sara        | 28.6667 |
	| Brooks      | 28.3333 |
	| Ruth        | 28.0000 |
	| Kali        | 28.0000 |
	| Adelynn     | 27.6667 |
	| Eleanor     | 27.3333 |
	| Kaiden      | 26.6667 |
	| Dean        | 26.6667 |
	| Aubree      | 26.6667 |
	| Isaiah      | 26.3333 |
	| Phoebe      | 26.0000 |
	| Gracie      | 25.6667 |
	| Avery       | 25.0000 |
	| Aria        | 24.6667 |
	| Theodore    | 24.6667 |
	| Adeline     | 24.6667 |
	| Ximena      | 24.3333 |
	| Prince      | 24.3333 |
	| Joshua      | 24.0000 |
	| Legend      | 24.0000 |
	| Francisco   | 24.0000 |
	| Annie       | 23.6667 |
	| Jett        | 23.3333 |
	| River       | 23.0000 |
	| Quinn       | 22.3333 |
	| Adonis      | 22.0000 |
	| Kenneth     | 22.0000 |
	| Ophelia     | 21.6667 |
	| Amy         | 21.0000 |
	| Jude        | 20.6667 |
	| Myla        | 20.6667 |
	| Joseph      | 20.0000 |
	| Oliver      | 19.6667 |
	| Arabella    | 18.0000 |
	| Presley     | 17.6667 |
	| Raymond     | 17.6667 |
	| Phoenix     | 17.0000 |
	| Ella        | 16.6667 |
	| Maggie      | 16.6667 |
	| Cole        | 16.0000 |
	| Valeria     | 14.0000 |
	| Cristian    | 13.6667 |
	| Elaina      | 13.3333 |
	| Nina        | 13.0000 |
	| Matias      |  5.3333 |
	+-------------+---------+
	364 rows in set (0.02 sec)

	mysql> SELECT name, (maths+science+english)/3 as average from student_marks
		-> ORDER BY average;
	+-------------+---------+
	| name        | average |
	+-------------+---------+
	| Matias      |  5.3333 |
	| Nina        | 13.0000 |
	| Elaina      | 13.3333 |
	| Cristian    | 13.6667 |
	| Valeria     | 14.0000 |
	| Cole        | 16.0000 |
	| Ella        | 16.6667 |
	| Maggie      | 16.6667 |
	| Phoenix     | 17.0000 |
	| Presley     | 17.6667 |
	| Raymond     | 17.6667 |
	| Arabella    | 18.0000 |
	| Oliver      | 19.6667 |
	| Joseph      | 20.0000 |
	| Jude        | 20.6667 |
	| Myla        | 20.6667 |
	| Amy         | 21.0000 |
	| Ophelia     | 21.6667 |
	| Adonis      | 22.0000 |
	| Kenneth     | 22.0000 |
	| Quinn       | 22.3333 |
	| River       | 23.0000 |
	| Jett        | 23.3333 |
	| Annie       | 23.6667 |
	| Joshua      | 24.0000 |
	| Legend      | 24.0000 |
	| Francisco   | 24.0000 |
	| Ximena      | 24.3333 |
	| Prince      | 24.3333 |
	| Aria        | 24.6667 |
	| Theodore    | 24.6667 |
	| Adeline     | 24.6667 |
	| Avery       | 25.0000 |
	| Gracie      | 25.6667 |
	| Phoebe      | 26.0000 |
	| Isaiah      | 26.3333 |
	| Kaiden      | 26.6667 |
	| Dean        | 26.6667 |
	| Aubree      | 26.6667 |
	| Eleanor     | 27.3333 |
	| Adelynn     | 27.6667 |
	| Ruth        | 28.0000 |
	| Kali        | 28.0000 |
	| Brooks      | 28.3333 |
	| Sara        | 28.6667 |
	| Otto        | 29.0000 |
	| Braxton     | 30.0000 |
	| Walter      | 30.0000 |
	| Lucas       | 30.3333 |
	| Scarlett    | 30.3333 |
	| Lia         | 30.3333 |
	| Noah        | 30.6667 |
	| Ryker       | 30.6667 |
	| Jose        | 31.0000 |
	| Kaleb       | 31.0000 |
	| Emily       | 31.3333 |
	| Juan        | 31.3333 |
	| Selena      | 31.3333 |
	| Benjamin    | 31.6667 |
	| Ariana      | 31.6667 |
	| Ember       | 32.0000 |
	| Elsie       | 32.0000 |
	| Maximus     | 32.0000 |
	| Dylan       | 32.3333 |
	| Kyler       | 32.3333 |
	| Kaden       | 32.3333 |
	| Stella      | 32.6667 |
	| Jax         | 33.0000 |
	| Elijah      | 33.3333 |
	| Tatum       | 33.3333 |
	| Jaxson      | 33.6667 |
	| Joel        | 34.0000 |
	| Brantley    | 34.0000 |
	| Alina       | 34.3333 |
	| Delaney     | 34.3333 |
	| Brian       | 34.3333 |
	| Arielle     | 34.6667 |
	| Kalani      | 35.0000 |
	| Zane        | 35.3333 |
	| Odin        | 35.3333 |
	| Paisley     | 35.6667 |
	| Naomi       | 35.6667 |
	| Angel       | 35.6667 |
	| Kai         | 35.6667 |
	| Alexandra   | 35.6667 |
	| Cameron     | 36.0000 |
	| Iris        | 36.0000 |
	| Charlie     | 36.0000 |
	| Nico        | 36.0000 |
	| Mya         | 36.0000 |
	| Khalil      | 36.0000 |
	| Madison     | 36.3333 |
	| Thomas      | 36.3333 |
	| Allson      | 36.3333 |
	| Alaia       | 36.3333 |
	| Luis        | 36.3333 |
	| Jayce       | 36.3333 |
	| Lydia       | 36.6667 |
	| Maxwell     | 36.6667 |
	| George      | 37.0000 |
	| Ariyah      | 37.0000 |
	| Adriel      | 37.3333 |
	| Alejandro   | 37.3333 |
	| Riley       | 37.3333 |
	| Sofia       | 37.6667 |
	| Aaron       | 37.6667 |
	| Brayden     | 37.6667 |
	| Everett     | 38.0000 |
	| Jonah       | 38.0000 |
	| Lorenzo     | 38.3333 |
	| Zayden      | 38.3333 |
	| Matteo      | 38.6667 |
	| Lilah       | 38.6667 |
	| Harley      | 38.6667 |
	| Rylan       | 38.6667 |
	| Isabel      | 39.0000 |
	| Kane        | 39.0000 |
	| Nathan      | 39.3333 |
	| Ivan        | 39.3333 |
	| Joanna      | 39.3333 |
	| Ali         | 39.3333 |
	| Karter      | 39.6667 |
	| Eduardo     | 39.6667 |
	| Lillian     | 40.0000 |
	| Natalia     | 40.0000 |
	| Waylon      | 40.3333 |
	| Jason       | 40.3333 |
	| Madilyn     | 40.3333 |
	| Gianna      | 40.6667 |
	| Aidan       | 40.6667 |
	| Amari       | 40.6667 |
	| Avianna     | 40.6667 |
	| Zachary     | 41.0000 |
	| Elliot      | 41.0000 |
	| Harper      | 41.3333 |
	| Peter       | 41.3333 |
	| Trinity     | 42.3333 |
	| Thea        | 42.3333 |
	| Olivia      | 42.6667 |
	| Cohen       | 43.0000 |
	| Ayla        | 43.3333 |
	| Aniyah      | 43.3333 |
	| Charlotte   | 43.6667 |
	| Jesse       | 43.6667 |
	| Brady       | 43.6667 |
	| Jake        | 43.6667 |
	| Violet      | 44.0000 |
	| Finley      | 44.0000 |
	| Reese       | 44.3333 |
	| Rhett       | 44.3333 |
	| Nicholas    | 44.6667 |
	| Chance      | 44.6667 |
	| Morgan      | 45.3333 |
	| Lane        | 45.3333 |
	| Colson      | 45.3333 |
	| William     | 45.6667 |
	| Lily        | 45.6667 |
	| Easton      | 45.6667 |
	| Emersyn     | 45.6667 |
	| Bailey      | 45.6667 |
	| Ada         | 45.6667 |
	| Walker      | 46.0000 |
	| Archer      | 46.0000 |
	| Atlas       | 46.0000 |
	| Patrick     | 46.0000 |
	| Spencer     | 46.0000 |
	| Aiden       | 46.3333 |
	| Christian   | 47.0000 |
	| Nathaniel   | 47.0000 |
	| Max         | 47.0000 |
	| Preston     | 47.0000 |
	| Aziel       | 47.0000 |
	| Gracelyn    | 47.0000 |
	| Jack        | 47.3333 |
	| Aurora      | 47.3333 |
	| Elena       | 47.6667 |
	| James       | 48.0000 |
	| Rachel      | 48.6667 |
	| Jeremy      | 48.6667 |
	| Oscar       | 49.0000 |
	| Timothy     | 49.3333 |
	| Oaklynn     | 49.3333 |
	| Kimberly    | 49.3333 |
	| Ian         | 49.6667 |
	| Elliott     | 49.6667 |
	| Rafael      | 49.6667 |
	| Saylor      | 49.6667 |
	| Elizabeth   | 50.0000 |
	| Theo        | 50.0000 |
	| Lukas       | 50.0000 |
	| Jacob       | 50.3333 |
	| Edward      | 50.3333 |
	| Andres      | 50.3333 |
	| Melanie     | 50.6667 |
	| Lucia       | 50.6667 |
	| Aaliyah     | 51.0000 |
	| Roman       | 51.0000 |
	| June        | 51.0000 |
	| Simon       | 51.0000 |
	| Dallas      | 51.0000 |
	| Anderson    | 51.0000 |
	| Niko        | 51.3333 |
	| Eli         | 51.6667 |
	| Henry       | 52.0000 |
	| Andrew      | 52.0000 |
	| Alayah      | 52.0000 |
	| Camila      | 52.3333 |
	| Abigail     | 52.3333 |
	| Stevie      | 52.3333 |
	| Bella       | 52.6667 |
	| Ayden       | 53.0000 |
	| Bentley     | 53.0000 |
	| Hallie      | 53.0000 |
	| Connor      | 53.3333 |
	| Kairo       | 53.3333 |
	| Zander      | 53.3333 |
	| Cairo       | 53.3333 |
	| Vincent     | 53.6667 |
	| Ellie       | 54.3333 |
	| Wyatt       | 54.3333 |
	| Everly      | 54.3333 |
	| Clara       | 54.3333 |
	| Zoe         | 54.6667 |
	| Alice       | 54.6667 |
	| Liam        | 55.0000 |
	| Dominic     | 55.0000 |
	| Cruz        | 55.0000 |
	| Makayla     | 55.0000 |
	| Victoria    | 55.3333 |
	| Emery       | 55.3333 |
	| Beau        | 55.3333 |
	| Melody      | 55.3333 |
	| Adalyn      | 55.3333 |
	| Vera        | 55.3333 |
	| Lincoln     | 56.0000 |
	| Cooper      | 56.3333 |
	| Vivian      | 56.3333 |
	| Hazel       | 56.6667 |
	| Kyrie       | 56.6667 |
	| Kash        | 56.6667 |
	| Atticus     | 56.6667 |
	| Brooklyn    | 57.3333 |
	| Grant       | 57.6667 |
	| Richard     | 57.6667 |
	| Kayla       | 57.6667 |
	| Arya        | 58.0000 |
	| Remi        | 58.0000 |
	| Faith       | 58.0000 |
	| Willa       | 58.0000 |
	| Maria       | 58.3333 |
	| Dakota      | 58.3333 |
	| Ryan        | 58.6667 |
	| Juliana     | 58.6667 |
	| Jayla       | 58.6667 |
	| Briella     | 58.6667 |
	| Ezequiel    | 58.6667 |
	| Reid        | 59.0000 |
	| Ashton      | 59.3333 |
	| Luna        | 59.6667 |
	| Julia       | 59.6667 |
	| Gia         | 59.6667 |
	| Hayden      | 60.0000 |
	| Anastasia   | 60.3333 |
	| Journee     | 60.3333 |
	| Colin       | 60.3333 |
	| Robert      | 60.6667 |
	| Avery       | 61.0000 |
	| Jonathan    | 61.3333 |
	| Brooke      | 61.3333 |
	| Josephine   | 61.6667 |
	| Carson      | 61.6667 |
	| Vivienne    | 61.6667 |
	| Gunner      | 61.6667 |
	| Maximiliano | 62.0000 |
	| Weston      | 62.3333 |
	| Tyler       | 62.3333 |
	| Abraham     | 62.3333 |
	| Amina       | 62.3333 |
	| Eden        | 62.6667 |
	| Esther      | 62.6667 |
	| Hope        | 62.6667 |
	| Nolan       | 63.0000 |
	| Silas       | 63.0000 |
	| London      | 63.0000 |
	| Harlow      | 63.0000 |
	| Landon      | 63.3333 |
	| Xavier      | 63.3333 |
	| Carlos      | 63.3333 |
	| Millie      | 63.3333 |
	| Adelaide    | 63.6667 |
	| Lucille     | 63.6667 |
	| Levi        | 64.0000 |
	| Zion        | 64.0000 |
	| Ruby        | 65.6667 |
	| Jocelyn     | 65.6667 |
	| Elianna     | 65.6667 |
	| Victor      | 66.0000 |
	| Crew        | 66.0000 |
	| Madelyn     | 66.3333 |
	| Maverick    | 66.6667 |
	| Paige       | 66.6667 |
	| Giselle     | 66.6667 |
	| Asher       | 67.0000 |
	| Skylar      | 67.0000 |
	| Axel        | 67.0000 |
	| Eric        | 67.0000 |
	| Malachi     | 67.3333 |
	| Caroline    | 67.6667 |
	| Jameson     | 68.0000 |
	| Parker      | 68.3333 |
	| Cayden      | 68.3333 |
	| Daniela     | 69.0000 |
	| Daxton      | 69.0000 |
	| Jesus       | 69.3333 |
	| Rowan       | 69.6667 |
	| Kobe        | 69.6667 |
	| Orion       | 70.3333 |
	| Dawson      | 70.6667 |
	| Nyla        | 70.6667 |
	| Alexander   | 71.0000 |
	| Elle        | 71.0000 |
	| Ace         | 71.3333 |
	| Beckett     | 71.6667 |
	| Blake       | 71.6667 |
	| Kaia        | 71.6667 |
	| Amiyah      | 72.0000 |
	| Austin      | 72.6667 |
	| Enzo        | 72.6667 |
	| Thiago      | 72.6667 |
	| Arthur      | 73.0000 |
	| Colton      | 73.3333 |
	| Finley      | 73.3333 |
	| Ivy         | 74.3333 |
	| Amari       | 74.3333 |
	| Wade        | 74.3333 |
	| Eva         | 75.0000 |
	| Tristan     | 75.0000 |
	| Omar        | 75.0000 |
	| Andre       | 75.0000 |
	| Bryan       | 77.0000 |
	| Calvin      | 77.3333 |
	| Olive       | 77.3333 |
	| Bennett     | 78.3333 |
	| Leia        | 78.6667 |
	| Emma        | 79.6667 |
	| Adelyn      | 80.3333 |
	| Harrison    | 81.0000 |
	| Myles       | 81.3333 |
	| Rory        | 81.6667 |
	| Emilia      | 83.0000 |
	| Nora        | 83.3333 |
	| Octavia     | 84.0000 |
	| Santiago    | 84.3333 |
	| Graham      | 85.0000 |
	| David       | 85.6667 |
	| Remington   | 85.6667 |
	| Celeste     | 86.0000 |
	| Adrian      | 86.3333 |
	| Adriana     | 86.6667 |
	| Hannah      | 87.6667 |
	| Phoenix     | 89.0000 |
	| Reign       | 89.6667 |
	| Gabriella   | 90.3333 |
	| Malia       | 91.6667 |
	+-------------+---------+
	364 rows in set (0.00 sec)

	mysql> SELECT name, AVG(maths+science+english) as average from student_marks
		-> ORDER BY average;
	ERROR 1140 (42000): In aggregated query without GROUP BY, expression #1 of SELECT list contains nonaggregated column 'revision_practice.student_marks.name'; this is incompatible with sql_mode=only_full_group_by
	mysql>
	mysql> SELECT name, (maths+science+english)/3 as average from student_marks
		-> group by class
		-> ORDER BY average;
	ERROR 1055 (42000): Expression #1 of SELECT list is not in GROUP BY clause and contains nonaggregated column 'revision_practice.student_marks.name' which is not functionally dependent on columns in GROUP BY clause; this is incompatible with sql_mode=only_full_group_by
	mysql> SELECT name, AVG(maths+science+english) as average from student_marks
		-> group by class
		-> ORDER BY average;
	ERROR 1055 (42000): Expression #1 of SELECT list is not in GROUP BY clause and contains nonaggregated column 'revision_practice.student_marks.name' which is not functionally dependent on columns in GROUP BY clause; this is incompatible with sql_mode=only_full_group_by
	mysql> SELECT name,class, AVG(maths+science+english) as average from student_marks
		-> group by class
		-> ORDER BY average;
	ERROR 1055 (42000): Expression #1 of SELECT list is not in GROUP BY clause and contains nonaggregated column 'revision_practice.student_marks.name' which is not functionally dependent on columns in GROUP BY clause; this is incompatible with sql_mode=only_full_group_by
	mysql> SELECT name, AVG(maths+science+english) as average from student_marks
		-> group by name
		-> ORDER BY average;
	+-------------+----------+
	| name        | average  |
	+-------------+----------+
	| Matias      |  16.0000 |
	| Nina        |  39.0000 |
	| Elaina      |  40.0000 |
	| Cristian    |  41.0000 |
	| Valeria     |  42.0000 |
	| Cole        |  48.0000 |
	| Ella        |  50.0000 |
	| Maggie      |  50.0000 |
	| Presley     |  53.0000 |
	| Raymond     |  53.0000 |
	| Arabella    |  54.0000 |
	| Oliver      |  59.0000 |
	| Joseph      |  60.0000 |
	| Jude        |  62.0000 |
	| Myla        |  62.0000 |
	| Amy         |  63.0000 |
	| Ophelia     |  65.0000 |
	| Adonis      |  66.0000 |
	| Kenneth     |  66.0000 |
	| Quinn       |  67.0000 |
	| River       |  69.0000 |
	| Jett        |  70.0000 |
	| Annie       |  71.0000 |
	| Joshua      |  72.0000 |
	| Legend      |  72.0000 |
	| Francisco   |  72.0000 |
	| Ximena      |  73.0000 |
	| Prince      |  73.0000 |
	| Aria        |  74.0000 |
	| Theodore    |  74.0000 |
	| Adeline     |  74.0000 |
	| Gracie      |  77.0000 |
	| Phoebe      |  78.0000 |
	| Isaiah      |  79.0000 |
	| Kaiden      |  80.0000 |
	| Dean        |  80.0000 |
	| Aubree      |  80.0000 |
	| Eleanor     |  82.0000 |
	| Adelynn     |  83.0000 |
	| Ruth        |  84.0000 |
	| Kali        |  84.0000 |
	| Brooks      |  85.0000 |
	| Sara        |  86.0000 |
	| Otto        |  87.0000 |
	| Braxton     |  90.0000 |
	| Walter      |  90.0000 |
	| Lucas       |  91.0000 |
	| Scarlett    |  91.0000 |
	| Lia         |  91.0000 |
	| Noah        |  92.0000 |
	| Ryker       |  92.0000 |
	| Jose        |  93.0000 |
	| Kaleb       |  93.0000 |
	| Emily       |  94.0000 |
	| Juan        |  94.0000 |
	| Selena      |  94.0000 |
	| Benjamin    |  95.0000 |
	| Ariana      |  95.0000 |
	| Ember       |  96.0000 |
	| Elsie       |  96.0000 |
	| Maximus     |  96.0000 |
	| Dylan       |  97.0000 |
	| Kyler       |  97.0000 |
	| Kaden       |  97.0000 |
	| Stella      |  98.0000 |
	| Jax         |  99.0000 |
	| Elijah      | 100.0000 |
	| Tatum       | 100.0000 |
	| Jaxson      | 101.0000 |
	| Joel        | 102.0000 |
	| Brantley    | 102.0000 |
	| Alina       | 103.0000 |
	| Delaney     | 103.0000 |
	| Brian       | 103.0000 |
	| Arielle     | 104.0000 |
	| Kalani      | 105.0000 |
	| Zane        | 106.0000 |
	| Odin        | 106.0000 |
	| Paisley     | 107.0000 |
	| Naomi       | 107.0000 |
	| Angel       | 107.0000 |
	| Kai         | 107.0000 |
	| Alexandra   | 107.0000 |
	| Cameron     | 108.0000 |
	| Iris        | 108.0000 |
	| Charlie     | 108.0000 |
	| Nico        | 108.0000 |
	| Mya         | 108.0000 |
	| Khalil      | 108.0000 |
	| Madison     | 109.0000 |
	| Thomas      | 109.0000 |
	| Allson      | 109.0000 |
	| Alaia       | 109.0000 |
	| Luis        | 109.0000 |
	| Jayce       | 109.0000 |
	| Lydia       | 110.0000 |
	| Maxwell     | 110.0000 |
	| George      | 111.0000 |
	| Ariyah      | 111.0000 |
	| Adriel      | 112.0000 |
	| Alejandro   | 112.0000 |
	| Riley       | 112.0000 |
	| Sofia       | 113.0000 |
	| Aaron       | 113.0000 |
	| Brayden     | 113.0000 |
	| Everett     | 114.0000 |
	| Jonah       | 114.0000 |
	| Lorenzo     | 115.0000 |
	| Zayden      | 115.0000 |
	| Matteo      | 116.0000 |
	| Lilah       | 116.0000 |
	| Harley      | 116.0000 |
	| Rylan       | 116.0000 |
	| Isabel      | 117.0000 |
	| Kane        | 117.0000 |
	| Nathan      | 118.0000 |
	| Ivan        | 118.0000 |
	| Joanna      | 118.0000 |
	| Ali         | 118.0000 |
	| Karter      | 119.0000 |
	| Eduardo     | 119.0000 |
	| Lillian     | 120.0000 |
	| Natalia     | 120.0000 |
	| Waylon      | 121.0000 |
	| Jason       | 121.0000 |
	| Madilyn     | 121.0000 |
	| Gianna      | 122.0000 |
	| Aidan       | 122.0000 |
	| Avianna     | 122.0000 |
	| Zachary     | 123.0000 |
	| Elliot      | 123.0000 |
	| Harper      | 124.0000 |
	| Peter       | 124.0000 |
	| Trinity     | 127.0000 |
	| Thea        | 127.0000 |
	| Olivia      | 128.0000 |
	| Avery       | 129.0000 |
	| Cohen       | 129.0000 |
	| Ayla        | 130.0000 |
	| Aniyah      | 130.0000 |
	| Charlotte   | 131.0000 |
	| Jesse       | 131.0000 |
	| Brady       | 131.0000 |
	| Jake        | 131.0000 |
	| Violet      | 132.0000 |
	| Reese       | 133.0000 |
	| Rhett       | 133.0000 |
	| Nicholas    | 134.0000 |
	| Chance      | 134.0000 |
	| Morgan      | 136.0000 |
	| Lane        | 136.0000 |
	| Colson      | 136.0000 |
	| William     | 137.0000 |
	| Lily        | 137.0000 |
	| Easton      | 137.0000 |
	| Emersyn     | 137.0000 |
	| Bailey      | 137.0000 |
	| Ada         | 137.0000 |
	| Walker      | 138.0000 |
	| Archer      | 138.0000 |
	| Atlas       | 138.0000 |
	| Patrick     | 138.0000 |
	| Spencer     | 138.0000 |
	| Aiden       | 139.0000 |
	| Christian   | 141.0000 |
	| Nathaniel   | 141.0000 |
	| Max         | 141.0000 |
	| Preston     | 141.0000 |
	| Aziel       | 141.0000 |
	| Gracelyn    | 141.0000 |
	| Jack        | 142.0000 |
	| Aurora      | 142.0000 |
	| Elena       | 143.0000 |
	| James       | 144.0000 |
	| Rachel      | 146.0000 |
	| Jeremy      | 146.0000 |
	| Oscar       | 147.0000 |
	| Timothy     | 148.0000 |
	| Oaklynn     | 148.0000 |
	| Kimberly    | 148.0000 |
	| Ian         | 149.0000 |
	| Elliott     | 149.0000 |
	| Rafael      | 149.0000 |
	| Saylor      | 149.0000 |
	| Elizabeth   | 150.0000 |
	| Theo        | 150.0000 |
	| Lukas       | 150.0000 |
	| Jacob       | 151.0000 |
	| Edward      | 151.0000 |
	| Andres      | 151.0000 |
	| Melanie     | 152.0000 |
	| Lucia       | 152.0000 |
	| Aaliyah     | 153.0000 |
	| Roman       | 153.0000 |
	| June        | 153.0000 |
	| Simon       | 153.0000 |
	| Dallas      | 153.0000 |
	| Anderson    | 153.0000 |
	| Niko        | 154.0000 |
	| Eli         | 155.0000 |
	| Henry       | 156.0000 |
	| Andrew      | 156.0000 |
	| Alayah      | 156.0000 |
	| Camila      | 157.0000 |
	| Abigail     | 157.0000 |
	| Stevie      | 157.0000 |
	| Bella       | 158.0000 |
	| Ayden       | 159.0000 |
	| Bentley     | 159.0000 |
	| Phoenix     | 159.0000 |
	| Hallie      | 159.0000 |
	| Connor      | 160.0000 |
	| Kairo       | 160.0000 |
	| Zander      | 160.0000 |
	| Cairo       | 160.0000 |
	| Vincent     | 161.0000 |
	| Ellie       | 163.0000 |
	| Wyatt       | 163.0000 |
	| Everly      | 163.0000 |
	| Clara       | 163.0000 |
	| Zoe         | 164.0000 |
	| Alice       | 164.0000 |
	| Liam        | 165.0000 |
	| Dominic     | 165.0000 |
	| Cruz        | 165.0000 |
	| Makayla     | 165.0000 |
	| Victoria    | 166.0000 |
	| Emery       | 166.0000 |
	| Beau        | 166.0000 |
	| Melody      | 166.0000 |
	| Adalyn      | 166.0000 |
	| Vera        | 166.0000 |
	| Lincoln     | 168.0000 |
	| Cooper      | 169.0000 |
	| Vivian      | 169.0000 |
	| Hazel       | 170.0000 |
	| Kyrie       | 170.0000 |
	| Kash        | 170.0000 |
	| Atticus     | 170.0000 |
	| Brooklyn    | 172.0000 |
	| Amari       | 172.5000 |
	| Grant       | 173.0000 |
	| Richard     | 173.0000 |
	| Kayla       | 173.0000 |
	| Arya        | 174.0000 |
	| Remi        | 174.0000 |
	| Faith       | 174.0000 |
	| Willa       | 174.0000 |
	| Maria       | 175.0000 |
	| Dakota      | 175.0000 |
	| Ryan        | 176.0000 |
	| Juliana     | 176.0000 |
	| Finley      | 176.0000 |
	| Jayla       | 176.0000 |
	| Briella     | 176.0000 |
	| Ezequiel    | 176.0000 |
	| Reid        | 177.0000 |
	| Ashton      | 178.0000 |
	| Luna        | 179.0000 |
	| Julia       | 179.0000 |
	| Gia         | 179.0000 |
	| Hayden      | 180.0000 |
	| Anastasia   | 181.0000 |
	| Journee     | 181.0000 |
	| Colin       | 181.0000 |
	| Robert      | 182.0000 |
	| Jonathan    | 184.0000 |
	| Brooke      | 184.0000 |
	| Josephine   | 185.0000 |
	| Carson      | 185.0000 |
	| Vivienne    | 185.0000 |
	| Gunner      | 185.0000 |
	| Maximiliano | 186.0000 |
	| Weston      | 187.0000 |
	| Tyler       | 187.0000 |
	| Abraham     | 187.0000 |
	| Amina       | 187.0000 |
	| Eden        | 188.0000 |
	| Esther      | 188.0000 |
	| Hope        | 188.0000 |
	| Nolan       | 189.0000 |
	| Silas       | 189.0000 |
	| London      | 189.0000 |
	| Harlow      | 189.0000 |
	| Landon      | 190.0000 |
	| Xavier      | 190.0000 |
	| Carlos      | 190.0000 |
	| Millie      | 190.0000 |
	| Adelaide    | 191.0000 |
	| Lucille     | 191.0000 |
	| Levi        | 192.0000 |
	| Zion        | 192.0000 |
	| Ruby        | 197.0000 |
	| Jocelyn     | 197.0000 |
	| Elianna     | 197.0000 |
	| Victor      | 198.0000 |
	| Crew        | 198.0000 |
	| Madelyn     | 199.0000 |
	| Maverick    | 200.0000 |
	| Paige       | 200.0000 |
	| Giselle     | 200.0000 |
	| Asher       | 201.0000 |
	| Skylar      | 201.0000 |
	| Axel        | 201.0000 |
	| Eric        | 201.0000 |
	| Malachi     | 202.0000 |
	| Caroline    | 203.0000 |
	| Jameson     | 204.0000 |
	| Parker      | 205.0000 |
	| Cayden      | 205.0000 |
	| Daniela     | 207.0000 |
	| Daxton      | 207.0000 |
	| Jesus       | 208.0000 |
	| Rowan       | 209.0000 |
	| Kobe        | 209.0000 |
	| Orion       | 211.0000 |
	| Dawson      | 212.0000 |
	| Nyla        | 212.0000 |
	| Alexander   | 213.0000 |
	| Elle        | 213.0000 |
	| Ace         | 214.0000 |
	| Beckett     | 215.0000 |
	| Blake       | 215.0000 |
	| Kaia        | 215.0000 |
	| Amiyah      | 216.0000 |
	| Austin      | 218.0000 |
	| Enzo        | 218.0000 |
	| Thiago      | 218.0000 |
	| Arthur      | 219.0000 |
	| Colton      | 220.0000 |
	| Ivy         | 223.0000 |
	| Wade        | 223.0000 |
	| Eva         | 225.0000 |
	| Tristan     | 225.0000 |
	| Omar        | 225.0000 |
	| Andre       | 225.0000 |
	| Bryan       | 231.0000 |
	| Calvin      | 232.0000 |
	| Olive       | 232.0000 |
	| Bennett     | 235.0000 |
	| Leia        | 236.0000 |
	| Emma        | 239.0000 |
	| Adelyn      | 241.0000 |
	| Harrison    | 243.0000 |
	| Myles       | 244.0000 |
	| Rory        | 245.0000 |
	| Emilia      | 249.0000 |
	| Nora        | 250.0000 |
	| Octavia     | 252.0000 |
	| Santiago    | 253.0000 |
	| Graham      | 255.0000 |
	| David       | 257.0000 |
	| Remington   | 257.0000 |
	| Celeste     | 258.0000 |
	| Adrian      | 259.0000 |
	| Adriana     | 260.0000 |
	| Hannah      | 263.0000 |
	| Reign       | 269.0000 |
	| Gabriella   | 271.0000 |
	| Malia       | 275.0000 |
	+-------------+----------+
	360 rows in set (0.01 sec)

	mysql> SELECT MIN(science) as min_science, class, section
		-> FROM student_marks
		-> GROUP BY class, section
		-> ORDER BY Class, Section;
	+-------------+-------+---------+
	| min_science | class | section |
	+-------------+-------+---------+
	|          20 | 1     | A       |
	|          14 | 1     | B       |
	|          13 | 1     | C       |
	|          42 | 1     | D       |
	|           6 | 10    | A       |
	|           8 | 10    | B       |
	|          11 | 10    | C       |
	|          91 | 10    | D       |
	|           8 | 11    | A       |
	|           6 | 11    | B       |
	|          10 | 11    | C       |
	|          38 | 11    | D       |
	|           0 | 12    | A       |
	|           0 | 12    | B       |
	|          12 | 12    | C       |
	|          15 | 12    | D       |
	|           3 | 2     | A       |
	|          22 | 2     | B       |
	|           3 | 2     | C       |
	|          19 | 2     | D       |
	|           2 | 3     | A       |
	|           2 | 3     | B       |
	|           1 | 3     | C       |
	|          13 | 3     | D       |
	|           1 | 4     | A       |
	|           3 | 4     | B       |
	|           2 | 4     | C       |
	|          24 | 4     | D       |
	|          44 | 5     | A       |
	|           4 | 5     | B       |
	|           3 | 5     | C       |
	|           3 | 5     | D       |
	|          11 | 6     | A       |
	|           3 | 6     | B       |
	|          11 | 6     | C       |
	|           8 | 6     | D       |
	|          31 | 7     | A       |
	|          20 | 7     | B       |
	|           9 | 7     | C       |
	|           6 | 7     | D       |
	|           3 | 8     | A       |
	|          35 | 8     | B       |
	|          42 | 8     | C       |
	|           1 | 8     | D       |
	|          31 | 9     | A       |
	|          18 | 9     | B       |
	|           7 | 9     | C       |
	|          15 | 9     | D       |
	+-------------+-------+---------+
	48 rows in set (0.12 sec)

	mysql> SELECT MAX(maths) as max_maths, class, section
		-> FROM student_marks
		-> GROUP BY class, section
		-> ORDER BY Class, Section;
	+-----------+-------+---------+
	| max_maths | class | section |
	+-----------+-------+---------+
	|        92 | 1     | A       |
	|        94 | 1     | B       |
	|        97 | 1     | C       |
	|        62 | 1     | D       |
	|        89 | 10    | A       |
	|        65 | 10    | B       |
	|        56 | 10    | C       |
	|        40 | 10    | D       |
	|        76 | 11    | A       |
	|        87 | 11    | B       |
	|       100 | 11    | C       |
	|        79 | 11    | D       |
	|        97 | 12    | A       |
	|        94 | 12    | B       |
	|        96 | 12    | C       |
	|        89 | 12    | D       |
	|        81 | 2     | A       |
	|       100 | 2     | B       |
	|        97 | 2     | C       |
	|        72 | 2     | D       |
	|        96 | 3     | A       |
	|        64 | 3     | B       |
	|        53 | 3     | C       |
	|        87 | 3     | D       |
	|        99 | 4     | A       |
	|        81 | 4     | B       |
	|        94 | 4     | C       |
	|        97 | 4     | D       |
	|        90 | 5     | A       |
	|        87 | 5     | B       |
	|        94 | 5     | C       |
	|        98 | 5     | D       |
	|        82 | 6     | A       |
	|        34 | 6     | B       |
	|        81 | 6     | C       |
	|        91 | 6     | D       |
	|        84 | 7     | A       |
	|        71 | 7     | B       |
	|        91 | 7     | C       |
	|       100 | 7     | D       |
	|       100 | 8     | A       |
	|        84 | 8     | B       |
	|        85 | 8     | C       |
	|        95 | 8     | D       |
	|        93 | 9     | A       |
	|        91 | 9     | B       |
	|        99 | 9     | C       |
	|        93 | 9     | D       |
	+-----------+-------+---------+
	48 rows in set (0.00 sec)

	mysql> SELECT MAX(maths) FROM student_marks
		-> WHERE class = 10;
	+------------+
	| MAX(maths) |
	+------------+
	|         89 |
	+------------+
	1 row in set (0.04 sec)

	mysql> SELECT MAX(maths) FROM student_marks
		-> WHERE class = 10 and gender = 'M';
	+------------+
	| MAX(maths) |
	+------------+
	|         89 |
	+------------+
	1 row in set (0.01 sec)

	mysql> SELECT MAX(maths) FROM student_marks
		-> WHERE class = 10 and gender = 'F';
	+------------+
	| MAX(maths) |
	+------------+
	|         72 |
	+------------+
	1 row in set (0.00 sec)

	mysql> SELECT id, name, class FROM student_marks WHERE maths = (SELECT MAX(maths) as maths_marks FROM student_marks
		-> WHERE class = 10) AND class = 10;
	+-----+--------+-------+
	| id  | name   | class |
	+-----+--------+-------+
	| 228 | Edward | 10    |
	+-----+--------+-------+
	1 row in set (0.03 sec)

	mysql> SELECT id, name, class FROM student_marks WHERE maths = (SELECT MAX(maths) as maths_marks FROM student_marks
		-> WHERE class = 8) AND class = 8;
	+----+---------+-------+
	| id | name    | class |
	+----+---------+-------+
	| 74 | Madelyn | 8     |
	+----+---------+-------+
	1 row in set (0.00 sec)

	mysql> SELECT id, name, class, maths FROM student_marks WHERE maths = (SELECT MAX(maths) as second_maths FROM student_marks
		-> WHERE maths <  (SELECT MAX(maths) as maths_max FROM student_marks
		-> WHERE class = 10) AND class = 10) and Class = 10;
	+-----+--------+-------+-------+
	| id  | name   | class | maths |
	+-----+--------+-------+-------+
	| 119 | Robert | 10    |    85 |
	+-----+--------+-------+-------+
	1 row in set (0.01 sec)

	mysql> SELECT id, name, class, maths FROM student_marks WHERE maths = (SELECT MAX(maths) as second_maths FROM student_marks
		-> WHERE maths <  (SELECT MAX(maths) as maths_max FROM student_marks
		-> WHERE class = 10) AND class = 10) and Class = 10 and gender = 'F';
	Empty set (0.00 sec)

	mysql>
	mysql> SELECT id, name, class, maths FROM student_marks WHERE maths = (SELECT MAX(maths) as second_maths FROM student_marks
		-> WHERE maths <  (SELECT MAX(maths) as maths_max FROM student_marks
		-> WHERE class = 10) AND class = 10) and Class = 10 and gender = 'M';
	+-----+--------+-------+-------+
	| id  | name   | class | maths |
	+-----+--------+-------+-------+
	| 119 | Robert | 10    |    85 |
	+-----+--------+-------+-------+
	1 row in set (0.00 sec)

	mysql> SELECT MAX(maths)
		-> FROM student_marks;
	+------------+
	| MAX(maths) |
	+------------+
	|        100 |
	+------------+
	1 row in set (0.00 sec)

	mysql> SELECT Class, COUNT(*)
		-> FROM student_marks
		-> WHERE maths = (SELECT MAX(maths)
		-> FROM student_marks)
		-> GROUP BY Class;
	+-------+----------+
	| Class | COUNT(*) |
	+-------+----------+
	| 11    |        1 |
	| 8     |        1 |
	| 2     |        1 |
	| 7     |        1 |
	+-------+----------+
	4 rows in set (0.00 sec)


	SELECT MAX(maths) as maths_marks FROM student_marks 
	WHERE class = 10;

	mysql> SELECT MAX(maths) as maths_marks FROM student_marks
		-> WHERE class = 10;
	+-------------+
	| maths_marks |
	+-------------+
	|          89 |
	+-------------+
	1 row in set (0.00 sec)




	SELECT MAX(maths) as second_maths FROM student_marks 
	WHERE maths <  (SELECT MAX(maths) as maths_max FROM student_marks 
	WHERE class = 10) AND class = 10;

	mysql> SELECT MAX(maths) as second_maths FROM student_marks
		-> WHERE maths <  (SELECT MAX(maths) as maths_max FROM student_marks
		-> WHERE class = 10) AND class = 10;
	+--------------+
	| second_maths |
	+--------------+
	|           85 |
	+--------------+
	1 row in set (0.00 sec)

	SELECT id, name, class, maths FROM student_marks WHERE maths = (SELECT MAX(maths) as second_maths FROM student_marks 
	WHERE maths <  (SELECT MAX(maths) as maths_max FROM student_marks 
	WHERE class = 10) AND class = 10) and Class = 10;

	mysql> SELECT id, name, class, maths FROM student_marks WHERE maths = (SELECT MAX(maths) as second_maths FROM student_marks
		-> WHERE maths <  (SELECT MAX(maths) as maths_max FROM student_marks
		-> WHERE class = 10) AND class = 10) and Class = 10;
	+-----+--------+-------+-------+
	| id  | name   | class | maths |
	+-----+--------+-------+-------+
	| 119 | Robert | 10    |    85 |
	+-----+--------+-------+-------+
	1 row in set (0.00 sec)

	SELECT id, name, class, maths FROM student_marks WHERE maths = (SELECT MAX(maths) as second_maths FROM student_marks 
	WHERE maths <  (SELECT MAX(maths) as maths_max FROM student_marks 
	WHERE class = 10) AND class = 10) and Class = 10;

	mysql> SELECT id, name, class, maths FROM student_marks WHERE maths = (SELECT MAX(maths) as second_maths FROM student_marks
		-> WHERE maths <  (SELECT MAX(maths) as maths_max FROM student_marks
		-> WHERE class = 10) AND class = 10) and Class = 10;
	+-----+--------+-------+-------+
	| id  | name   | class | maths |
	+-----+--------+-------+-------+
	| 119 | Robert | 10    |    85 |
	+-----+--------+-------+-------+
	1 row in set (0.00 sec)

	SELECT MAX(maths) as Third_maths FROM student_marks 
	WHERE maths <  (SELECT MAX(maths) as Second_max FROM student_marks 
	WHERE maths < (SELECT MAX(maths) as maths_max FROM student_marks 
	WHERE class = 10) AND class = 10) AND class = 10;

	mysql> SELECT MAX(maths) as Third_maths FROM student_marks
		-> WHERE maths <  (SELECT MAX(maths) as Second_max FROM student_marks
		-> WHERE maths < (SELECT MAX(maths) as maths_max FROM student_marks
		-> WHERE class = 10) AND class = 10) AND class = 10;
	+-------------+
	| Third_maths |
	+-------------+
	|          81 |
	+-------------+
	1 row in set (0.01 sec)

	select id, name,class, maths from student_marks where maths = (SELECT MAX(maths) as Third_maths FROM student_marks 
	WHERE maths <  (SELECT MAX(maths) as Second_max FROM student_marks 
	WHERE maths < (SELECT MAX(maths) as maths_max FROM student_marks 
	WHERE class = 10) AND class = 10) AND class = 10) and class = 10;

	mysql> select id, name,class, maths from student_marks where maths = (SELECT MAX(maths) as Third_maths FROM student_marks
		-> WHERE maths <  (SELECT MAX(maths) as Second_max FROM student_marks
		-> WHERE maths < (SELECT MAX(maths) as maths_max FROM student_marks
		-> WHERE class = 10) AND class = 10) AND class = 10) and class = 10;
	+----+---------+-------+-------+
	| id | name    | class | maths |
	+----+---------+-------+-------+
	| 99 | Bennett | 10    |    81 |
	+----+---------+-------+-------+
	1 row in set (0.00 sec)

	select Max(maths) as Fourth_max from student_marks where maths < (SELECT MAX(maths) as Third_maths FROM student_marks 
	WHERE maths <  (SELECT MAX(maths) as Second_max FROM student_marks 
	WHERE maths < (SELECT MAX(maths) as maths_max FROM student_marks 
	WHERE class = 10) AND class = 10) AND class = 10) and class = 10;

	mysql> select Max(maths) as Fourth_max from student_marks where maths < (SELECT MAX(maths) as Third_maths FROM student_marks
		-> WHERE maths <  (SELECT MAX(maths) as Second_max FROM student_marks
		-> WHERE maths < (SELECT MAX(maths) as maths_max FROM student_marks
		-> WHERE class = 10) AND class = 10) AND class = 10) and class = 10;
	+------------+
	| Fourth_max |
	+------------+
	|         72 |
	+------------+
	1 row in set (0.00 sec)

	select id, name,class, maths from student_marks where maths = (select Max(maths) as Fourth_max from student_marks 
	where maths < (SELECT MAX(maths) as Third_maths FROM student_marks 
	WHERE maths <  (SELECT MAX(maths) as Second_max FROM student_marks 
	WHERE maths < (SELECT MAX(maths) as maths_max FROM student_marks 
	WHERE class = 10) AND class = 10) AND class = 10) and class = 10) and class = 10;

	mysql> select id, name,class, maths from student_marks where maths = (select Max(maths) as Fourth_max from student_marks
		-> where maths < (SELECT MAX(maths) as Third_maths FROM student_marks
		-> WHERE maths <  (SELECT MAX(maths) as Second_max FROM student_marks
		-> WHERE maths < (SELECT MAX(maths) as maths_max FROM student_marks
		-> WHERE class = 10) AND class = 10) AND class = 10) and class = 10) and class = 10;
	+-----+---------+-------+-------+
	| id  | name    | class | maths |
	+-----+---------+-------+-------+
	| 251 | Octavia | 10    |    72 |
	+-----+---------+-------+-------+
	1 row in set (0.00 sec)

	select Max(maths) as Fifth_marks from student_marks where maths < (select Max(maths) as Fourth_max from student_marks 
	where maths < (SELECT MAX(maths) as Third_maths FROM student_marks 
	WHERE maths <  (SELECT MAX(maths) as Second_max FROM student_marks 
	WHERE maths < (SELECT MAX(maths) as maths_max FROM student_marks 
	WHERE class = 10) AND class = 10) AND class = 10) and class = 10) and class = 10;

	mysql> select Max(maths) as Fifth_marks from student_marks where maths < (select Max(maths) as Fourth_max from student_marks
		-> where maths < (SELECT MAX(maths) as Third_maths FROM student_marks
		-> WHERE maths <  (SELECT MAX(maths) as Second_max FROM student_marks
		-> WHERE maths < (SELECT MAX(maths) as maths_max FROM student_marks
		-> WHERE class = 10) AND class = 10) AND class = 10) and class = 10) and class = 10;
	+-------------+
	| Fifth_marks |
	+-------------+
	|          65 |
	+-------------+
	1 row in set (0.00 sec)

	select id, name,class, maths from student_marks where maths = (select Max(maths) as Fifth_marks from student_marks
	where maths < (select Max(maths) as Fourth_max from student_marks 
	where maths < (SELECT MAX(maths) as Third_maths FROM student_marks 
	WHERE maths <  (SELECT MAX(maths) as Second_max FROM student_marks 
	WHERE maths < (SELECT MAX(maths) as maths_max FROM student_marks 
	WHERE class = 10) AND class = 10) AND class = 10) and class = 10) and class = 10) and class = 10;

	mysql> select id, name,class, maths from student_marks where maths = (select Max(maths) as Fifth_marks from student_marks
		-> where maths < (select Max(maths) as Fourth_max from student_marks
		-> where maths < (SELECT MAX(maths) as Third_maths FROM student_marks
		-> WHERE maths <  (SELECT MAX(maths) as Second_max FROM student_marks
		-> WHERE maths < (SELECT MAX(maths) as maths_max FROM student_marks
		-> WHERE class = 10) AND class = 10) AND class = 10) and class = 10) and class = 10) and class = 10;
	+-----+-------+-------+-------+
	| id  | name  | class | maths |
	+-----+-------+-------+-------+
	| 298 | Cohen | 10    |    65 |
	+-----+-------+-------+-------+
	1 row in set (0.00 sec)

select id, name, class, section, gender, maths from student_marks 
where maths = (SELECT MAX(maths) as maths_marks FROM student_marks);

mysql> select id, name, class, section, gender, maths from student_marks
    -> where maths = (SELECT MAX(maths) as maths_marks FROM student_marks);
+-----+----------+-------+---------+--------+-------+
| id  | name     | class | section | gender | maths |
+-----+----------+-------+---------+--------+-------+
|  69 | Santiago | 11    | C       | M      |   100 |
|  74 | Madelyn  | 8     | A       | F      |   100 |
| 163 | Atlas    | 2     | B       | M      |   100 |
| 199 | Journee  | 7     | D       | F      |   100 |
+-----+----------+-------+---------+--------+-------+
4 rows in set (0.00 sec)

select MAX(maths) , class, section,name from student_marks group by class, section order by class, section;

mysql> select MAX(maths) , class, section from student_marks group by class, section order by class, section;
+------------+-------+---------+
| MAX(maths) | class | section |
+------------+-------+---------+
|         92 | 1     | A       |
|         94 | 1     | B       |
|         97 | 1     | C       |
|         62 | 1     | D       |
|         89 | 10    | A       |
|         65 | 10    | B       |
|         56 | 10    | C       |
|         40 | 10    | D       |
|         76 | 11    | A       |
|         87 | 11    | B       |
|        100 | 11    | C       |
|         79 | 11    | D       |
|         97 | 12    | A       |
|         94 | 12    | B       |
|         96 | 12    | C       |
|         89 | 12    | D       |
|         81 | 2     | A       |
|        100 | 2     | B       |
|         97 | 2     | C       |
|         72 | 2     | D       |
|         96 | 3     | A       |
|         64 | 3     | B       |
|         53 | 3     | C       |
|         87 | 3     | D       |
|         99 | 4     | A       |
|         81 | 4     | B       |
|         94 | 4     | C       |
|         97 | 4     | D       |
|         90 | 5     | A       |
|         87 | 5     | B       |
|         94 | 5     | C       |
|         98 | 5     | D       |
|         82 | 6     | A       |
|         34 | 6     | B       |
|         81 | 6     | C       |
|         91 | 6     | D       |
|         84 | 7     | A       |
|         71 | 7     | B       |
|         91 | 7     | C       |
|        100 | 7     | D       |
|        100 | 8     | A       |
|         84 | 8     | B       |
|         85 | 8     | C       |
|         95 | 8     | D       |
|         93 | 9     | A       |
|         91 | 9     | B       |
|         99 | 9     | C       |
|         93 | 9     | D       |
+------------+-------+---------+
48 rows in set (0.01 sec)